<?xml version="1.0"?>
<link_info>
   <banner>TMS320C2000 Linker PC v17.6.0.STS</banner>
   <copyright>Copyright (c) 1996-2017 Texas Instruments Incorporated</copyright>
   <link_time>0x5bbe3a43</link_time>
   <link_errors>0x0</link_errors>
   <output_file>SE420_NonColocalBeam.out</output_file>
   <entry_point>
      <name>_c_int00</name>
      <address>0x8bb8f</address>
   </entry_point>
   <input_file_list>
      <input_file id="fl-2">
         <path>.\</path>
         <kind>object</kind>
         <file>F2837xS_Adc.obj</file>
         <name>F2837xS_Adc.obj</name>
      </input_file>
      <input_file id="fl-3">
         <path>.\</path>
         <kind>object</kind>
         <file>F2837xS_CodeStartBranch.obj</file>
         <name>F2837xS_CodeStartBranch.obj</name>
      </input_file>
      <input_file id="fl-4">
         <path>.\</path>
         <kind>object</kind>
         <file>F2837xS_EPwm.obj</file>
         <name>F2837xS_EPwm.obj</name>
      </input_file>
      <input_file id="fl-5">
         <path>.\</path>
         <kind>object</kind>
         <file>F2837xS_GlobalVariableDefs.obj</file>
         <name>F2837xS_GlobalVariableDefs.obj</name>
      </input_file>
      <input_file id="fl-6">
         <path>.\</path>
         <kind>object</kind>
         <file>F2837xS_Gpio.obj</file>
         <name>F2837xS_Gpio.obj</name>
      </input_file>
      <input_file id="fl-7">
         <path>.\</path>
         <kind>object</kind>
         <file>F2837xS_Spi.obj</file>
         <name>F2837xS_Spi.obj</name>
      </input_file>
      <input_file id="fl-8">
         <path>.\</path>
         <kind>object</kind>
         <file>F2837xS_SysCtrl.obj</file>
         <name>F2837xS_SysCtrl.obj</name>
      </input_file>
      <input_file id="fl-9">
         <path>.\</path>
         <kind>object</kind>
         <file>F2837xS_usDelay.obj</file>
         <name>F2837xS_usDelay.obj</name>
      </input_file>
      <input_file id="fl-a">
         <path>.\</path>
         <kind>object</kind>
         <file>f28377sADC.obj</file>
         <name>f28377sADC.obj</name>
      </input_file>
      <input_file id="fl-b">
         <path>.\</path>
         <kind>object</kind>
         <file>f28377sCoecsl.obj</file>
         <name>f28377sCoecsl.obj</name>
      </input_file>
      <input_file id="fl-c">
         <path>.\</path>
         <kind>object</kind>
         <file>f28377sDAC.obj</file>
         <name>f28377sDAC.obj</name>
      </input_file>
      <input_file id="fl-d">
         <path>.\</path>
         <kind>object</kind>
         <file>f28377sEPWM3A.obj</file>
         <name>f28377sEPWM3A.obj</name>
      </input_file>
      <input_file id="fl-e">
         <path>.\</path>
         <kind>object</kind>
         <file>f28377sEPWM6A.obj</file>
         <name>f28377sEPWM6A.obj</name>
      </input_file>
      <input_file id="fl-f">
         <path>.\</path>
         <kind>object</kind>
         <file>f28377sEPWM8A.obj</file>
         <name>f28377sEPWM8A.obj</name>
      </input_file>
      <input_file id="fl-10">
         <path>.\</path>
         <kind>object</kind>
         <file>f28377sEqep.obj</file>
         <name>f28377sEqep.obj</name>
      </input_file>
      <input_file id="fl-11">
         <path>.\</path>
         <kind>object</kind>
         <file>f28377sSerial.obj</file>
         <name>f28377sSerial.obj</name>
      </input_file>
      <input_file id="fl-12">
         <path>.\</path>
         <kind>object</kind>
         <file>lcd.obj</file>
         <name>lcd.obj</name>
      </input_file>
      <input_file id="fl-13">
         <path>.\</path>
         <kind>object</kind>
         <file>user_SE420_NonColocalBeam.obj</file>
         <name>user_SE420_NonColocalBeam.obj</name>
      </input_file>
      <input_file id="fl-15">
         <path>C:\ayush2\repo\trunk\SE420_NonColocalBeam\SE420_NonColocalBeamProject\Debug\configPkg\package\cfg\</path>
         <kind>object</kind>
         <file>SE420_NonColocalBeam_p28FP.o28FP</file>
         <name>SE420_NonColocalBeam_p28FP.o28FP</name>
      </input_file>
      <input_file id="fl-20">
         <kind>object</kind>
         <file>&lt;internal&gt;</file>
         <name>&lt;internal&gt;</name>
      </input_file>
      <input_file id="fl-21">
         <path>C:\ayush2\repo\trunk\SE420_NonColocalBeam\src\sysbios\</path>
         <kind>archive</kind>
         <file>sysbios.a28FP</file>
         <name>BIOS.obj</name>
      </input_file>
      <input_file id="fl-22">
         <path>C:\ayush2\repo\trunk\SE420_NonColocalBeam\src\sysbios\</path>
         <kind>archive</kind>
         <file>sysbios.a28FP</file>
         <name>c28_Hwi_asm.obj</name>
      </input_file>
      <input_file id="fl-23">
         <path>C:\ayush2\repo\trunk\SE420_NonColocalBeam\src\sysbios\</path>
         <kind>archive</kind>
         <file>sysbios.a28FP</file>
         <name>c28_Hwi_disp_asm.obj</name>
      </input_file>
      <input_file id="fl-24">
         <path>C:\ayush2\repo\trunk\SE420_NonColocalBeam\src\sysbios\</path>
         <kind>archive</kind>
         <file>sysbios.a28FP</file>
         <name>c28_IntrinsicsSupport_asm.obj</name>
      </input_file>
      <input_file id="fl-25">
         <path>C:\ayush2\repo\trunk\SE420_NonColocalBeam\src\sysbios\</path>
         <kind>archive</kind>
         <file>sysbios.a28FP</file>
         <name>c28_TaskSupport_asm.obj</name>
      </input_file>
      <input_file id="fl-26">
         <path>C:\CCStudio_v8\tirtos_c2000_2_16_01_14\products\bios_6_45_02_31\packages\ti\targets\rts2800\lib\</path>
         <kind>archive</kind>
         <file>ti.targets.rts2800.a28FP</file>
         <name>Assert.o28FP</name>
      </input_file>
      <input_file id="fl-27">
         <path>C:\CCStudio_v8\tirtos_c2000_2_16_01_14\products\bios_6_45_02_31\packages\ti\targets\rts2800\lib\</path>
         <kind>archive</kind>
         <file>ti.targets.rts2800.a28FP</file>
         <name>Core-mem.o28FP</name>
      </input_file>
      <input_file id="fl-28">
         <path>C:\CCStudio_v8\tirtos_c2000_2_16_01_14\products\bios_6_45_02_31\packages\ti\targets\rts2800\lib\</path>
         <kind>archive</kind>
         <file>ti.targets.rts2800.a28FP</file>
         <name>Core-smem.o28FP</name>
      </input_file>
      <input_file id="fl-29">
         <path>C:\CCStudio_v8\tirtos_c2000_2_16_01_14\products\bios_6_45_02_31\packages\ti\targets\rts2800\lib\</path>
         <kind>archive</kind>
         <file>ti.targets.rts2800.a28FP</file>
         <name>Core-label.o28FP</name>
      </input_file>
      <input_file id="fl-2a">
         <path>C:\CCStudio_v8\tirtos_c2000_2_16_01_14\products\bios_6_45_02_31\packages\ti\targets\rts2800\lib\</path>
         <kind>archive</kind>
         <file>ti.targets.rts2800.a28FP</file>
         <name>Core-params.o28FP</name>
      </input_file>
      <input_file id="fl-2b">
         <path>C:\CCStudio_v8\tirtos_c2000_2_16_01_14\products\bios_6_45_02_31\packages\ti\targets\rts2800\lib\</path>
         <kind>archive</kind>
         <file>ti.targets.rts2800.a28FP</file>
         <name>Error.o28FP</name>
      </input_file>
      <input_file id="fl-2c">
         <path>C:\CCStudio_v8\tirtos_c2000_2_16_01_14\products\bios_6_45_02_31\packages\ti\targets\rts2800\lib\</path>
         <kind>archive</kind>
         <file>ti.targets.rts2800.a28FP</file>
         <name>Gate.o28FP</name>
      </input_file>
      <input_file id="fl-2d">
         <path>C:\CCStudio_v8\tirtos_c2000_2_16_01_14\products\bios_6_45_02_31\packages\ti\targets\rts2800\lib\</path>
         <kind>archive</kind>
         <file>ti.targets.rts2800.a28FP</file>
         <name>LoggerBuf.o28FP</name>
      </input_file>
      <input_file id="fl-2e">
         <path>C:\CCStudio_v8\tirtos_c2000_2_16_01_14\products\bios_6_45_02_31\packages\ti\targets\rts2800\lib\</path>
         <kind>archive</kind>
         <file>ti.targets.rts2800.a28FP</file>
         <name>Memory.o28FP</name>
      </input_file>
      <input_file id="fl-2f">
         <path>C:\CCStudio_v8\tirtos_c2000_2_16_01_14\products\bios_6_45_02_31\packages\ti\targets\rts2800\lib\</path>
         <kind>archive</kind>
         <file>ti.targets.rts2800.a28FP</file>
         <name>Startup.o28FP</name>
      </input_file>
      <input_file id="fl-30">
         <path>C:\CCStudio_v8\tirtos_c2000_2_16_01_14\products\bios_6_45_02_31\packages\ti\targets\rts2800\lib\</path>
         <kind>archive</kind>
         <file>ti.targets.rts2800.a28FP</file>
         <name>System.o28FP</name>
      </input_file>
      <input_file id="fl-31">
         <path>C:\CCStudio_v8\tirtos_c2000_2_16_01_14\products\bios_6_45_02_31\packages\ti\targets\rts2800\lib\</path>
         <kind>archive</kind>
         <file>ti.targets.rts2800.a28FP</file>
         <name>SysMin.o28FP</name>
      </input_file>
      <input_file id="fl-32">
         <path>C:\CCStudio_v8\tirtos_c2000_2_16_01_14\products\bios_6_45_02_31\packages\ti\targets\rts2800\lib\</path>
         <kind>archive</kind>
         <file>ti.targets.rts2800.a28FP</file>
         <name>Text.o28FP</name>
      </input_file>
      <input_file id="fl-33">
         <path>C:\CCStudio_v8\tirtos_c2000_2_16_01_14\products\bios_6_45_02_31\packages\ti\targets\rts2800\lib\</path>
         <kind>archive</kind>
         <file>ti.targets.rts2800.a28FP</file>
         <name>xdc_noinit.o28FP</name>
      </input_file>
      <input_file id="fl-34">
         <path>C:\CCStudio_v8\tirtos_c2000_2_16_01_14\products\bios_6_45_02_31\packages\ti\targets\rts2800\lib\</path>
         <kind>archive</kind>
         <file>ti.targets.rts2800.a28FP</file>
         <name>Log.o28FP</name>
      </input_file>
      <input_file id="fl-35">
         <path>C:\CCStudio_v8\tirtos_c2000_2_16_01_14\products\bios_6_45_02_31\packages\ti\targets\rts2800\lib\</path>
         <kind>archive</kind>
         <file>ti.targets.rts2800.a28FP</file>
         <name>Registry.o28FP</name>
      </input_file>
      <input_file id="fl-36">
         <path>C:\CCStudio_v8\tirtos_c2000_2_16_01_14\products\bios_6_45_02_31\packages\ti\targets\rts2800\lib\</path>
         <kind>archive</kind>
         <file>boot.a28FP</file>
         <name>boot_cg.o28FP</name>
      </input_file>
      <input_file id="fl-37">
         <path>C:\CCStudio_v8\tirtos_c2000_2_16_01_14\products\bios_6_45_02_31\packages\ti\catalog\c2800\initF2837x\lib\</path>
         <kind>archive</kind>
         <file>Boot.a28FP</file>
         <name>Boot.o28FP</name>
      </input_file>
      <input_file id="fl-43">
         <path>C:\CCStudio_v8\ccsv8\tools\compiler\ti-cgt-c2000_17.6.0.STS\lib\</path>
         <kind>archive</kind>
         <file>rts2800_fpu32.lib</file>
         <name>fs_div28.obj</name>
      </input_file>
      <input_file id="fl-44">
         <path>C:\CCStudio_v8\ccsv8\tools\compiler\ti-cgt-c2000_17.6.0.STS\lib\</path>
         <kind>archive</kind>
         <file>rts2800_fpu32.lib</file>
         <name>ll_div28.obj</name>
      </input_file>
      <input_file id="fl-45">
         <path>C:\CCStudio_v8\ccsv8\tools\compiler\ti-cgt-c2000_17.6.0.STS\lib\</path>
         <kind>archive</kind>
         <file>rts2800_fpu32.lib</file>
         <name>i_div28.obj</name>
      </input_file>
      <input_file id="fl-46">
         <path>C:\CCStudio_v8\ccsv8\tools\compiler\ti-cgt-c2000_17.6.0.STS\lib\</path>
         <kind>archive</kind>
         <file>rts2800_fpu32.lib</file>
         <name>u_div28.obj</name>
      </input_file>
      <input_file id="fl-47">
         <path>C:\CCStudio_v8\ccsv8\tools\compiler\ti-cgt-c2000_17.6.0.STS\lib\</path>
         <kind>archive</kind>
         <file>rts2800_fpu32.lib</file>
         <name>l_div28.obj</name>
      </input_file>
      <input_file id="fl-48">
         <path>C:\CCStudio_v8\ccsv8\tools\compiler\ti-cgt-c2000_17.6.0.STS\lib\</path>
         <kind>archive</kind>
         <file>rts2800_fpu32.lib</file>
         <name>cpy_tbl.obj</name>
      </input_file>
      <input_file id="fl-49">
         <path>C:\CCStudio_v8\ccsv8\tools\compiler\ti-cgt-c2000_17.6.0.STS\lib\</path>
         <kind>archive</kind>
         <file>rts2800_fpu32.lib</file>
         <name>memcpy.obj</name>
      </input_file>
      <input_file id="fl-4a">
         <path>C:\CCStudio_v8\ccsv8\tools\compiler\ti-cgt-c2000_17.6.0.STS\lib\</path>
         <kind>archive</kind>
         <file>rts2800_fpu32.lib</file>
         <name>exit.obj</name>
      </input_file>
      <input_file id="fl-4b">
         <path>C:\CCStudio_v8\ccsv8\tools\compiler\ti-cgt-c2000_17.6.0.STS\lib\</path>
         <kind>archive</kind>
         <file>rts2800_fpu32.lib</file>
         <name>_lock.obj</name>
      </input_file>
      <input_file id="fl-4c">
         <path>C:\CCStudio_v8\ccsv8\tools\compiler\ti-cgt-c2000_17.6.0.STS\lib\</path>
         <kind>archive</kind>
         <file>rts2800_fpu32.lib</file>
         <name>args_main.obj</name>
      </input_file>
      <input_file id="fl-4d">
         <path>C:\CCStudio_v8\ccsv8\tools\compiler\ti-cgt-c2000_17.6.0.STS\lib\</path>
         <kind>archive</kind>
         <file>rts2800_fpu32.lib</file>
         <name>memset.obj</name>
      </input_file>
      <input_file id="fl-4e">
         <path>C:\CCStudio_v8\ccsv8\tools\compiler\ti-cgt-c2000_17.6.0.STS\lib\</path>
         <kind>archive</kind>
         <file>rts2800_fpu32.lib</file>
         <name>strcmp.obj</name>
      </input_file>
      <input_file id="fl-4f">
         <path>C:\CCStudio_v8\ccsv8\tools\compiler\ti-cgt-c2000_17.6.0.STS\lib\</path>
         <kind>archive</kind>
         <file>rts2800_fpu32.lib</file>
         <name>strlen.obj</name>
      </input_file>
      <input_file id="fl-50">
         <path>C:\CCStudio_v8\ccsv8\tools\compiler\ti-cgt-c2000_17.6.0.STS\lib\</path>
         <kind>archive</kind>
         <file>rts2800_fpu32.lib</file>
         <name>hostwrite.obj</name>
      </input_file>
      <input_file id="fl-51">
         <path>C:\CCStudio_v8\ccsv8\tools\compiler\ti-cgt-c2000_17.6.0.STS\lib\</path>
         <kind>archive</kind>
         <file>rts2800_fpu32.lib</file>
         <name>trgmsg.obj</name>
      </input_file>
      <input_file id="fl-52">
         <path>C:\CCStudio_v8\ccsv8\tools\compiler\ti-cgt-c2000_17.6.0.STS\lib\</path>
         <kind>archive</kind>
         <file>rts2800_fpu32.lib</file>
         <name>vsprintf.obj</name>
      </input_file>
      <input_file id="fl-53">
         <path>C:\CCStudio_v8\ccsv8\tools\compiler\ti-cgt-c2000_17.6.0.STS\lib\</path>
         <kind>archive</kind>
         <file>rts2800_fpu32.lib</file>
         <name>_printfi.obj</name>
      </input_file>
      <input_file id="fl-54">
         <path>C:\CCStudio_v8\ccsv8\tools\compiler\ti-cgt-c2000_17.6.0.STS\lib\</path>
         <kind>archive</kind>
         <file>rts2800_fpu32.lib</file>
         <name>atoi.obj</name>
      </input_file>
      <input_file id="fl-55">
         <path>C:\CCStudio_v8\ccsv8\tools\compiler\ti-cgt-c2000_17.6.0.STS\lib\</path>
         <kind>archive</kind>
         <file>rts2800_fpu32.lib</file>
         <name>ctype.obj</name>
      </input_file>
      <input_file id="fl-56">
         <path>C:\CCStudio_v8\ccsv8\tools\compiler\ti-cgt-c2000_17.6.0.STS\lib\</path>
         <kind>archive</kind>
         <file>rts2800_fpu32.lib</file>
         <name>ltoa.obj</name>
      </input_file>
      <input_file id="fl-57">
         <path>C:\CCStudio_v8\ccsv8\tools\compiler\ti-cgt-c2000_17.6.0.STS\lib\</path>
         <kind>archive</kind>
         <file>rts2800_fpu32.lib</file>
         <name>memccpy.obj</name>
      </input_file>
      <input_file id="fl-58">
         <path>C:\CCStudio_v8\ccsv8\tools\compiler\ti-cgt-c2000_17.6.0.STS\lib\</path>
         <kind>archive</kind>
         <file>rts2800_fpu32.lib</file>
         <name>strchr.obj</name>
      </input_file>
      <input_file id="fl-59">
         <path>C:\CCStudio_v8\ccsv8\tools\compiler\ti-cgt-c2000_17.6.0.STS\lib\</path>
         <kind>archive</kind>
         <file>rts2800_fpu32.lib</file>
         <name>strcpy.obj</name>
      </input_file>
      <input_file id="fl-5a">
         <path>C:\CCStudio_v8\ccsv8\tools\compiler\ti-cgt-c2000_17.6.0.STS\lib\</path>
         <kind>archive</kind>
         <file>rts2800_fpu32.lib</file>
         <name>hostopen.obj</name>
      </input_file>
      <input_file id="fl-5b">
         <path>C:\CCStudio_v8\ccsv8\tools\compiler\ti-cgt-c2000_17.6.0.STS\lib\</path>
         <kind>archive</kind>
         <file>rts2800_fpu32.lib</file>
         <name>s_frexp.obj</name>
      </input_file>
      <input_file id="fl-5c">
         <path>C:\CCStudio_v8\ccsv8\tools\compiler\ti-cgt-c2000_17.6.0.STS\lib\</path>
         <kind>archive</kind>
         <file>rts2800_fpu32.lib</file>
         <name>s_scalbn.obj</name>
      </input_file>
      <input_file id="fl-5d">
         <path>C:\CCStudio_v8\ccsv8\tools\compiler\ti-cgt-c2000_17.6.0.STS\lib\</path>
         <kind>archive</kind>
         <file>rts2800_fpu32.lib</file>
         <name>fd_add28.obj</name>
      </input_file>
      <input_file id="fl-5e">
         <path>C:\CCStudio_v8\ccsv8\tools\compiler\ti-cgt-c2000_17.6.0.STS\lib\</path>
         <kind>archive</kind>
         <file>rts2800_fpu32.lib</file>
         <name>fd_cmp28.obj</name>
      </input_file>
      <input_file id="fl-5f">
         <path>C:\CCStudio_v8\ccsv8\tools\compiler\ti-cgt-c2000_17.6.0.STS\lib\</path>
         <kind>archive</kind>
         <file>rts2800_fpu32.lib</file>
         <name>fd_div28.obj</name>
      </input_file>
      <input_file id="fl-60">
         <path>C:\CCStudio_v8\ccsv8\tools\compiler\ti-cgt-c2000_17.6.0.STS\lib\</path>
         <kind>archive</kind>
         <file>rts2800_fpu32.lib</file>
         <name>fd_mpy28.obj</name>
      </input_file>
      <input_file id="fl-61">
         <path>C:\CCStudio_v8\ccsv8\tools\compiler\ti-cgt-c2000_17.6.0.STS\lib\</path>
         <kind>archive</kind>
         <file>rts2800_fpu32.lib</file>
         <name>fd_neg28.obj</name>
      </input_file>
      <input_file id="fl-62">
         <path>C:\CCStudio_v8\ccsv8\tools\compiler\ti-cgt-c2000_17.6.0.STS\lib\</path>
         <kind>archive</kind>
         <file>rts2800_fpu32.lib</file>
         <name>fd_sub28.obj</name>
      </input_file>
      <input_file id="fl-63">
         <path>C:\CCStudio_v8\ccsv8\tools\compiler\ti-cgt-c2000_17.6.0.STS\lib\</path>
         <kind>archive</kind>
         <file>rts2800_fpu32.lib</file>
         <name>fd_toi28.obj</name>
      </input_file>
      <input_file id="fl-64">
         <path>C:\CCStudio_v8\ccsv8\tools\compiler\ti-cgt-c2000_17.6.0.STS\lib\</path>
         <kind>archive</kind>
         <file>rts2800_fpu32.lib</file>
         <name>fd_tol28.obj</name>
      </input_file>
      <input_file id="fl-65">
         <path>C:\CCStudio_v8\ccsv8\tools\compiler\ti-cgt-c2000_17.6.0.STS\lib\</path>
         <kind>archive</kind>
         <file>rts2800_fpu32.lib</file>
         <name>ll_aox28.obj</name>
      </input_file>
      <input_file id="fl-66">
         <path>C:\CCStudio_v8\ccsv8\tools\compiler\ti-cgt-c2000_17.6.0.STS\lib\</path>
         <kind>archive</kind>
         <file>rts2800_fpu32.lib</file>
         <name>ll_cmp28.obj</name>
      </input_file>
      <input_file id="fl-67">
         <path>C:\CCStudio_v8\ccsv8\tools\compiler\ti-cgt-c2000_17.6.0.STS\lib\</path>
         <kind>archive</kind>
         <file>rts2800_fpu32.lib</file>
         <name>i_tofd28.obj</name>
      </input_file>
      <input_file id="fl-68">
         <path>C:\CCStudio_v8\ccsv8\tools\compiler\ti-cgt-c2000_17.6.0.STS\lib\</path>
         <kind>archive</kind>
         <file>rts2800_fpu32.lib</file>
         <name>l_tofd28.obj</name>
      </input_file>
      <input_file id="fl-69">
         <path>C:\CCStudio_v8\ccsv8\tools\compiler\ti-cgt-c2000_17.6.0.STS\lib\</path>
         <kind>archive</kind>
         <file>rts2800_fpu32.lib</file>
         <name>fs_tofdfpu32.obj</name>
      </input_file>
      <input_file id="fl-6a">
         <path>C:\CCStudio_v8\ccsv8\tools\compiler\ti-cgt-c2000_17.6.0.STS\lib\</path>
         <kind>archive</kind>
         <file>rts2800_fpu32.lib</file>
         <name>errno.obj</name>
      </input_file>
      <input_file id="fl-6b">
         <path>C:\CCStudio_v8\ccsv8\tools\compiler\ti-cgt-c2000_17.6.0.STS\lib\</path>
         <kind>archive</kind>
         <file>rts2800_fpu32.lib</file>
         <name>s_copysign.obj</name>
      </input_file>
   </input_file_list>
   <object_component_list>
      <object_component id="oc-3b3">
         <name>.text:ti_catalog_c2800_initF2837x_flashfuncs:_ti_catalog_c2800_initF2837x_Boot_initFlash</name>
         <load_address>0x801be</load_address>
         <run_address>0xb000</run_address>
         <size>0x27</size>
         <input_file_ref idref="fl-37"/>
      </object_component>
      <object_component id="oc-145">
         <name>xdc.meta</name>
         <load_address>0x0</load_address>
         <run_address>0x0</run_address>
         <size>0x10f</size>
         <input_file_ref idref="fl-15"/>
      </object_component>
      <object_component id="oc-142">
         <name>.cinit</name>
         <load_address>0x801e5</load_address>
         <run_address>0x801e5</run_address>
         <size>0x4a9</size>
         <input_file_ref idref="fl-15"/>
      </object_component>
      <object_component id="oc-139">
         <name>.cinit</name>
         <load_address>0x8068e</load_address>
         <run_address>0x8068e</run_address>
         <size>0x109</size>
         <input_file_ref idref="fl-13"/>
      </object_component>
      <object_component id="oc-1e6">
         <name>.cinit</name>
         <load_address>0x80797</load_address>
         <run_address>0x80797</run_address>
         <size>0xe</size>
         <input_file_ref idref="fl-4a"/>
      </object_component>
      <object_component id="oc-32c">
         <name>.cinit:__lock</name>
         <load_address>0x807a5</load_address>
         <run_address>0x807a5</run_address>
         <size>0x5</size>
         <input_file_ref idref="fl-4b"/>
      </object_component>
      <object_component id="oc-32d">
         <name>.cinit:__unlock</name>
         <load_address>0x807aa</load_address>
         <run_address>0x807aa</run_address>
         <size>0x5</size>
         <input_file_ref idref="fl-4b"/>
      </object_component>
      <object_component id="oc-28b">
         <name>.cinit</name>
         <load_address>0x807af</load_address>
         <run_address>0x807af</run_address>
         <size>0x4</size>
         <input_file_ref idref="fl-6a"/>
      </object_component>
      <object_component id="oc-471">
         <name>.binit</name>
         <load_address>0x807d4</load_address>
         <run_address>0x807d4</run_address>
         <size>0xa</size>
      </object_component>
      <object_component id="oc-36c">
         <name>.text</name>
         <load_address>0x88000</load_address>
         <run_address>0x88000</run_address>
         <size>0xc16</size>
         <input_file_ref idref="fl-53"/>
      </object_component>
      <object_component id="oc-29d">
         <name>.text</name>
         <load_address>0x88c16</load_address>
         <run_address>0x88c16</run_address>
         <size>0x606</size>
         <input_file_ref idref="fl-13"/>
      </object_component>
      <object_component id="oc-2c5">
         <name>.text</name>
         <load_address>0x8921c</load_address>
         <run_address>0x8921c</run_address>
         <size>0x2af</size>
         <input_file_ref idref="fl-11"/>
      </object_component>
      <object_component id="oc-2c1">
         <name>.text</name>
         <load_address>0x894cb</load_address>
         <run_address>0x894cb</run_address>
         <size>0x299</size>
         <input_file_ref idref="fl-8"/>
      </object_component>
      <object_component id="oc-44d">
         <name>.text:_xdc_runtime_System_doPrint__I</name>
         <load_address>0x89764</load_address>
         <run_address>0x89764</run_address>
         <size>0x252</size>
         <input_file_ref idref="fl-30"/>
      </object_component>
      <object_component id="oc-2c2">
         <name>.text</name>
         <load_address>0x899b6</load_address>
         <run_address>0x899b6</run_address>
         <size>0x244</size>
         <input_file_ref idref="fl-6"/>
      </object_component>
      <object_component id="oc-348">
         <name>.text:_ti_sysbios_knl_Semaphore_pend__E</name>
         <load_address>0x89bfa</load_address>
         <run_address>0x89bfa</run_address>
         <size>0x1da</size>
         <input_file_ref idref="fl-21"/>
      </object_component>
      <object_component id="oc-2b9">
         <name>.text:_ti_sysbios_heaps_HeapMem_free__E</name>
         <load_address>0x89dd4</load_address>
         <run_address>0x89dd4</run_address>
         <size>0x1ba</size>
         <input_file_ref idref="fl-21"/>
      </object_component>
      <object_component id="oc-2b8">
         <name>.text:_ti_sysbios_heaps_HeapMem_alloc__E</name>
         <load_address>0x89f8e</load_address>
         <run_address>0x89f8e</run_address>
         <size>0x1b3</size>
         <input_file_ref idref="fl-21"/>
      </object_component>
      <object_component id="oc-2c6">
         <name>.text</name>
         <load_address>0x8a141</load_address>
         <run_address>0x8a141</run_address>
         <size>0x165</size>
         <input_file_ref idref="fl-12"/>
      </object_component>
      <object_component id="oc-2c3">
         <name>.text</name>
         <load_address>0x8a2a6</load_address>
         <run_address>0x8a2a6</run_address>
         <size>0x117</size>
         <input_file_ref idref="fl-10"/>
      </object_component>
      <object_component id="oc-463">
         <name>.text:_xdc_runtime_System_printfExtend__I</name>
         <load_address>0x8a3bd</load_address>
         <run_address>0x8a3bd</run_address>
         <size>0x10a</size>
         <input_file_ref idref="fl-15"/>
      </object_component>
      <object_component id="oc-1c7">
         <name>.text</name>
         <load_address>0x8a4c7</load_address>
         <run_address>0x8a4c7</run_address>
         <size>0x107</size>
         <input_file_ref idref="fl-44"/>
      </object_component>
      <object_component id="oc-2c4">
         <name>.text</name>
         <load_address>0x8a5ce</load_address>
         <run_address>0x8a5ce</run_address>
         <size>0xfd</size>
         <input_file_ref idref="fl-4"/>
      </object_component>
      <object_component id="oc-313">
         <name>.text:_ti_sysbios_heaps_HeapMem_Instance_init__E</name>
         <load_address>0x8a6cb</load_address>
         <run_address>0x8a6cb</run_address>
         <size>0xed</size>
         <input_file_ref idref="fl-21"/>
      </object_component>
      <object_component id="oc-37b">
         <name>.text:_ti_sysbios_family_c28_Hwi_clearInterrupt__E</name>
         <load_address>0x8a7b8</load_address>
         <run_address>0x8a7b8</run_address>
         <size>0xe0</size>
         <input_file_ref idref="fl-21"/>
      </object_component>
      <object_component id="oc-319">
         <name>.text</name>
         <load_address>0x8a898</load_address>
         <run_address>0x8a898</run_address>
         <size>0xdd</size>
         <input_file_ref idref="fl-2"/>
      </object_component>
      <object_component id="oc-2d2">
         <name>.text:_xdc_runtime_LoggerBuf_write8__E</name>
         <load_address>0x8a975</load_address>
         <run_address>0x8a975</run_address>
         <size>0xd2</size>
         <input_file_ref idref="fl-2d"/>
      </object_component>
      <object_component id="oc-301">
         <name>.text:_xdc_runtime_Core_createObject__I</name>
         <load_address>0x8aa47</load_address>
         <run_address>0x8aa47</run_address>
         <size>0xc3</size>
         <input_file_ref idref="fl-27"/>
      </object_component>
      <object_component id="oc-465">
         <name>.text:_ti_sysbios_family_c28_Hwi_dispatchCore__I</name>
         <load_address>0x8ab0a</load_address>
         <run_address>0x8ab0a</run_address>
         <size>0xc0</size>
         <input_file_ref idref="fl-21"/>
      </object_component>
      <object_component id="oc-3c1">
         <name>.text</name>
         <load_address>0x8abca</load_address>
         <run_address>0x8abca</run_address>
         <size>0xc0</size>
         <input_file_ref idref="fl-5c"/>
      </object_component>
      <object_component id="oc-349">
         <name>.text:_ti_sysbios_knl_Semaphore_post__E</name>
         <load_address>0x8ac8a</load_address>
         <run_address>0x8ac8a</run_address>
         <size>0xb8</size>
         <input_file_ref idref="fl-21"/>
      </object_component>
      <object_component id="oc-2bf">
         <name>.text</name>
         <load_address>0x8ad42</load_address>
         <run_address>0x8ad42</run_address>
         <size>0xb7</size>
         <input_file_ref idref="fl-f"/>
      </object_component>
      <object_component id="oc-2a1">
         <name>.text:_ti_sysbios_knl_Clock_workFunc__E</name>
         <load_address>0x8adf9</load_address>
         <run_address>0x8adf9</run_address>
         <size>0xb6</size>
         <input_file_ref idref="fl-21"/>
      </object_component>
      <object_component id="oc-3db">
         <name>.text:_ti_sysbios_knl_Swi_run__I</name>
         <load_address>0x8aeaf</load_address>
         <run_address>0x8aeaf</run_address>
         <size>0xaf</size>
         <input_file_ref idref="fl-21"/>
      </object_component>
      <object_component id="oc-3e1">
         <name>.text:_xdc_runtime_Core_constructObject__I</name>
         <load_address>0x8af5e</load_address>
         <run_address>0x8af5e</run_address>
         <size>0x9c</size>
         <input_file_ref idref="fl-28"/>
      </object_component>
      <object_component id="oc-34e">
         <name>.text:_xdc_runtime_Error_policyDefault__E</name>
         <load_address>0x8affa</load_address>
         <run_address>0x8affa</run_address>
         <size>0x9c</size>
         <input_file_ref idref="fl-2b"/>
      </object_component>
      <object_component id="oc-249">
         <name>.text</name>
         <load_address>0x8b096</load_address>
         <run_address>0x8b096</run_address>
         <size>0x9c</size>
         <input_file_ref idref="fl-5d"/>
      </object_component>
      <object_component id="oc-433">
         <name>.text:_ti_sysbios_family_c28_Hwi_dispatch</name>
         <load_address>0x8b132</load_address>
         <run_address>0x8b132</run_address>
         <size>0x9b</size>
         <input_file_ref idref="fl-23"/>
      </object_component>
      <object_component id="oc-2c7">
         <name>.text</name>
         <load_address>0x8b1cd</load_address>
         <run_address>0x8b1cd</run_address>
         <size>0x9b</size>
         <input_file_ref idref="fl-a"/>
      </object_component>
      <object_component id="oc-42d">
         <name>.text</name>
         <load_address>0x8b268</load_address>
         <run_address>0x8b268</run_address>
         <size>0x94</size>
         <input_file_ref idref="fl-51"/>
      </object_component>
      <object_component id="oc-37c">
         <name>.text:_ti_sysbios_family_c28_Hwi_enableInterrupt__E</name>
         <load_address>0x8b2fc</load_address>
         <run_address>0x8b2fc</run_address>
         <size>0x8e</size>
         <input_file_ref idref="fl-21"/>
      </object_component>
      <object_component id="oc-2d1">
         <name>.text:_xdc_runtime_LoggerBuf_write4__E</name>
         <load_address>0x8b38a</load_address>
         <run_address>0x8b38a</run_address>
         <size>0x8b</size>
         <input_file_ref idref="fl-2d"/>
      </object_component>
      <object_component id="oc-253">
         <name>.text</name>
         <load_address>0x8b415</load_address>
         <run_address>0x8b415</run_address>
         <size>0x8b</size>
         <input_file_ref idref="fl-5f"/>
      </object_component>
      <object_component id="oc-1c2">
         <name>.text</name>
         <load_address>0x8b4a0</load_address>
         <run_address>0x8b4a0</run_address>
         <size>0x88</size>
         <input_file_ref idref="fl-43"/>
      </object_component>
      <object_component id="oc-258">
         <name>.text</name>
         <load_address>0x8b528</load_address>
         <run_address>0x8b528</run_address>
         <size>0x83</size>
         <input_file_ref idref="fl-60"/>
      </object_component>
      <object_component id="oc-2c9">
         <name>.text</name>
         <load_address>0x8b5ab</load_address>
         <run_address>0x8b5ab</run_address>
         <size>0x82</size>
         <input_file_ref idref="fl-c"/>
      </object_component>
      <object_component id="oc-44f">
         <name>.text:_ti_sysbios_family_c28_Hwi_disableInterrupt__E</name>
         <load_address>0x8b62d</load_address>
         <run_address>0x8b62d</run_address>
         <size>0x81</size>
         <input_file_ref idref="fl-21"/>
      </object_component>
      <object_component id="oc-3d1">
         <name>.text:_ti_sysbios_family_c28_Hwi_disablePIEIER__E</name>
         <load_address>0x8b6ae</load_address>
         <run_address>0x8b6ae</run_address>
         <size>0x7e</size>
         <input_file_ref idref="fl-21"/>
      </object_component>
      <object_component id="oc-3d0">
         <name>.text:_ti_sysbios_family_c28_Hwi_enablePIEIER__E</name>
         <load_address>0x8b72c</load_address>
         <run_address>0x8b72c</run_address>
         <size>0x7d</size>
         <input_file_ref idref="fl-21"/>
      </object_component>
      <object_component id="oc-3b5">
         <name>.text:_xdc_runtime_Startup_startMods__I</name>
         <load_address>0x8b7a9</load_address>
         <run_address>0x8b7a9</run_address>
         <size>0x7d</size>
         <input_file_ref idref="fl-2f"/>
      </object_component>
      <object_component id="oc-381">
         <name>.text:_ti_sysbios_knl_Task_checkStacks__E</name>
         <load_address>0x8b826</load_address>
         <run_address>0x8b826</run_address>
         <size>0x73</size>
         <input_file_ref idref="fl-21"/>
      </object_component>
      <object_component id="oc-336">
         <name>.text:_ti_sysbios_knl_Task_startCore__E</name>
         <load_address>0x8b899</load_address>
         <run_address>0x8b899</run_address>
         <size>0x71</size>
         <input_file_ref idref="fl-21"/>
      </object_component>
      <object_component id="oc-2f1">
         <name>.text:_ti_sysbios_gates_GateMutex_enter__E</name>
         <load_address>0x8b90a</load_address>
         <run_address>0x8b90a</run_address>
         <size>0x70</size>
         <input_file_ref idref="fl-21"/>
      </object_component>
      <object_component id="oc-416">
         <name>.text:_xdc_runtime_Text_putSite__E</name>
         <load_address>0x8b97a</load_address>
         <run_address>0x8b97a</run_address>
         <size>0x6f</size>
         <input_file_ref idref="fl-32"/>
      </object_component>
      <object_component id="oc-3d4">
         <name>.text:_ti_sysbios_knl_Task_schedule__I</name>
         <load_address>0x8b9e9</load_address>
         <run_address>0x8b9e9</run_address>
         <size>0x6e</size>
         <input_file_ref idref="fl-21"/>
      </object_component>
      <object_component id="oc-3e2">
         <name>.text:_ti_sysbios_knl_Semaphore_Instance_init__E</name>
         <load_address>0x8ba57</load_address>
         <run_address>0x8ba57</run_address>
         <size>0x6a</size>
         <input_file_ref idref="fl-21"/>
      </object_component>
      <object_component id="oc-2c8">
         <name>.text</name>
         <load_address>0x8bac1</load_address>
         <run_address>0x8bac1</run_address>
         <size>0x68</size>
         <input_file_ref idref="fl-d"/>
      </object_component>
      <object_component id="oc-435">
         <name>.text:_ti_sysbios_family_c28_Timer_stopAndClear__I</name>
         <load_address>0x8bb29</load_address>
         <run_address>0x8bb29</run_address>
         <size>0x66</size>
         <input_file_ref idref="fl-21"/>
      </object_component>
      <object_component id="oc-84">
         <name>.text</name>
         <load_address>0x8bb8f</load_address>
         <run_address>0x8bb8f</run_address>
         <size>0x63</size>
         <input_file_ref idref="fl-36"/>
      </object_component>
      <object_component id="oc-2ef">
         <name>.text:_ti_sysbios_knl_Swi_post__E</name>
         <load_address>0x8bbf2</load_address>
         <run_address>0x8bbf2</run_address>
         <size>0x60</size>
         <input_file_ref idref="fl-21"/>
      </object_component>
      <object_component id="oc-39c">
         <name>.text:_ti_sysbios_knl_Task_blockI__E</name>
         <load_address>0x8bc52</load_address>
         <run_address>0x8bc52</run_address>
         <size>0x60</size>
         <input_file_ref idref="fl-21"/>
      </object_component>
      <object_component id="oc-3c0">
         <name>.text</name>
         <load_address>0x8bcb2</load_address>
         <run_address>0x8bcb2</run_address>
         <size>0x5a</size>
         <input_file_ref idref="fl-5b"/>
      </object_component>
      <object_component id="oc-43f">
         <name>.text:_ti_sysbios_knl_Task_exit__E</name>
         <load_address>0x8bd0c</load_address>
         <run_address>0x8bd0c</run_address>
         <size>0x57</size>
         <input_file_ref idref="fl-21"/>
      </object_component>
      <object_component id="oc-36f">
         <name>.text:_xdc_runtime_Memory_alloc__E</name>
         <load_address>0x8bd63</load_address>
         <run_address>0x8bd63</run_address>
         <size>0x57</size>
         <input_file_ref idref="fl-2e"/>
      </object_component>
      <object_component id="oc-39f">
         <name>.text:_ti_sysbios_knl_Task_unblockI__E</name>
         <load_address>0x8bdba</load_address>
         <run_address>0x8bdba</run_address>
         <size>0x51</size>
         <input_file_ref idref="fl-21"/>
      </object_component>
      <object_component id="oc-469">
         <name>.text:_xdc_runtime_Text_putLab__E</name>
         <load_address>0x8be0b</load_address>
         <run_address>0x8be0b</run_address>
         <size>0x4f</size>
         <input_file_ref idref="fl-32"/>
      </object_component>
      <object_component id="oc-42a">
         <name>.text:_ti_sysbios_knl_Task_postInit__I</name>
         <load_address>0x8be5a</load_address>
         <run_address>0x8be5a</run_address>
         <size>0x4b</size>
         <input_file_ref idref="fl-21"/>
      </object_component>
      <object_component id="oc-40b">
         <name>.text:_ti_sysbios_family_c28_Hwi_Module_startup__E</name>
         <load_address>0x8bea5</load_address>
         <run_address>0x8bea5</run_address>
         <size>0x47</size>
         <input_file_ref idref="fl-21"/>
      </object_component>
      <object_component id="oc-303">
         <name>.text:_xdc_runtime_Core_deleteObject__I</name>
         <load_address>0x8beec</load_address>
         <run_address>0x8beec</run_address>
         <size>0x46</size>
         <input_file_ref idref="fl-27"/>
      </object_component>
      <object_component id="oc-2f8">
         <name>.text:.bootCodeSection:_ti_catalog_c2800_initF2837x_Boot_configurePllDivs</name>
         <load_address>0x8bf32</load_address>
         <run_address>0x8bf32</run_address>
         <size>0x45</size>
         <input_file_ref idref="fl-37"/>
      </object_component>
      <object_component id="oc-41e">
         <name>.text:_ti_sysbios_family_c28_Timer_postInit__I</name>
         <load_address>0x8bf77</load_address>
         <run_address>0x8bf77</run_address>
         <size>0x43</size>
         <input_file_ref idref="fl-21"/>
      </object_component>
      <object_component id="oc-14d">
         <name>.text:_ti_sysbios_family_c28_Hwi_unPluggedInterrupt__I</name>
         <load_address>0x8bfba</load_address>
         <run_address>0x8bfba</run_address>
         <size>0x42</size>
         <input_file_ref idref="fl-21"/>
      </object_component>
      <object_component id="oc-45a">
         <name>.text:_xdc_runtime_System_formatNum__I</name>
         <load_address>0x8bffc</load_address>
         <run_address>0x8bffc</run_address>
         <size>0x3f</size>
         <input_file_ref idref="fl-30"/>
      </object_component>
      <object_component id="oc-470">
         <name>.text:_ti_sysbios_knl_Swi_restoreHwi__E</name>
         <load_address>0x8c03b</load_address>
         <run_address>0x8c03b</run_address>
         <size>0x3e</size>
         <input_file_ref idref="fl-21"/>
      </object_component>
      <object_component id="oc-42e">
         <name>.text:_xdc_runtime_Text_putMod__E</name>
         <load_address>0x8c079</load_address>
         <run_address>0x8c079</run_address>
         <size>0x3e</size>
         <input_file_ref idref="fl-32"/>
      </object_component>
      <object_component id="oc-35e">
         <name>.text:_xdc_runtime_Core_assignParams__I</name>
         <load_address>0x8c0b7</load_address>
         <run_address>0x8c0b7</run_address>
         <size>0x3d</size>
         <input_file_ref idref="fl-2a"/>
      </object_component>
      <object_component id="oc-2d4">
         <name>.text:_xdc_runtime_LoggerBuf_getFilterLevel__E</name>
         <load_address>0x8c0f4</load_address>
         <run_address>0x8c0f4</run_address>
         <size>0x3d</size>
         <input_file_ref idref="fl-2d"/>
      </object_component>
      <object_component id="oc-2d3">
         <name>.text:_xdc_runtime_LoggerBuf_setFilterLevel__E</name>
         <load_address>0x8c131</load_address>
         <run_address>0x8c131</run_address>
         <size>0x3c</size>
         <input_file_ref idref="fl-2d"/>
      </object_component>
      <object_component id="oc-453">
         <name>.text:_ti_sysbios_family_c28_TaskSupport_start__E</name>
         <load_address>0x8c16d</load_address>
         <run_address>0x8c16d</run_address>
         <size>0x3a</size>
         <input_file_ref idref="fl-21"/>
      </object_component>
      <object_component id="oc-2d5">
         <name>.text:_xdc_runtime_LoggerBuf_Object__create__S</name>
         <load_address>0x8c1a7</load_address>
         <run_address>0x8c1a7</run_address>
         <size>0x38</size>
         <input_file_ref idref="fl-15"/>
      </object_component>
      <object_component id="oc-412">
         <name>.text</name>
         <load_address>0x8c1df</load_address>
         <run_address>0x8c1df</run_address>
         <size>0x38</size>
         <input_file_ref idref="fl-50"/>
      </object_component>
      <object_component id="oc-2ec">
         <name>.text:_ti_sysbios_knl_Clock_logTick__E</name>
         <load_address>0x8c217</load_address>
         <run_address>0x8c217</run_address>
         <size>0x36</size>
         <input_file_ref idref="fl-21"/>
      </object_component>
      <object_component id="oc-326">
         <name>.text:_xdc_runtime_LoggerBuf_Instance_init__E</name>
         <load_address>0x8c24d</load_address>
         <run_address>0x8c24d</run_address>
         <size>0x36</size>
         <input_file_ref idref="fl-2d"/>
      </object_component>
      <object_component id="oc-331">
         <name>.text:_ti_sysbios_BIOS_rtsUnlock__I</name>
         <load_address>0x8c283</load_address>
         <run_address>0x8c283</run_address>
         <size>0x34</size>
         <input_file_ref idref="fl-15"/>
      </object_component>
      <object_component id="oc-410">
         <name>.text:_ti_sysbios_knl_Task_Module_startup__E</name>
         <load_address>0x8c2b7</load_address>
         <run_address>0x8c2b7</run_address>
         <size>0x32</size>
         <input_file_ref idref="fl-21"/>
      </object_component>
      <object_component id="oc-30a">
         <name>.text:_xdc_runtime_Assert_raise__I</name>
         <load_address>0x8c2e9</load_address>
         <run_address>0x8c2e9</run_address>
         <size>0x32</size>
         <input_file_ref idref="fl-26"/>
      </object_component>
      <object_component id="oc-462">
         <name>.text:_xdc_runtime_Text_visitRope2__I</name>
         <load_address>0x8c31b</load_address>
         <run_address>0x8c31b</run_address>
         <size>0x32</size>
         <input_file_ref idref="fl-32"/>
      </object_component>
      <object_component id="oc-295">
         <name>.text:_xdc_runtime_Startup_exec__E</name>
         <load_address>0x8c34d</load_address>
         <run_address>0x8c34d</run_address>
         <size>0x31</size>
         <input_file_ref idref="fl-2f"/>
      </object_component>
      <object_component id="oc-3be">
         <name>.text</name>
         <load_address>0x8c37e</load_address>
         <run_address>0x8c37e</run_address>
         <size>0x31</size>
         <input_file_ref idref="fl-54"/>
      </object_component>
      <object_component id="oc-3a5">
         <name>.text:_xdc_runtime_Error_setX__E</name>
         <load_address>0x8c3af</load_address>
         <run_address>0x8c3af</run_address>
         <size>0x30</size>
         <input_file_ref idref="fl-2b"/>
      </object_component>
      <object_component id="oc-314">
         <name>.text</name>
         <load_address>0x8c3df</load_address>
         <run_address>0x8c3df</run_address>
         <size>0x30</size>
         <input_file_ref idref="fl-52"/>
      </object_component>
      <object_component id="oc-38c">
         <name>.text:_ti_sysbios_knl_Swi_runLoop__I</name>
         <load_address>0x8c40f</load_address>
         <run_address>0x8c40f</run_address>
         <size>0x2e</size>
         <input_file_ref idref="fl-21"/>
      </object_component>
      <object_component id="oc-341">
         <name>.text:_ti_sysbios_knl_Swi_schedule__I</name>
         <load_address>0x8c43d</load_address>
         <run_address>0x8c43d</run_address>
         <size>0x2e</size>
         <input_file_ref idref="fl-21"/>
      </object_component>
      <object_component id="oc-406">
         <name>.text:_xdc_runtime_Error_print__E</name>
         <load_address>0x8c46b</load_address>
         <run_address>0x8c46b</run_address>
         <size>0x2e</size>
         <input_file_ref idref="fl-2b"/>
      </object_component>
      <object_component id="oc-3bf">
         <name>.text</name>
         <load_address>0x8c499</load_address>
         <run_address>0x8c499</run_address>
         <size>0x2e</size>
         <input_file_ref idref="fl-56"/>
      </object_component>
      <object_component id="oc-3e9">
         <name>.text:_ti_sysbios_family_c28_Hwi_getStackInfo__E</name>
         <load_address>0x8c4c7</load_address>
         <run_address>0x8c4c7</run_address>
         <size>0x2d</size>
         <input_file_ref idref="fl-21"/>
      </object_component>
      <object_component id="oc-2bb">
         <name>.text:_ti_sysbios_heaps_HeapMem_getStats__E</name>
         <load_address>0x8c4f4</load_address>
         <run_address>0x8c4f4</run_address>
         <size>0x2d</size>
         <input_file_ref idref="fl-21"/>
      </object_component>
      <object_component id="oc-333">
         <name>.text:_ti_sysbios_family_c28_Timer_start__E</name>
         <load_address>0x8c521</load_address>
         <run_address>0x8c521</run_address>
         <size>0x2c</size>
         <input_file_ref idref="fl-21"/>
      </object_component>
      <object_component id="oc-40e">
         <name>.text:_ti_sysbios_knl_Mailbox_Module_startup__E</name>
         <load_address>0x8c54d</load_address>
         <run_address>0x8c54d</run_address>
         <size>0x2b</size>
         <input_file_ref idref="fl-21"/>
      </object_component>
      <object_component id="oc-24e">
         <name>.text</name>
         <load_address>0x8c578</load_address>
         <run_address>0x8c578</run_address>
         <size>0x2a</size>
         <input_file_ref idref="fl-5e"/>
      </object_component>
      <object_component id="oc-1d6">
         <name>.text</name>
         <load_address>0x8c5a2</load_address>
         <run_address>0x8c5a2</run_address>
         <size>0x2a</size>
         <input_file_ref idref="fl-47"/>
      </object_component>
      <object_component id="oc-3b8">
         <name>.text:_xdc_runtime_SysMin_flush__E</name>
         <load_address>0x8c5cc</load_address>
         <run_address>0x8c5cc</run_address>
         <size>0x29</size>
         <input_file_ref idref="fl-31"/>
      </object_component>
      <object_component id="oc-42f">
         <name>.text:_xdc_runtime_Text_xprintf__I</name>
         <load_address>0x8c5f5</load_address>
         <run_address>0x8c5f5</run_address>
         <size>0x29</size>
         <input_file_ref idref="fl-32"/>
      </object_component>
      <object_component id="oc-357">
         <name>.text</name>
         <load_address>0x8c61e</load_address>
         <run_address>0x8c61e</run_address>
         <size>0x29</size>
         <input_file_ref idref="fl-4a"/>
      </object_component>
      <object_component id="oc-350">
         <name>.text:_ti_sysbios_heaps_HeapMem_init__I</name>
         <load_address>0x8c647</load_address>
         <run_address>0x8c647</run_address>
         <size>0x27</size>
         <input_file_ref idref="fl-21"/>
      </object_component>
      <object_component id="oc-461">
         <name>.text:_ti_sysbios_family_c28_TaskSupport_buildTaskStack</name>
         <load_address>0x8c66e</load_address>
         <run_address>0x8c66e</run_address>
         <size>0x25</size>
         <input_file_ref idref="fl-25"/>
      </object_component>
      <object_component id="oc-2ae">
         <name>.text:_xdc_runtime_System_processAtExit__E</name>
         <load_address>0x8c693</load_address>
         <run_address>0x8c693</run_address>
         <size>0x24</size>
         <input_file_ref idref="fl-30"/>
      </object_component>
      <object_component id="oc-294">
         <name>.text</name>
         <load_address>0x8c6b7</load_address>
         <run_address>0x8c6b7</run_address>
         <size>0x24</size>
         <input_file_ref idref="fl-48"/>
      </object_component>
      <object_component id="oc-3f0">
         <name>.text</name>
         <load_address>0x8c6db</load_address>
         <run_address>0x8c6db</run_address>
         <size>0x24</size>
         <input_file_ref idref="fl-6b"/>
      </object_component>
      <object_component id="oc-1cc">
         <name>.text</name>
         <load_address>0x8c6ff</load_address>
         <run_address>0x8c6ff</run_address>
         <size>0x22</size>
         <input_file_ref idref="fl-45"/>
      </object_component>
      <object_component id="oc-37f">
         <name>.text:_ti_sysbios_knl_Task_allBlockedFunction__I</name>
         <load_address>0x8c721</load_address>
         <run_address>0x8c721</run_address>
         <size>0x21</size>
         <input_file_ref idref="fl-21"/>
      </object_component>
      <object_component id="oc-31c">
         <name>.text:_xdc_runtime_LoggerBuf_filterOutEvent__I</name>
         <load_address>0x8c742</load_address>
         <run_address>0x8c742</run_address>
         <size>0x21</size>
         <input_file_ref idref="fl-2d"/>
      </object_component>
      <object_component id="oc-2d9">
         <name>.text:_xdc_runtime_System_atexit__E</name>
         <load_address>0x8c763</load_address>
         <run_address>0x8c763</run_address>
         <size>0x21</size>
         <input_file_ref idref="fl-30"/>
      </object_component>
      <object_component id="oc-267">
         <name>.text</name>
         <load_address>0x8c784</load_address>
         <run_address>0x8c784</run_address>
         <size>0x21</size>
         <input_file_ref idref="fl-63"/>
      </object_component>
      <object_component id="oc-437">
         <name>.text:_ti_sysbios_family_c28_Timer_setPrescale__E</name>
         <load_address>0x8c7a5</load_address>
         <run_address>0x8c7a5</run_address>
         <size>0x20</size>
         <input_file_ref idref="fl-21"/>
      </object_component>
      <object_component id="oc-2b4">
         <name>.text:_ti_sysbios_gates_GateHwi_Object__create__S</name>
         <load_address>0x8c7c5</load_address>
         <run_address>0x8c7c5</run_address>
         <size>0x1f</size>
         <input_file_ref idref="fl-15"/>
      </object_component>
      <object_component id="oc-2f3">
         <name>.text:_ti_sysbios_gates_GateMutex_Object__create__S</name>
         <load_address>0x8c7e4</load_address>
         <run_address>0x8c7e4</run_address>
         <size>0x1f</size>
         <input_file_ref idref="fl-15"/>
      </object_component>
      <object_component id="oc-2bc">
         <name>.text:_ti_sysbios_heaps_HeapMem_Object__create__S</name>
         <load_address>0x8c803</load_address>
         <run_address>0x8c803</run_address>
         <size>0x1f</size>
         <input_file_ref idref="fl-15"/>
      </object_component>
      <object_component id="oc-26c">
         <name>.text</name>
         <load_address>0x8c822</load_address>
         <run_address>0x8c822</run_address>
         <size>0x1f</size>
         <input_file_ref idref="fl-64"/>
      </object_component>
      <object_component id="oc-407">
         <name>.text:_xdc_runtime_SysMin_putch__E</name>
         <load_address>0x8c841</load_address>
         <run_address>0x8c841</run_address>
         <size>0x1e</size>
         <input_file_ref idref="fl-31"/>
      </object_component>
      <object_component id="oc-276">
         <name>.text</name>
         <load_address>0x8c85f</load_address>
         <run_address>0x8c85f</run_address>
         <size>0x1e</size>
         <input_file_ref idref="fl-66"/>
      </object_component>
      <object_component id="oc-2aa">
         <name>.text</name>
         <load_address>0x8c87d</load_address>
         <run_address>0x8c87d</run_address>
         <size>0x1e</size>
         <input_file_ref idref="fl-49"/>
      </object_component>
      <object_component id="oc-3da">
         <name>.text:_ti_sysbios_family_c28_TaskSupport_swap__E</name>
         <load_address>0x8c89b</load_address>
         <run_address>0x8c89b</run_address>
         <size>0x1d</size>
         <input_file_ref idref="fl-25"/>
      </object_component>
      <object_component id="oc-27b">
         <name>.text</name>
         <load_address>0x8c8b8</load_address>
         <run_address>0x8c8b8</run_address>
         <size>0x1d</size>
         <input_file_ref idref="fl-67"/>
      </object_component>
      <object_component id="oc-3e4">
         <name>.text:_ti_sysbios_hal_Hwi_checkStack</name>
         <load_address>0x8c8d5</load_address>
         <run_address>0x8c8d5</run_address>
         <size>0x1c</size>
         <input_file_ref idref="fl-21"/>
      </object_component>
      <object_component id="oc-285">
         <name>.text</name>
         <load_address>0x8c8f1</load_address>
         <run_address>0x8c8f1</run_address>
         <size>0x1c</size>
         <input_file_ref idref="fl-69"/>
      </object_component>
      <object_component id="oc-280">
         <name>.text</name>
         <load_address>0x8c90d</load_address>
         <run_address>0x8c90d</run_address>
         <size>0x1c</size>
         <input_file_ref idref="fl-68"/>
      </object_component>
      <object_component id="oc-45c">
         <name>.text:_ti_sysbios_family_c28_Hwi_switchAndDispatch__I</name>
         <load_address>0x8c929</load_address>
         <run_address>0x8c929</run_address>
         <size>0x1b</size>
         <input_file_ref idref="fl-22"/>
      </object_component>
      <object_component id="oc-352">
         <name>.text:_ti_sysbios_hal_Hwi_initStack</name>
         <load_address>0x8c944</load_address>
         <run_address>0x8c944</run_address>
         <size>0x1b</size>
         <input_file_ref idref="fl-21"/>
      </object_component>
      <object_component id="oc-3a2">
         <name>.text:_ti_sysbios_knl_Semaphore_construct</name>
         <load_address>0x8c95f</load_address>
         <run_address>0x8c95f</run_address>
         <size>0x1b</size>
         <input_file_ref idref="fl-15"/>
      </object_component>
      <object_component id="oc-452">
         <name>.text:_ti_sysbios_knl_Task_processVitalTaskFlag__I</name>
         <load_address>0x8c97a</load_address>
         <run_address>0x8c97a</run_address>
         <size>0x1b</size>
         <input_file_ref idref="fl-21"/>
      </object_component>
      <object_component id="oc-402">
         <name>.text:_xdc_runtime_SysMin_output__I</name>
         <load_address>0x8c995</load_address>
         <run_address>0x8c995</run_address>
         <size>0x1b</size>
         <input_file_ref idref="fl-15"/>
      </object_component>
      <object_component id="oc-397">
         <name>.text:_ti_sysbios_knl_Clock_addI__E</name>
         <load_address>0x8c9b0</load_address>
         <run_address>0x8c9b0</run_address>
         <size>0x1a</size>
         <input_file_ref idref="fl-21"/>
      </object_component>
      <object_component id="oc-304">
         <name>.text:_xdc_runtime_Core_assignLabel__I</name>
         <load_address>0x8c9ca</load_address>
         <run_address>0x8c9ca</run_address>
         <size>0x1a</size>
         <input_file_ref idref="fl-29"/>
      </object_component>
      <object_component id="oc-430">
         <name>.text:_xdc_runtime_System_avprintf__E</name>
         <load_address>0x8c9e4</load_address>
         <run_address>0x8c9e4</run_address>
         <size>0x1a</size>
         <input_file_ref idref="fl-30"/>
      </object_component>
      <object_component id="oc-45b">
         <name>.text:_xdc_runtime_System_putchar__I</name>
         <load_address>0x8c9fe</load_address>
         <run_address>0x8c9fe</run_address>
         <size>0x1a</size>
         <input_file_ref idref="fl-30"/>
      </object_component>
      <object_component id="oc-41d">
         <name>.text:_ti_sysbios_family_c28_Hwi_Object__get__S</name>
         <load_address>0x8ca18</load_address>
         <run_address>0x8ca18</run_address>
         <size>0x19</size>
         <input_file_ref idref="fl-15"/>
      </object_component>
      <object_component id="oc-424">
         <name>.text:_ti_sysbios_knl_Mailbox_postInit__I</name>
         <load_address>0x8ca31</load_address>
         <run_address>0x8ca31</run_address>
         <size>0x19</size>
         <input_file_ref idref="fl-21"/>
      </object_component>
      <object_component id="oc-442">
         <name>.text:_ti_sysbios_knl_Queue_Object__get__S</name>
         <load_address>0x8ca4a</load_address>
         <run_address>0x8ca4a</run_address>
         <size>0x19</size>
         <input_file_ref idref="fl-15"/>
      </object_component>
      <object_component id="oc-3f9">
         <name>.text:_ti_sysbios_knl_Queue_construct</name>
         <load_address>0x8ca63</load_address>
         <run_address>0x8ca63</run_address>
         <size>0x19</size>
         <input_file_ref idref="fl-15"/>
      </object_component>
      <object_component id="oc-396">
         <name>.text:_ti_sysbios_knl_Semaphore_pendTimeout__I</name>
         <load_address>0x8ca7c</load_address>
         <run_address>0x8ca7c</run_address>
         <size>0x19</size>
         <input_file_ref idref="fl-21"/>
      </object_component>
      <object_component id="oc-335">
         <name>.text:_ti_sysbios_knl_Swi_restore__E</name>
         <load_address>0x8ca95</load_address>
         <run_address>0x8ca95</run_address>
         <size>0x19</size>
         <input_file_ref idref="fl-21"/>
      </object_component>
      <object_component id="oc-431">
         <name>.text:_xdc_runtime_System_vprintf__E</name>
         <load_address>0x8caae</load_address>
         <run_address>0x8caae</run_address>
         <size>0x19</size>
         <input_file_ref idref="fl-30"/>
      </object_component>
      <object_component id="oc-44a">
         <name>.text:_xdc_runtime_Text_printVisFxn__I</name>
         <load_address>0x8cac7</load_address>
         <run_address>0x8cac7</run_address>
         <size>0x19</size>
         <input_file_ref idref="fl-32"/>
      </object_component>
      <object_component id="oc-296">
         <name>.text</name>
         <load_address>0x8cae0</load_address>
         <run_address>0x8cae0</run_address>
         <size>0x19</size>
         <input_file_ref idref="fl-4c"/>
      </object_component>
      <object_component id="oc-38d">
         <name>.text:_ti_sysbios_family_xxx_Hwi_switchAndRunFunc</name>
         <load_address>0x8caf9</load_address>
         <run_address>0x8caf9</run_address>
         <size>0x18</size>
         <input_file_ref idref="fl-22"/>
      </object_component>
      <object_component id="oc-408">
         <name>.text:_xdc_runtime_LoggerBuf_Module_startup__E</name>
         <load_address>0x8cb11</load_address>
         <run_address>0x8cb11</run_address>
         <size>0x18</size>
         <input_file_ref idref="fl-2d"/>
      </object_component>
      <object_component id="oc-370">
         <name>.text:_xdc_runtime_LoggerBuf_reset__E</name>
         <load_address>0x8cb29</load_address>
         <run_address>0x8cb29</run_address>
         <size>0x18</size>
         <input_file_ref idref="fl-2d"/>
      </object_component>
      <object_component id="oc-271">
         <name>.text</name>
         <load_address>0x8cb41</load_address>
         <run_address>0x8cb41</run_address>
         <size>0x18</size>
         <input_file_ref idref="fl-65"/>
      </object_component>
      <object_component id="oc-2d8">
         <name>.text:_ti_sysbios_BIOS_atExitFunc__I</name>
         <load_address>0x8cb59</load_address>
         <run_address>0x8cb59</run_address>
         <size>0x17</size>
         <input_file_ref idref="fl-15"/>
      </object_component>
      <object_component id="oc-2db">
         <name>.text:_ti_sysbios_family_c28_Timer_startup__E</name>
         <load_address>0x8cb70</load_address>
         <run_address>0x8cb70</run_address>
         <size>0x17</size>
         <input_file_ref idref="fl-21"/>
      </object_component>
      <object_component id="oc-3b2">
         <name>.text:_ti_sysbios_heaps_HeapMem_Object__get__S</name>
         <load_address>0x8cb87</load_address>
         <run_address>0x8cb87</run_address>
         <size>0x17</size>
         <input_file_ref idref="fl-15"/>
      </object_component>
      <object_component id="oc-2a2">
         <name>.text:_ti_sysbios_knl_Clock_doTick__I</name>
         <load_address>0x8cb9e</load_address>
         <run_address>0x8cb9e</run_address>
         <size>0x17</size>
         <input_file_ref idref="fl-15"/>
      </object_component>
      <object_component id="oc-422">
         <name>.text:_ti_sysbios_knl_Mailbox_Object__get__S</name>
         <load_address>0x8cbb5</load_address>
         <run_address>0x8cbb5</run_address>
         <size>0x17</size>
         <input_file_ref idref="fl-15"/>
      </object_component>
      <object_component id="oc-426">
         <name>.text:_ti_sysbios_knl_Swi_Object__get__S</name>
         <load_address>0x8cbcc</load_address>
         <run_address>0x8cbcc</run_address>
         <size>0x17</size>
         <input_file_ref idref="fl-15"/>
      </object_component>
      <object_component id="oc-429">
         <name>.text:_ti_sysbios_knl_Task_Object__get__S</name>
         <load_address>0x8cbe3</load_address>
         <run_address>0x8cbe3</run_address>
         <size>0x17</size>
         <input_file_ref idref="fl-15"/>
      </object_component>
      <object_component id="oc-41a">
         <name>.text:_xdc_runtime_LoggerBuf_Object__get__S</name>
         <load_address>0x8cbfa</load_address>
         <run_address>0x8cbfa</run_address>
         <size>0x17</size>
         <input_file_ref idref="fl-15"/>
      </object_component>
      <object_component id="oc-3b9">
         <name>.text:_xdc_runtime_Memory_valloc__E</name>
         <load_address>0x8cc11</load_address>
         <run_address>0x8cc11</run_address>
         <size>0x17</size>
         <input_file_ref idref="fl-2e"/>
      </object_component>
      <object_component id="oc-40c">
         <name>.text:_ti_sysbios_family_c28_Timer_Module_startup__E</name>
         <load_address>0x8cc28</load_address>
         <run_address>0x8cc28</run_address>
         <size>0x16</size>
         <input_file_ref idref="fl-21"/>
      </object_component>
      <object_component id="oc-37e">
         <name>.text:_ti_sysbios_knl_Task_restore__E</name>
         <load_address>0x8cc3e</load_address>
         <run_address>0x8cc3e</run_address>
         <size>0x16</size>
         <input_file_ref idref="fl-21"/>
      </object_component>
      <object_component id="oc-3fe">
         <name>.text:_xdc_runtime_SysMin_abort__E</name>
         <load_address>0x8cc54</load_address>
         <run_address>0x8cc54</run_address>
         <size>0x16</size>
         <input_file_ref idref="fl-31"/>
      </object_component>
      <object_component id="oc-40f">
         <name>.text:_ti_sysbios_knl_Swi_Module_startup__E</name>
         <load_address>0x8cc6a</load_address>
         <run_address>0x8cc6a</run_address>
         <size>0x15</size>
         <input_file_ref idref="fl-21"/>
      </object_component>
      <object_component id="oc-2f6">
         <name>.text:_ti_sysbios_knl_Idle_run__E</name>
         <load_address>0x8cc7f</load_address>
         <run_address>0x8cc7f</run_address>
         <size>0x14</size>
         <input_file_ref idref="fl-21"/>
      </object_component>
      <object_component id="oc-3e5">
         <name>.text:_ti_sysbios_BIOS_errorRaiseHook__I</name>
         <load_address>0x8cc93</load_address>
         <run_address>0x8cc93</run_address>
         <size>0x13</size>
         <input_file_ref idref="fl-15"/>
      </object_component>
      <object_component id="oc-2f4">
         <name>.text:_ti_sysbios_gates_GateMutex_Object__delete__S</name>
         <load_address>0x8cca6</load_address>
         <run_address>0x8cca6</run_address>
         <size>0x13</size>
         <input_file_ref idref="fl-15"/>
      </object_component>
      <object_component id="oc-2a8">
         <name>.text:_xdc_runtime_Error_raiseX__E</name>
         <load_address>0x8ccb9</load_address>
         <run_address>0x8ccb9</run_address>
         <size>0x13</size>
         <input_file_ref idref="fl-2b"/>
      </object_component>
      <object_component id="oc-362">
         <name>.text:_xdc_runtime_Text_cordText__E</name>
         <load_address>0x8cccc</load_address>
         <run_address>0x8cccc</run_address>
         <size>0x13</size>
         <input_file_ref idref="fl-32"/>
      </object_component>
      <object_component id="oc-45e">
         <name>.text:_ti_sysbios_family_c28_Hwi_disableIER__E</name>
         <load_address>0x8ccdf</load_address>
         <run_address>0x8ccdf</run_address>
         <size>0x12</size>
         <input_file_ref idref="fl-15"/>
      </object_component>
      <object_component id="oc-2b5">
         <name>.text:_ti_sysbios_gates_GateHwi_Object__delete__S</name>
         <load_address>0x8ccf1</load_address>
         <run_address>0x8ccf1</run_address>
         <size>0x12</size>
         <input_file_ref idref="fl-15"/>
      </object_component>
      <object_component id="oc-2bd">
         <name>.text:_ti_sysbios_heaps_HeapMem_Object__delete__S</name>
         <load_address>0x8cd03</load_address>
         <run_address>0x8cd03</run_address>
         <size>0x12</size>
         <input_file_ref idref="fl-15"/>
      </object_component>
      <object_component id="oc-40d">
         <name>.text:_ti_sysbios_knl_Clock_Module_startup__E</name>
         <load_address>0x8cd15</load_address>
         <run_address>0x8cd15</run_address>
         <size>0x12</size>
         <input_file_ref idref="fl-21"/>
      </object_component>
      <object_component id="oc-2d6">
         <name>.text:_xdc_runtime_LoggerBuf_Object__delete__S</name>
         <load_address>0x8cd27</load_address>
         <run_address>0x8cd27</run_address>
         <size>0x12</size>
         <input_file_ref idref="fl-15"/>
      </object_component>
      <object_component id="oc-2b6">
         <name>.text:_ti_sysbios_gates_GateHwi_Handle__label__S</name>
         <load_address>0x8cd39</load_address>
         <run_address>0x8cd39</run_address>
         <size>0x11</size>
         <input_file_ref idref="fl-15"/>
      </object_component>
      <object_component id="oc-2f5">
         <name>.text:_ti_sysbios_gates_GateMutex_Handle__label__S</name>
         <load_address>0x8cd4a</load_address>
         <run_address>0x8cd4a</run_address>
         <size>0x11</size>
         <input_file_ref idref="fl-15"/>
      </object_component>
      <object_component id="oc-2be">
         <name>.text:_ti_sysbios_heaps_HeapMem_Handle__label__S</name>
         <load_address>0x8cd5b</load_address>
         <run_address>0x8cd5b</run_address>
         <size>0x11</size>
         <input_file_ref idref="fl-15"/>
      </object_component>
      <object_component id="oc-2d7">
         <name>.text:_xdc_runtime_LoggerBuf_Handle__label__S</name>
         <load_address>0x8cd6c</load_address>
         <run_address>0x8cd6c</run_address>
         <size>0x11</size>
         <input_file_ref idref="fl-15"/>
      </object_component>
      <object_component id="oc-330">
         <name>.text:_ti_sysbios_BIOS_rtsLock__I</name>
         <load_address>0x8cd7d</load_address>
         <run_address>0x8cd7d</run_address>
         <size>0x10</size>
         <input_file_ref idref="fl-15"/>
      </object_component>
      <object_component id="oc-3ce">
         <name>.text:_ti_sysbios_family_c28_Hwi_enableIER__E</name>
         <load_address>0x8cd8d</load_address>
         <run_address>0x8cd8d</run_address>
         <size>0x10</size>
         <input_file_ref idref="fl-15"/>
      </object_component>
      <object_component id="oc-436">
         <name>.text:_ti_sysbios_family_c28_Timer_stop__E</name>
         <load_address>0x8cd9d</load_address>
         <run_address>0x8cd9d</run_address>
         <size>0x10</size>
         <input_file_ref idref="fl-21"/>
      </object_component>
      <object_component id="oc-45d">
         <name>.text:_ti_sysbios_knl_Task_restoreHwi__E</name>
         <load_address>0x8cdad</load_address>
         <run_address>0x8cdad</run_address>
         <size>0x10</size>
         <input_file_ref idref="fl-21"/>
      </object_component>
      <object_component id="oc-40a">
         <name>.text:_xdc_runtime_SysMin_Module_startup__E</name>
         <load_address>0x8cdbd</load_address>
         <run_address>0x8cdbd</run_address>
         <size>0x10</size>
         <input_file_ref idref="fl-31"/>
      </object_component>
      <object_component id="oc-29f">
         <name>.text:_ti_sysbios_BIOS_startFunc__I</name>
         <load_address>0x8cdcd</load_address>
         <run_address>0x8cdcd</run_address>
         <size>0xf</size>
         <input_file_ref idref="fl-15"/>
      </object_component>
      <object_component id="oc-34b">
         <name>.text:_ti_sysbios_gates_GateMutex_Instance_init__E</name>
         <load_address>0x8cddc</load_address>
         <run_address>0x8cddc</run_address>
         <size>0xf</size>
         <input_file_ref idref="fl-21"/>
      </object_component>
      <object_component id="oc-3e3">
         <name>.text:_ti_sysbios_knl_Semaphore_Object__destruct__S</name>
         <load_address>0x8cdeb</load_address>
         <run_address>0x8cdeb</run_address>
         <size>0xf</size>
         <input_file_ref idref="fl-15"/>
      </object_component>
      <object_component id="oc-2d0">
         <name>.text:_xdc_runtime_LoggerBuf_write2__E</name>
         <load_address>0x8cdfa</load_address>
         <run_address>0x8cdfa</run_address>
         <size>0xf</size>
         <input_file_ref idref="fl-2d"/>
      </object_component>
      <object_component id="oc-448">
         <name>.text:_xdc_runtime_Registry_findById__E</name>
         <load_address>0x8ce09</load_address>
         <run_address>0x8ce09</run_address>
         <size>0xf</size>
         <input_file_ref idref="fl-35"/>
      </object_component>
      <object_component id="oc-457">
         <name>.text:_xdc_runtime_Text_visitRope__I</name>
         <load_address>0x8ce18</load_address>
         <run_address>0x8ce18</run_address>
         <size>0xf</size>
         <input_file_ref idref="fl-15"/>
      </object_component>
      <object_component id="oc-36d">
         <name>.text:_ti_sysbios_family_c28_f2837x_TimestampProvider_get64__E</name>
         <load_address>0x8ce27</load_address>
         <run_address>0x8ce27</run_address>
         <size>0xe</size>
         <input_file_ref idref="fl-21"/>
      </object_component>
      <object_component id="oc-414">
         <name>.text:_ti_sysbios_knl_Queue_Object__destruct__S</name>
         <load_address>0x8ce35</load_address>
         <run_address>0x8ce35</run_address>
         <size>0xe</size>
         <input_file_ref idref="fl-15"/>
      </object_component>
      <object_component id="oc-3f1">
         <name>.text:_xdc_runtime_IHeap_alloc</name>
         <load_address>0x8ce43</load_address>
         <run_address>0x8ce43</run_address>
         <size>0xe</size>
         <input_file_ref idref="fl-15"/>
      </object_component>
      <object_component id="oc-262">
         <name>.text</name>
         <load_address>0x8ce51</load_address>
         <run_address>0x8ce51</run_address>
         <size>0xe</size>
         <input_file_ref idref="fl-62"/>
      </object_component>
      <object_component id="oc-2da">
         <name>.text:_ti_sysbios_BIOS_registerRTSLock__I</name>
         <load_address>0x8ce5f</load_address>
         <run_address>0x8ce5f</run_address>
         <size>0xd</size>
         <input_file_ref idref="fl-15"/>
      </object_component>
      <object_component id="oc-2df">
         <name>.text:_ti_sysbios_BIOS_removeRTSLock__I</name>
         <load_address>0x8ce6c</load_address>
         <run_address>0x8ce6c</run_address>
         <size>0xd</size>
         <input_file_ref idref="fl-15"/>
      </object_component>
      <object_component id="oc-44e">
         <name>.text:_ti_sysbios_family_c28_Hwi_dispatchC__I</name>
         <load_address>0x8ce79</load_address>
         <run_address>0x8ce79</run_address>
         <size>0xd</size>
         <input_file_ref idref="fl-21"/>
      </object_component>
      <object_component id="oc-3d2">
         <name>.text:_ti_sysbios_family_c28_Hwi_restoreIER__E</name>
         <load_address>0x8ce86</load_address>
         <run_address>0x8ce86</run_address>
         <size>0xd</size>
         <input_file_ref idref="fl-15"/>
      </object_component>
      <object_component id="oc-441">
         <name>.text:_ti_sysbios_knl_Task_SupportProxy_start__E</name>
         <load_address>0x8ce93</load_address>
         <run_address>0x8ce93</run_address>
         <size>0xd</size>
         <input_file_ref idref="fl-15"/>
      </object_component>
      <object_component id="oc-440">
         <name>.text:_ti_sysbios_knl_Task_enter__I</name>
         <load_address>0x8cea0</load_address>
         <run_address>0x8cea0</run_address>
         <size>0xd</size>
         <input_file_ref idref="fl-21"/>
      </object_component>
      <object_component id="oc-2ce">
         <name>.text:_xdc_runtime_LoggerBuf_write0__E</name>
         <load_address>0x8cead</load_address>
         <run_address>0x8cead</run_address>
         <size>0xd</size>
         <input_file_ref idref="fl-2d"/>
      </object_component>
      <object_component id="oc-2cf">
         <name>.text:_xdc_runtime_LoggerBuf_write1__E</name>
         <load_address>0x8ceba</load_address>
         <run_address>0x8ceba</run_address>
         <size>0xd</size>
         <input_file_ref idref="fl-2d"/>
      </object_component>
      <object_component id="oc-3c6">
         <name>.text:_xdc_runtime_Memory_HeapProxy_alloc__E</name>
         <load_address>0x8cec7</load_address>
         <run_address>0x8cec7</run_address>
         <size>0xd</size>
         <input_file_ref idref="fl-15"/>
      </object_component>
      <object_component id="oc-3af">
         <name>.text:_xdc_runtime_System_abort__E</name>
         <load_address>0x8ced4</load_address>
         <run_address>0x8ced4</run_address>
         <size>0xd</size>
         <input_file_ref idref="fl-30"/>
      </object_component>
      <object_component id="oc-3c4">
         <name>.text</name>
         <load_address>0x8cee1</load_address>
         <run_address>0x8cee1</run_address>
         <size>0xd</size>
         <input_file_ref idref="fl-57"/>
      </object_component>
      <object_component id="oc-2a0">
         <name>.text:_ti_sysbios_BIOS_exitFunc__I</name>
         <load_address>0x8ceee</load_address>
         <run_address>0x8ceee</run_address>
         <size>0xc</size>
         <input_file_ref idref="fl-15"/>
      </object_component>
      <object_component id="oc-2f2">
         <name>.text:_ti_sysbios_gates_GateMutex_leave__E</name>
         <load_address>0x8cefa</load_address>
         <run_address>0x8cefa</run_address>
         <size>0xc</size>
         <input_file_ref idref="fl-21"/>
      </object_component>
      <object_component id="oc-3dc">
         <name>.text:_ti_sysbios_knl_Queue_put__E</name>
         <load_address>0x8cf06</load_address>
         <run_address>0x8cf06</run_address>
         <size>0xc</size>
         <input_file_ref idref="fl-21"/>
      </object_component>
      <object_component id="oc-39b">
         <name>.text:_ti_sysbios_knl_Task_enabled__E</name>
         <load_address>0x8cf12</load_address>
         <run_address>0x8cf12</run_address>
         <size>0xc</size>
         <input_file_ref idref="fl-21"/>
      </object_component>
      <object_component id="oc-327">
         <name>.text:_xdc_runtime_Error_check__E</name>
         <load_address>0x8cf1e</load_address>
         <run_address>0x8cf1e</run_address>
         <size>0xc</size>
         <input_file_ref idref="fl-2b"/>
      </object_component>
      <object_component id="oc-417">
         <name>.text:_xdc_runtime_System_aprintf__E</name>
         <load_address>0x8cf2a</load_address>
         <run_address>0x8cf2a</run_address>
         <size>0xc</size>
         <input_file_ref idref="fl-15"/>
      </object_component>
      <object_component id="oc-418">
         <name>.text:_xdc_runtime_System_printf__E</name>
         <load_address>0x8cf36</load_address>
         <run_address>0x8cf36</run_address>
         <size>0xc</size>
         <input_file_ref idref="fl-15"/>
      </object_component>
      <object_component id="oc-360">
         <name>.text</name>
         <load_address>0x8cf42</load_address>
         <run_address>0x8cf42</run_address>
         <size>0xc</size>
         <input_file_ref idref="fl-4d"/>
      </object_component>
      <object_component id="oc-3c2">
         <name>.text</name>
         <load_address>0x8cf4e</load_address>
         <run_address>0x8cf4e</run_address>
         <size>0xc</size>
         <input_file_ref idref="fl-58"/>
      </object_component>
      <object_component id="oc-456">
         <name>.text:_ti_sysbios_family_c28_Hwi_Module__startupDone__F</name>
         <load_address>0x8cf5a</load_address>
         <run_address>0x8cf5a</run_address>
         <size>0xb</size>
         <input_file_ref idref="fl-15"/>
      </object_component>
      <object_component id="oc-450">
         <name>.text:_ti_sysbios_family_c28_Timer_Module__startupDone__F</name>
         <load_address>0x8cf65</load_address>
         <run_address>0x8cf65</run_address>
         <size>0xb</size>
         <input_file_ref idref="fl-15"/>
      </object_component>
      <object_component id="oc-443">
         <name>.text:_ti_sysbios_knl_Task_unblock__E</name>
         <load_address>0x8cf70</load_address>
         <run_address>0x8cf70</run_address>
         <size>0xb</size>
         <input_file_ref idref="fl-21"/>
      </object_component>
      <object_component id="oc-328">
         <name>.text:_xdc_runtime_LoggerBuf_Instance_finalize__E</name>
         <load_address>0x8cf7b</load_address>
         <run_address>0x8cf7b</run_address>
         <size>0xb</size>
         <input_file_ref idref="fl-2d"/>
      </object_component>
      <object_component id="oc-2fb">
         <name>.text:_xdc_runtime_Startup_exec__I</name>
         <load_address>0x8cf86</load_address>
[...]
         <object_component_ref idref="oc-370"/>
      </symbol>
      <symbol id="sm-d6d">
         <name>_xdc_runtime_LoggerBuf_Instance_finalize__E</name>
         <value>0x8cf7b</value>
         <object_component_ref idref="oc-328"/>
      </symbol>
      <symbol id="sm-d6e">
         <name>_xdc_runtime_LoggerBuf_write4__E</name>
         <value>0x8b38a</value>
         <object_component_ref idref="oc-2d1"/>
      </symbol>
      <symbol id="sm-d6f">
         <name>_xdc_runtime_LoggerBuf_getFilterLevel__E</name>
         <value>0x8c0f4</value>
         <object_component_ref idref="oc-2d4"/>
      </symbol>
      <symbol id="sm-d70">
         <name>_xdc_runtime_LoggerBuf_disable__E</name>
         <value>0x8d126</value>
         <object_component_ref idref="oc-2cd"/>
      </symbol>
      <symbol id="sm-d71">
         <name>_xdc_runtime_LoggerBuf_setFilterLevel__E</name>
         <value>0x8c131</value>
         <object_component_ref idref="oc-2d3"/>
      </symbol>
      <symbol id="sm-d72">
         <name>_xdc_runtime_LoggerBuf_write8__E</name>
         <value>0x8a975</value>
         <object_component_ref idref="oc-2d2"/>
      </symbol>
      <symbol id="sm-d73">
         <name>_xdc_runtime_LoggerBuf_write2__E</name>
         <value>0x8cdfa</value>
         <object_component_ref idref="oc-2d0"/>
      </symbol>
      <symbol id="sm-d74">
         <name>_LoggerBuf_instanceStartup</name>
         <value>0x8cb29</value>
         <object_component_ref idref="oc-370"/>
      </symbol>
      <symbol id="sm-d75">
         <name>_xdc_runtime_LoggerBuf_filterOutEvent__I</name>
         <value>0x8c742</value>
         <object_component_ref idref="oc-31c"/>
      </symbol>
      <symbol id="sm-d76">
         <name>_xdc_runtime_LoggerBuf_write1__E</name>
         <value>0x8ceba</value>
         <object_component_ref idref="oc-2cf"/>
      </symbol>
      <symbol id="sm-d77">
         <name>_xdc_runtime_LoggerBuf_enable__E</name>
         <value>0x8d0f4</value>
         <object_component_ref idref="oc-2cc"/>
      </symbol>
      <symbol id="sm-d93">
         <name>_xdc_runtime_Memory_calloc__E</name>
         <value>0x8d049</value>
         <object_component_ref idref="oc-35f"/>
      </symbol>
      <symbol id="sm-d94">
         <name>_xdc_runtime_Memory_free__E</name>
         <value>0x8cfc6</value>
         <object_component_ref idref="oc-361"/>
      </symbol>
      <symbol id="sm-d95">
         <name>_xdc_runtime_Memory_valloc__E</name>
         <value>0x8cc11</value>
         <object_component_ref idref="oc-3b9"/>
      </symbol>
      <symbol id="sm-d96">
         <name>_xdc_runtime_Memory_alloc__E</name>
         <value>0x8bd63</value>
         <object_component_ref idref="oc-36f"/>
      </symbol>
      <symbol id="sm-d97">
         <name>_xdc_runtime_Memory_getMaxDefaultTypeAlign__E</name>
         <value>0x8d13c</value>
         <object_component_ref idref="oc-3c5"/>
      </symbol>
      <symbol id="sm-db8">
         <name>_xdc_runtime_Startup_startMods__I</name>
         <value>0x8b7a9</value>
         <object_component_ref idref="oc-3b5"/>
      </symbol>
      <symbol id="sm-db9">
         <name>_xdc_runtime_Startup_exec__E</name>
         <value>0x8c34d</value>
         <object_component_ref idref="oc-295"/>
      </symbol>
      <symbol id="sm-e3e">
         <name>_xdc_runtime_System_formatNum__I</name>
         <value>0x8bffc</value>
         <object_component_ref idref="oc-45a"/>
      </symbol>
      <symbol id="sm-e3f">
         <name>_xdc_runtime_System_exit__E</name>
         <value>0x8cf9c</value>
         <object_component_ref idref="oc-297"/>
      </symbol>
      <symbol id="sm-e40">
         <name>_xdc_runtime_System_exitStd__E</name>
         <value>0x8d176</value>
         <object_component_ref idref="oc-2fe"/>
      </symbol>
      <symbol id="sm-e41">
         <name>_xdc_runtime_System_printf_va__F</name>
         <value>0x8caae</value>
         <object_component_ref idref="oc-431"/>
      </symbol>
      <symbol id="sm-e42">
         <name>_xdc_runtime_System_atexit__E</name>
         <value>0x8c763</value>
         <object_component_ref idref="oc-2d9"/>
      </symbol>
      <symbol id="sm-e43">
         <name>_xdc_runtime_System_abortStd__E</name>
         <value>0x8d173</value>
         <object_component_ref idref="oc-3ff"/>
      </symbol>
      <symbol id="sm-e44">
         <name>_xdc_runtime_System_putchar__I</name>
         <value>0x8c9fe</value>
         <object_component_ref idref="oc-45b"/>
      </symbol>
      <symbol id="sm-e45">
         <name>_xdc_runtime_System_snprintf_va__F</name>
         <value>0x8cfd0</value>
         <object_component_ref idref="oc-44b"/>
      </symbol>
      <symbol id="sm-e46">
         <name>_xdc_runtime_System_Module_startup__E</name>
         <value>0x8d16d</value>
         <object_component_ref idref="oc-409"/>
      </symbol>
      <symbol id="sm-e47">
         <name>_xdc_runtime_System_avprintf__E</name>
         <value>0x8c9e4</value>
         <object_component_ref idref="oc-430"/>
      </symbol>
      <symbol id="sm-e48">
         <name>_xdc_runtime_System_vprintf__E</name>
         <value>0x8caae</value>
         <object_component_ref idref="oc-431"/>
      </symbol>
      <symbol id="sm-e49">
         <name>_xdc_runtime_System_aprintf_va__F</name>
         <value>0x8c9e4</value>
         <object_component_ref idref="oc-430"/>
      </symbol>
      <symbol id="sm-e4a">
         <name>_xdc_runtime_System_doPrint__I</name>
         <value>0x89764</value>
         <object_component_ref idref="oc-44d"/>
      </symbol>
      <symbol id="sm-e4b">
         <name>_xdc_runtime_System_processAtExit__E</name>
         <value>0x8c693</value>
         <object_component_ref idref="oc-2ae"/>
      </symbol>
      <symbol id="sm-e4c">
         <name>_xdc_runtime_System_vsnprintf__E</name>
         <value>0x8cfd0</value>
         <object_component_ref idref="oc-44b"/>
      </symbol>
      <symbol id="sm-e4d">
         <name>_xdc_runtime_System_abort__E</name>
         <value>0x8ced4</value>
         <object_component_ref idref="oc-3af"/>
      </symbol>
      <symbol id="sm-e6d">
         <name>_xdc_runtime_SysMin_abort__E</name>
         <value>0x8cc54</value>
         <object_component_ref idref="oc-3fe"/>
      </symbol>
      <symbol id="sm-e6e">
         <name>_xdc_runtime_SysMin_ready__E</name>
         <value>0x8d051</value>
         <object_component_ref idref="oc-458"/>
      </symbol>
      <symbol id="sm-e6f">
         <name>_xdc_runtime_SysMin_flush__E</name>
         <value>0x8c5cc</value>
         <object_component_ref idref="oc-3b8"/>
      </symbol>
      <symbol id="sm-e70">
         <name>_xdc_runtime_SysMin_Module_startup__E</name>
         <value>0x8cdbd</value>
         <object_component_ref idref="oc-40a"/>
      </symbol>
      <symbol id="sm-e71">
         <name>_xdc_runtime_SysMin_putch__E</name>
         <value>0x8c841</value>
         <object_component_ref idref="oc-407"/>
      </symbol>
      <symbol id="sm-e72">
         <name>_xdc_runtime_SysMin_exit__E</name>
         <value>0x8cf91</value>
         <object_component_ref idref="oc-356"/>
      </symbol>
      <symbol id="sm-eb9">
         <name>_xdc_runtime_Text_putLab__E</name>
         <value>0x8be0b</value>
         <object_component_ref idref="oc-469"/>
      </symbol>
      <symbol id="sm-eba">
         <name>_xdc_runtime_Text_printVisFxn__I</name>
         <value>0x8cac7</value>
         <object_component_ref idref="oc-44a"/>
      </symbol>
      <symbol id="sm-ebb">
         <name>_xdc_runtime_Text_putMod__E</name>
         <value>0x8c079</value>
         <object_component_ref idref="oc-42e"/>
      </symbol>
      <symbol id="sm-ebc">
         <name>_xdc_runtime_Text_cordText__E</name>
         <value>0x8cccc</value>
         <object_component_ref idref="oc-362"/>
      </symbol>
      <symbol id="sm-ebd">
         <name>_xdc_runtime_Text_xprintf__I</name>
         <value>0x8c5f5</value>
         <object_component_ref idref="oc-42f"/>
      </symbol>
      <symbol id="sm-ebe">
         <name>_xdc_runtime_Text_visitRope2__I</name>
         <value>0x8c31b</value>
         <object_component_ref idref="oc-462"/>
      </symbol>
      <symbol id="sm-ebf">
         <name>_xdc_runtime_Text_ropeText__E</name>
         <value>0x8cfda</value>
         <object_component_ref idref="oc-367"/>
      </symbol>
      <symbol id="sm-ec0">
         <name>_xdc_runtime_Text_putSite__E</name>
         <value>0x8b97a</value>
         <object_component_ref idref="oc-416"/>
      </symbol>
      <symbol id="sm-ecd">
         <name>___xdc__init</name>
         <value>0x8d143</value>
         <object_component_ref idref="oc-298"/>
      </symbol>
      <symbol id="sm-eef">
         <name>_xdc_runtime_Registry_findById__E</name>
         <value>0x8ce09</value>
         <object_component_ref idref="oc-448"/>
      </symbol>
      <symbol id="sm-f09">
         <name>_c_int00</name>
         <value>0x8bb8f</value>
         <object_component_ref idref="oc-84"/>
      </symbol>
      <symbol id="sm-f0a">
         <name>__stack</name>
         <value>0x8000</value>
         <object_component_ref idref="oc-1b8"/>
      </symbol>
      <symbol id="sm-f22">
         <name>_ti_catalog_c2800_initF2837x_Boot_initFlash</name>
         <value>0xb000</value>
         <object_component_ref idref="oc-3b3"/>
      </symbol>
      <symbol id="sm-f23">
         <name>_ti_catalog_c2800_initF2837x_Boot_defaultLimpAbortFunction</name>
         <value>0x8d183</value>
         <object_component_ref idref="oc-3b0"/>
      </symbol>
      <symbol id="sm-f24">
         <name>_ti_catalog_c2800_initF2837x_Boot_configurePllDivs</name>
         <value>0x8bf32</value>
         <object_component_ref idref="oc-2f8"/>
      </symbol>
      <symbol id="sm-f25">
         <name>_ti_catalog_c2800_initF2837x_Boot_initSharedRAMs</name>
         <value>0x8d011</value>
         <object_component_ref idref="oc-2f9"/>
      </symbol>
      <symbol id="sm-f36">
         <name>FS$$DIV</name>
         <value>0x8b4a0</value>
         <object_component_ref idref="oc-1c2"/>
      </symbol>
      <symbol id="sm-f62">
         <name>ULL$$MOD</name>
         <value>0x8a56c</value>
         <object_component_ref idref="oc-1c7"/>
      </symbol>
      <symbol id="sm-f63">
         <name>ULL$$DIV</name>
         <value>0x8a53d</value>
         <object_component_ref idref="oc-1c7"/>
      </symbol>
      <symbol id="sm-f64">
         <name>LL$$MOD</name>
         <value>0x8a503</value>
         <object_component_ref idref="oc-1c7"/>
      </symbol>
      <symbol id="sm-f65">
         <name>LL$$DIV</name>
         <value>0x8a4c7</value>
         <object_component_ref idref="oc-1c7"/>
      </symbol>
      <symbol id="sm-f73">
         <name>I$$MOD</name>
         <value>0x8c710</value>
         <object_component_ref idref="oc-1cc"/>
      </symbol>
      <symbol id="sm-f74">
         <name>I$$DIV</name>
         <value>0x8c6ff</value>
         <object_component_ref idref="oc-1cc"/>
      </symbol>
      <symbol id="sm-f80">
         <name>U$$MOD</name>
         <value>0x8cfac</value>
         <object_component_ref idref="oc-1d1"/>
      </symbol>
      <symbol id="sm-f81">
         <name>U$$DIV</name>
         <value>0x8cfa7</value>
         <object_component_ref idref="oc-1d1"/>
      </symbol>
      <symbol id="sm-f8d">
         <name>UL$$MOD</name>
         <value>0x8c5c6</value>
         <object_component_ref idref="oc-1d6"/>
      </symbol>
      <symbol id="sm-f8e">
         <name>L$$MOD</name>
         <value>0x8c5b1</value>
         <object_component_ref idref="oc-1d6"/>
      </symbol>
      <symbol id="sm-f8f">
         <name>L$$DIV</name>
         <value>0x8c5a2</value>
         <object_component_ref idref="oc-1d6"/>
      </symbol>
      <symbol id="sm-f90">
         <name>UL$$DIV</name>
         <value>0x8c5bf</value>
         <object_component_ref idref="oc-1d6"/>
      </symbol>
      <symbol id="sm-f9f">
         <name>_copy_in</name>
         <value>0x8c6b7</value>
         <object_component_ref idref="oc-294"/>
      </symbol>
      <symbol id="sm-fb0">
         <name>_memcpy</name>
         <value>0x8c87d</value>
         <object_component_ref idref="oc-2aa"/>
      </symbol>
      <symbol id="sm-fc4">
         <name>C$$EXIT</name>
         <value>0x8c61e</value>
         <object_component_ref idref="oc-357"/>
      </symbol>
      <symbol id="sm-fc5">
         <name>_exit</name>
         <value>0x8c620</value>
         <object_component_ref idref="oc-357"/>
      </symbol>
      <symbol id="sm-fc6">
         <name>___TI_cleanup_ptr</name>
         <value>0xef3a</value>
         <object_component_ref idref="oc-1e7"/>
      </symbol>
      <symbol id="sm-fc7">
         <name>___TI_enable_exit_profile_output</name>
         <value>0xef38</value>
         <object_component_ref idref="oc-1e7"/>
      </symbol>
      <symbol id="sm-fc8">
         <name>_abort</name>
         <value>0x8c61e</value>
         <object_component_ref idref="oc-357"/>
      </symbol>
      <symbol id="sm-fc9">
         <name>___TI_dtors_ptr</name>
         <value>0xef3c</value>
         <object_component_ref idref="oc-1e7"/>
      </symbol>
      <symbol id="sm-fdd">
         <name>__unlock</name>
         <value>0x10058</value>
         <object_component_ref idref="oc-372"/>
      </symbol>
      <symbol id="sm-fde">
         <name>__lock</name>
         <value>0xef3e</value>
         <object_component_ref idref="oc-373"/>
      </symbol>
      <symbol id="sm-fdf">
         <name>__register_lock</name>
         <value>0x8d003</value>
         <object_component_ref idref="oc-32b"/>
      </symbol>
      <symbol id="sm-fe0">
         <name>__nop</name>
         <value>0x8d007</value>
         <object_component_ref idref="oc-32b"/>
      </symbol>
      <symbol id="sm-fe1">
         <name>__register_unlock</name>
         <value>0x8cfff</value>
         <object_component_ref idref="oc-32b"/>
      </symbol>
      <symbol id="sm-ff0">
         <name>__args_main</name>
         <value>0x8cae0</value>
         <object_component_ref idref="oc-296"/>
      </symbol>
      <symbol id="sm-ffe">
         <name>_memset</name>
         <value>0x8cf42</value>
         <object_component_ref idref="oc-360"/>
      </symbol>
      <symbol id="sm-1014">
         <name>_strlen</name>
         <value>0x8d059</value>
         <object_component_ref idref="oc-315"/>
      </symbol>
      <symbol id="sm-1021">
         <name>_HOSTwrite</name>
         <value>0x8c1df</value>
         <object_component_ref idref="oc-412"/>
      </symbol>
      <symbol id="sm-103a">
         <name>___TI_readmsg</name>
         <value>0x8b2c0</value>
         <object_component_ref idref="oc-42d"/>
      </symbol>
      <symbol id="sm-103b">
         <name>C$$IO$$</name>
         <value>0x8b2bb</value>
         <object_component_ref idref="oc-42d"/>
      </symbol>
      <symbol id="sm-103c">
         <name>__CIOBUF_</name>
         <value>0x8c00</value>
         <object_component_ref idref="oc-20b"/>
      </symbol>
      <symbol id="sm-103d">
         <name>___TI_writemsg</name>
         <value>0x8b268</value>
         <object_component_ref idref="oc-42d"/>
      </symbol>
      <symbol id="sm-104b">
         <name>_vsprintf</name>
         <value>0x8c3df</value>
         <object_component_ref idref="oc-314"/>
      </symbol>
      <symbol id="sm-1177">
         <name>___TI_printfi</name>
         <value>0x88ae2</value>
         <object_component_ref idref="oc-36c"/>
      </symbol>
      <symbol id="sm-118b">
         <name>_atoi</name>
         <value>0x8c37e</value>
         <object_component_ref idref="oc-3be"/>
      </symbol>
      <symbol id="sm-1193">
         <name>__ctypes_</name>
         <value>0x83928</value>
         <object_component_ref idref="oc-3ef"/>
      </symbol>
      <symbol id="sm-11a1">
         <name>_ltoa</name>
         <value>0x8c499</value>
         <object_component_ref idref="oc-3bf"/>
      </symbol>
      <symbol id="sm-11b0">
         <name>_memccpy</name>
         <value>0x8cee1</value>
         <object_component_ref idref="oc-3c4"/>
      </symbol>
      <symbol id="sm-11bf">
         <name>_strchr</name>
         <value>0x8cf4e</value>
         <object_component_ref idref="oc-3c2"/>
      </symbol>
      <symbol id="sm-11cc">
         <name>_strcpy</name>
         <value>0x8d12b</value>
         <object_component_ref idref="oc-3c3"/>
      </symbol>
      <symbol id="sm-11d8">
         <name>_parmbuf</name>
         <value>0xef30</value>
         <object_component_ref idref="oc-238"/>
      </symbol>
      <symbol id="sm-11eb">
         <name>_frexpl</name>
         <value>0x8bcb2</value>
         <object_component_ref idref="oc-3c0"/>
      </symbol>
      <symbol id="sm-1208">
         <name>_scalbnl</name>
         <value>0x8abca</value>
         <object_component_ref idref="oc-3c1"/>
      </symbol>
      <symbol id="sm-1209">
         <name>_ldexpl</name>
         <value>0x8abca</value>
         <object_component_ref idref="oc-3c1"/>
      </symbol>
      <symbol id="sm-1224">
         <name>FD$$ADD</name>
         <value>0x8b096</value>
         <object_component_ref idref="oc-249"/>
      </symbol>
      <symbol id="sm-1234">
         <name>FD$$CMP</name>
         <value>0x8c578</value>
         <object_component_ref idref="oc-24e"/>
      </symbol>
      <symbol id="sm-124b">
         <name>FD$$DIV</name>
         <value>0x8b415</value>
         <object_component_ref idref="oc-253"/>
      </symbol>
      <symbol id="sm-125d">
         <name>FD$$MPY</name>
         <value>0x8b528</value>
         <object_component_ref idref="oc-258"/>
      </symbol>
      <symbol id="sm-126a">
         <name>FD$$NEG</name>
         <value>0x8d008</value>
         <object_component_ref idref="oc-25d"/>
      </symbol>
      <symbol id="sm-1276">
         <name>FD$$SUB</name>
         <value>0x8ce51</value>
         <object_component_ref idref="oc-262"/>
      </symbol>
      <symbol id="sm-1285">
         <name>FD$$TOI</name>
         <value>0x8c784</value>
         <object_component_ref idref="oc-267"/>
      </symbol>
      <symbol id="sm-1294">
         <name>FD$$TOL</name>
         <value>0x8c822</value>
         <object_component_ref idref="oc-26c"/>
      </symbol>
      <symbol id="sm-12a0">
         <name>LL$$AND</name>
         <value>0x8cb41</value>
         <object_component_ref idref="oc-271"/>
      </symbol>
      <symbol id="sm-12a1">
         <name>LL$$OR</name>
         <value>0x8cb49</value>
         <object_component_ref idref="oc-271"/>
      </symbol>
      <symbol id="sm-12a2">
         <name>LL$$XOR</name>
         <value>0x8cb51</value>
         <object_component_ref idref="oc-271"/>
      </symbol>
      <symbol id="sm-12b0">
         <name>ULL$$CMP</name>
         <value>0x8c871</value>
         <object_component_ref idref="oc-276"/>
      </symbol>
      <symbol id="sm-12b1">
         <name>LL$$CMP</name>
         <value>0x8c85f</value>
         <object_component_ref idref="oc-276"/>
      </symbol>
      <symbol id="sm-12c1">
         <name>I$$TOFD</name>
         <value>0x8c8b8</value>
         <object_component_ref idref="oc-27b"/>
      </symbol>
      <symbol id="sm-12d1">
         <name>L$$TOFD</name>
         <value>0x8c90d</value>
         <object_component_ref idref="oc-280"/>
      </symbol>
      <symbol id="sm-12e1">
         <name>FS$$TOFD</name>
         <value>0x8c8f1</value>
         <object_component_ref idref="oc-285"/>
      </symbol>
      <symbol id="sm-12eb">
         <name>_errno</name>
         <value>0x10043</value>
         <object_component_ref idref="oc-28c"/>
      </symbol>
      <symbol id="sm-12f8">
         <name>_copysignl</name>
         <value>0x8c6db</value>
         <object_component_ref idref="oc-3f0"/>
      </symbol>
   </symbol_table>
   <title>Link successful</title>
</link_info>
