<?xml version="1.0"?>
<link_info>
   <banner>TMS320C2000 Linker PC v17.6.0.STS</banner>
   <copyright>Copyright (c) 1996-2017 Texas Instruments Incorporated</copyright>
   <link_time>0x5bd799d6</link_time>
   <link_errors>0x0</link_errors>
   <output_file>SE420_NonColocalBeam.out</output_file>
   <entry_point>
      <name>_c_int00</name>
      <address>0x8bd75</address>
   </entry_point>
   <input_file_list>
      <input_file id="fl-2">
         <path>.\</path>
         <kind>object</kind>
         <file>F2837xS_Adc.obj</file>
         <name>F2837xS_Adc.obj</name>
      </input_file>
      <input_file id="fl-3">
         <path>.\</path>
         <kind>object</kind>
         <file>F2837xS_CodeStartBranch.obj</file>
         <name>F2837xS_CodeStartBranch.obj</name>
      </input_file>
      <input_file id="fl-4">
         <path>.\</path>
         <kind>object</kind>
         <file>F2837xS_EPwm.obj</file>
         <name>F2837xS_EPwm.obj</name>
      </input_file>
      <input_file id="fl-5">
         <path>.\</path>
         <kind>object</kind>
         <file>F2837xS_GlobalVariableDefs.obj</file>
         <name>F2837xS_GlobalVariableDefs.obj</name>
      </input_file>
      <input_file id="fl-6">
         <path>.\</path>
         <kind>object</kind>
         <file>F2837xS_Gpio.obj</file>
         <name>F2837xS_Gpio.obj</name>
      </input_file>
      <input_file id="fl-7">
         <path>.\</path>
         <kind>object</kind>
         <file>F2837xS_Spi.obj</file>
         <name>F2837xS_Spi.obj</name>
      </input_file>
      <input_file id="fl-8">
         <path>.\</path>
         <kind>object</kind>
         <file>F2837xS_SysCtrl.obj</file>
         <name>F2837xS_SysCtrl.obj</name>
      </input_file>
      <input_file id="fl-9">
         <path>.\</path>
         <kind>object</kind>
         <file>F2837xS_usDelay.obj</file>
         <name>F2837xS_usDelay.obj</name>
      </input_file>
      <input_file id="fl-a">
         <path>.\</path>
         <kind>object</kind>
         <file>f28377sADC.obj</file>
         <name>f28377sADC.obj</name>
      </input_file>
      <input_file id="fl-b">
         <path>.\</path>
         <kind>object</kind>
         <file>f28377sCoecsl.obj</file>
         <name>f28377sCoecsl.obj</name>
      </input_file>
      <input_file id="fl-c">
         <path>.\</path>
         <kind>object</kind>
         <file>f28377sDAC.obj</file>
         <name>f28377sDAC.obj</name>
      </input_file>
      <input_file id="fl-d">
         <path>.\</path>
         <kind>object</kind>
         <file>f28377sEPWM3A.obj</file>
         <name>f28377sEPWM3A.obj</name>
      </input_file>
      <input_file id="fl-e">
         <path>.\</path>
         <kind>object</kind>
         <file>f28377sEPWM6A.obj</file>
         <name>f28377sEPWM6A.obj</name>
      </input_file>
      <input_file id="fl-f">
         <path>.\</path>
         <kind>object</kind>
         <file>f28377sEPWM8A.obj</file>
         <name>f28377sEPWM8A.obj</name>
      </input_file>
      <input_file id="fl-10">
         <path>.\</path>
         <kind>object</kind>
         <file>f28377sEqep.obj</file>
         <name>f28377sEqep.obj</name>
      </input_file>
      <input_file id="fl-11">
         <path>.\</path>
         <kind>object</kind>
         <file>f28377sSerial.obj</file>
         <name>f28377sSerial.obj</name>
      </input_file>
      <input_file id="fl-12">
         <path>.\</path>
         <kind>object</kind>
         <file>lcd.obj</file>
         <name>lcd.obj</name>
      </input_file>
      <input_file id="fl-13">
         <path>.\</path>
         <kind>object</kind>
         <file>user_SE420_NonColocalBeam.obj</file>
         <name>user_SE420_NonColocalBeam.obj</name>
      </input_file>
      <input_file id="fl-15">
         <path>C:\ayush2\repo\trunk\SE420_NonColocalBeam\SE420_NonColocalBeamProject\Debug\configPkg\package\cfg\</path>
         <kind>object</kind>
         <file>SE420_NonColocalBeam_p28FP.o28FP</file>
         <name>SE420_NonColocalBeam_p28FP.o28FP</name>
      </input_file>
      <input_file id="fl-20">
         <kind>object</kind>
         <file>&lt;internal&gt;</file>
         <name>&lt;internal&gt;</name>
      </input_file>
      <input_file id="fl-21">
         <path>C:\ayush2\repo\trunk\SE420_NonColocalBeam\src\sysbios\</path>
         <kind>archive</kind>
         <file>sysbios.a28FP</file>
         <name>BIOS.obj</name>
      </input_file>
      <input_file id="fl-22">
         <path>C:\ayush2\repo\trunk\SE420_NonColocalBeam\src\sysbios\</path>
         <kind>archive</kind>
         <file>sysbios.a28FP</file>
         <name>c28_Hwi_asm.obj</name>
      </input_file>
      <input_file id="fl-23">
         <path>C:\ayush2\repo\trunk\SE420_NonColocalBeam\src\sysbios\</path>
         <kind>archive</kind>
         <file>sysbios.a28FP</file>
         <name>c28_Hwi_disp_asm.obj</name>
      </input_file>
      <input_file id="fl-24">
         <path>C:\ayush2\repo\trunk\SE420_NonColocalBeam\src\sysbios\</path>
         <kind>archive</kind>
         <file>sysbios.a28FP</file>
         <name>c28_IntrinsicsSupport_asm.obj</name>
      </input_file>
      <input_file id="fl-25">
         <path>C:\ayush2\repo\trunk\SE420_NonColocalBeam\src\sysbios\</path>
         <kind>archive</kind>
         <file>sysbios.a28FP</file>
         <name>c28_TaskSupport_asm.obj</name>
      </input_file>
      <input_file id="fl-26">
         <path>C:\CCStudio_v8\tirtos_c2000_2_16_01_14\products\bios_6_45_02_31\packages\ti\targets\rts2800\lib\</path>
         <kind>archive</kind>
         <file>ti.targets.rts2800.a28FP</file>
         <name>Assert.o28FP</name>
      </input_file>
      <input_file id="fl-27">
         <path>C:\CCStudio_v8\tirtos_c2000_2_16_01_14\products\bios_6_45_02_31\packages\ti\targets\rts2800\lib\</path>
         <kind>archive</kind>
         <file>ti.targets.rts2800.a28FP</file>
         <name>Core-mem.o28FP</name>
      </input_file>
      <input_file id="fl-28">
         <path>C:\CCStudio_v8\tirtos_c2000_2_16_01_14\products\bios_6_45_02_31\packages\ti\targets\rts2800\lib\</path>
         <kind>archive</kind>
         <file>ti.targets.rts2800.a28FP</file>
         <name>Core-smem.o28FP</name>
      </input_file>
      <input_file id="fl-29">
         <path>C:\CCStudio_v8\tirtos_c2000_2_16_01_14\products\bios_6_45_02_31\packages\ti\targets\rts2800\lib\</path>
         <kind>archive</kind>
         <file>ti.targets.rts2800.a28FP</file>
         <name>Core-label.o28FP</name>
      </input_file>
      <input_file id="fl-2a">
         <path>C:\CCStudio_v8\tirtos_c2000_2_16_01_14\products\bios_6_45_02_31\packages\ti\targets\rts2800\lib\</path>
         <kind>archive</kind>
         <file>ti.targets.rts2800.a28FP</file>
         <name>Core-params.o28FP</name>
      </input_file>
      <input_file id="fl-2b">
         <path>C:\CCStudio_v8\tirtos_c2000_2_16_01_14\products\bios_6_45_02_31\packages\ti\targets\rts2800\lib\</path>
         <kind>archive</kind>
         <file>ti.targets.rts2800.a28FP</file>
         <name>Error.o28FP</name>
      </input_file>
      <input_file id="fl-2c">
         <path>C:\CCStudio_v8\tirtos_c2000_2_16_01_14\products\bios_6_45_02_31\packages\ti\targets\rts2800\lib\</path>
         <kind>archive</kind>
         <file>ti.targets.rts2800.a28FP</file>
         <name>Gate.o28FP</name>
      </input_file>
      <input_file id="fl-2d">
         <path>C:\CCStudio_v8\tirtos_c2000_2_16_01_14\products\bios_6_45_02_31\packages\ti\targets\rts2800\lib\</path>
         <kind>archive</kind>
         <file>ti.targets.rts2800.a28FP</file>
         <name>LoggerBuf.o28FP</name>
      </input_file>
      <input_file id="fl-2e">
         <path>C:\CCStudio_v8\tirtos_c2000_2_16_01_14\products\bios_6_45_02_31\packages\ti\targets\rts2800\lib\</path>
         <kind>archive</kind>
         <file>ti.targets.rts2800.a28FP</file>
         <name>Memory.o28FP</name>
      </input_file>
      <input_file id="fl-2f">
         <path>C:\CCStudio_v8\tirtos_c2000_2_16_01_14\products\bios_6_45_02_31\packages\ti\targets\rts2800\lib\</path>
         <kind>archive</kind>
         <file>ti.targets.rts2800.a28FP</file>
         <name>Startup.o28FP</name>
      </input_file>
      <input_file id="fl-30">
         <path>C:\CCStudio_v8\tirtos_c2000_2_16_01_14\products\bios_6_45_02_31\packages\ti\targets\rts2800\lib\</path>
         <kind>archive</kind>
         <file>ti.targets.rts2800.a28FP</file>
         <name>System.o28FP</name>
      </input_file>
      <input_file id="fl-31">
         <path>C:\CCStudio_v8\tirtos_c2000_2_16_01_14\products\bios_6_45_02_31\packages\ti\targets\rts2800\lib\</path>
         <kind>archive</kind>
         <file>ti.targets.rts2800.a28FP</file>
         <name>SysMin.o28FP</name>
      </input_file>
      <input_file id="fl-32">
         <path>C:\CCStudio_v8\tirtos_c2000_2_16_01_14\products\bios_6_45_02_31\packages\ti\targets\rts2800\lib\</path>
         <kind>archive</kind>
         <file>ti.targets.rts2800.a28FP</file>
         <name>Text.o28FP</name>
      </input_file>
      <input_file id="fl-33">
         <path>C:\CCStudio_v8\tirtos_c2000_2_16_01_14\products\bios_6_45_02_31\packages\ti\targets\rts2800\lib\</path>
         <kind>archive</kind>
         <file>ti.targets.rts2800.a28FP</file>
         <name>xdc_noinit.o28FP</name>
      </input_file>
      <input_file id="fl-34">
         <path>C:\CCStudio_v8\tirtos_c2000_2_16_01_14\products\bios_6_45_02_31\packages\ti\targets\rts2800\lib\</path>
         <kind>archive</kind>
         <file>ti.targets.rts2800.a28FP</file>
         <name>Log.o28FP</name>
      </input_file>
      <input_file id="fl-35">
         <path>C:\CCStudio_v8\tirtos_c2000_2_16_01_14\products\bios_6_45_02_31\packages\ti\targets\rts2800\lib\</path>
         <kind>archive</kind>
         <file>ti.targets.rts2800.a28FP</file>
         <name>Registry.o28FP</name>
      </input_file>
      <input_file id="fl-36">
         <path>C:\CCStudio_v8\tirtos_c2000_2_16_01_14\products\bios_6_45_02_31\packages\ti\targets\rts2800\lib\</path>
         <kind>archive</kind>
         <file>boot.a28FP</file>
         <name>boot_cg.o28FP</name>
      </input_file>
      <input_file id="fl-37">
         <path>C:\CCStudio_v8\tirtos_c2000_2_16_01_14\products\bios_6_45_02_31\packages\ti\catalog\c2800\initF2837x\lib\</path>
         <kind>archive</kind>
         <file>Boot.a28FP</file>
         <name>Boot.o28FP</name>
      </input_file>
      <input_file id="fl-43">
         <path>C:\CCStudio_v8\ccsv8\tools\compiler\ti-cgt-c2000_17.6.0.STS\lib\</path>
         <kind>archive</kind>
         <file>rts2800_fpu32.lib</file>
         <name>fd_add28.obj</name>
      </input_file>
      <input_file id="fl-44">
         <path>C:\CCStudio_v8\ccsv8\tools\compiler\ti-cgt-c2000_17.6.0.STS\lib\</path>
         <kind>archive</kind>
         <file>rts2800_fpu32.lib</file>
         <name>fd_mpy28.obj</name>
      </input_file>
      <input_file id="fl-45">
         <path>C:\CCStudio_v8\ccsv8\tools\compiler\ti-cgt-c2000_17.6.0.STS\lib\</path>
         <kind>archive</kind>
         <file>rts2800_fpu32.lib</file>
         <name>fd_sub28.obj</name>
      </input_file>
      <input_file id="fl-46">
         <path>C:\CCStudio_v8\ccsv8\tools\compiler\ti-cgt-c2000_17.6.0.STS\lib\</path>
         <kind>archive</kind>
         <file>rts2800_fpu32.lib</file>
         <name>fs_div28.obj</name>
      </input_file>
      <input_file id="fl-47">
         <path>C:\CCStudio_v8\ccsv8\tools\compiler\ti-cgt-c2000_17.6.0.STS\lib\</path>
         <kind>archive</kind>
         <file>rts2800_fpu32.lib</file>
         <name>ll_div28.obj</name>
      </input_file>
      <input_file id="fl-48">
         <path>C:\CCStudio_v8\ccsv8\tools\compiler\ti-cgt-c2000_17.6.0.STS\lib\</path>
         <kind>archive</kind>
         <file>rts2800_fpu32.lib</file>
         <name>i_div28.obj</name>
      </input_file>
      <input_file id="fl-49">
         <path>C:\CCStudio_v8\ccsv8\tools\compiler\ti-cgt-c2000_17.6.0.STS\lib\</path>
         <kind>archive</kind>
         <file>rts2800_fpu32.lib</file>
         <name>u_div28.obj</name>
      </input_file>
      <input_file id="fl-4a">
         <path>C:\CCStudio_v8\ccsv8\tools\compiler\ti-cgt-c2000_17.6.0.STS\lib\</path>
         <kind>archive</kind>
         <file>rts2800_fpu32.lib</file>
         <name>l_div28.obj</name>
      </input_file>
      <input_file id="fl-4b">
         <path>C:\CCStudio_v8\ccsv8\tools\compiler\ti-cgt-c2000_17.6.0.STS\lib\</path>
         <kind>archive</kind>
         <file>rts2800_fpu32.lib</file>
         <name>fs_tofdfpu32.obj</name>
      </input_file>
      <input_file id="fl-4c">
         <path>C:\CCStudio_v8\ccsv8\tools\compiler\ti-cgt-c2000_17.6.0.STS\lib\</path>
         <kind>archive</kind>
         <file>rts2800_fpu32.lib</file>
         <name>fd_tofsfpu32.obj</name>
      </input_file>
      <input_file id="fl-4d">
         <path>C:\CCStudio_v8\ccsv8\tools\compiler\ti-cgt-c2000_17.6.0.STS\lib\</path>
         <kind>archive</kind>
         <file>rts2800_fpu32.lib</file>
         <name>cpy_tbl.obj</name>
      </input_file>
      <input_file id="fl-4e">
         <path>C:\CCStudio_v8\ccsv8\tools\compiler\ti-cgt-c2000_17.6.0.STS\lib\</path>
         <kind>archive</kind>
         <file>rts2800_fpu32.lib</file>
         <name>memcpy.obj</name>
      </input_file>
      <input_file id="fl-4f">
         <path>C:\CCStudio_v8\ccsv8\tools\compiler\ti-cgt-c2000_17.6.0.STS\lib\</path>
         <kind>archive</kind>
         <file>rts2800_fpu32.lib</file>
         <name>exit.obj</name>
      </input_file>
      <input_file id="fl-50">
         <path>C:\CCStudio_v8\ccsv8\tools\compiler\ti-cgt-c2000_17.6.0.STS\lib\</path>
         <kind>archive</kind>
         <file>rts2800_fpu32.lib</file>
         <name>_lock.obj</name>
      </input_file>
      <input_file id="fl-51">
         <path>C:\CCStudio_v8\ccsv8\tools\compiler\ti-cgt-c2000_17.6.0.STS\lib\</path>
         <kind>archive</kind>
         <file>rts2800_fpu32.lib</file>
         <name>args_main.obj</name>
      </input_file>
      <input_file id="fl-52">
         <path>C:\CCStudio_v8\ccsv8\tools\compiler\ti-cgt-c2000_17.6.0.STS\lib\</path>
         <kind>archive</kind>
         <file>rts2800_fpu32.lib</file>
         <name>memset.obj</name>
      </input_file>
      <input_file id="fl-53">
         <path>C:\CCStudio_v8\ccsv8\tools\compiler\ti-cgt-c2000_17.6.0.STS\lib\</path>
         <kind>archive</kind>
         <file>rts2800_fpu32.lib</file>
         <name>strcmp.obj</name>
      </input_file>
      <input_file id="fl-54">
         <path>C:\CCStudio_v8\ccsv8\tools\compiler\ti-cgt-c2000_17.6.0.STS\lib\</path>
         <kind>archive</kind>
         <file>rts2800_fpu32.lib</file>
         <name>strlen.obj</name>
      </input_file>
      <input_file id="fl-55">
         <path>C:\CCStudio_v8\ccsv8\tools\compiler\ti-cgt-c2000_17.6.0.STS\lib\</path>
         <kind>archive</kind>
         <file>rts2800_fpu32.lib</file>
         <name>hostwrite.obj</name>
      </input_file>
      <input_file id="fl-56">
         <path>C:\CCStudio_v8\ccsv8\tools\compiler\ti-cgt-c2000_17.6.0.STS\lib\</path>
         <kind>archive</kind>
         <file>rts2800_fpu32.lib</file>
         <name>trgmsg.obj</name>
      </input_file>
      <input_file id="fl-57">
         <path>C:\CCStudio_v8\ccsv8\tools\compiler\ti-cgt-c2000_17.6.0.STS\lib\</path>
         <kind>archive</kind>
         <file>rts2800_fpu32.lib</file>
         <name>vsprintf.obj</name>
      </input_file>
      <input_file id="fl-58">
         <path>C:\CCStudio_v8\ccsv8\tools\compiler\ti-cgt-c2000_17.6.0.STS\lib\</path>
         <kind>archive</kind>
         <file>rts2800_fpu32.lib</file>
         <name>_printfi.obj</name>
      </input_file>
      <input_file id="fl-59">
         <path>C:\CCStudio_v8\ccsv8\tools\compiler\ti-cgt-c2000_17.6.0.STS\lib\</path>
         <kind>archive</kind>
         <file>rts2800_fpu32.lib</file>
         <name>atoi.obj</name>
      </input_file>
      <input_file id="fl-5a">
         <path>C:\CCStudio_v8\ccsv8\tools\compiler\ti-cgt-c2000_17.6.0.STS\lib\</path>
         <kind>archive</kind>
         <file>rts2800_fpu32.lib</file>
         <name>ctype.obj</name>
      </input_file>
      <input_file id="fl-5b">
         <path>C:\CCStudio_v8\ccsv8\tools\compiler\ti-cgt-c2000_17.6.0.STS\lib\</path>
         <kind>archive</kind>
         <file>rts2800_fpu32.lib</file>
         <name>ltoa.obj</name>
      </input_file>
      <input_file id="fl-5c">
         <path>C:\CCStudio_v8\ccsv8\tools\compiler\ti-cgt-c2000_17.6.0.STS\lib\</path>
         <kind>archive</kind>
         <file>rts2800_fpu32.lib</file>
         <name>memccpy.obj</name>
      </input_file>
      <input_file id="fl-5d">
         <path>C:\CCStudio_v8\ccsv8\tools\compiler\ti-cgt-c2000_17.6.0.STS\lib\</path>
         <kind>archive</kind>
         <file>rts2800_fpu32.lib</file>
         <name>strchr.obj</name>
      </input_file>
      <input_file id="fl-5e">
         <path>C:\CCStudio_v8\ccsv8\tools\compiler\ti-cgt-c2000_17.6.0.STS\lib\</path>
         <kind>archive</kind>
         <file>rts2800_fpu32.lib</file>
         <name>strcpy.obj</name>
      </input_file>
      <input_file id="fl-5f">
         <path>C:\CCStudio_v8\ccsv8\tools\compiler\ti-cgt-c2000_17.6.0.STS\lib\</path>
         <kind>archive</kind>
         <file>rts2800_fpu32.lib</file>
         <name>hostopen.obj</name>
      </input_file>
      <input_file id="fl-60">
         <path>C:\CCStudio_v8\ccsv8\tools\compiler\ti-cgt-c2000_17.6.0.STS\lib\</path>
         <kind>archive</kind>
         <file>rts2800_fpu32.lib</file>
         <name>s_frexp.obj</name>
      </input_file>
      <input_file id="fl-61">
         <path>C:\CCStudio_v8\ccsv8\tools\compiler\ti-cgt-c2000_17.6.0.STS\lib\</path>
         <kind>archive</kind>
         <file>rts2800_fpu32.lib</file>
         <name>s_scalbn.obj</name>
      </input_file>
      <input_file id="fl-62">
         <path>C:\CCStudio_v8\ccsv8\tools\compiler\ti-cgt-c2000_17.6.0.STS\lib\</path>
         <kind>archive</kind>
         <file>rts2800_fpu32.lib</file>
         <name>fd_cmp28.obj</name>
      </input_file>
      <input_file id="fl-63">
         <path>C:\CCStudio_v8\ccsv8\tools\compiler\ti-cgt-c2000_17.6.0.STS\lib\</path>
         <kind>archive</kind>
         <file>rts2800_fpu32.lib</file>
         <name>fd_div28.obj</name>
      </input_file>
      <input_file id="fl-64">
         <path>C:\CCStudio_v8\ccsv8\tools\compiler\ti-cgt-c2000_17.6.0.STS\lib\</path>
         <kind>archive</kind>
         <file>rts2800_fpu32.lib</file>
         <name>fd_neg28.obj</name>
      </input_file>
      <input_file id="fl-65">
         <path>C:\CCStudio_v8\ccsv8\tools\compiler\ti-cgt-c2000_17.6.0.STS\lib\</path>
         <kind>archive</kind>
         <file>rts2800_fpu32.lib</file>
         <name>fd_toi28.obj</name>
      </input_file>
      <input_file id="fl-66">
         <path>C:\CCStudio_v8\ccsv8\tools\compiler\ti-cgt-c2000_17.6.0.STS\lib\</path>
         <kind>archive</kind>
         <file>rts2800_fpu32.lib</file>
         <name>fd_tol28.obj</name>
      </input_file>
      <input_file id="fl-67">
         <path>C:\CCStudio_v8\ccsv8\tools\compiler\ti-cgt-c2000_17.6.0.STS\lib\</path>
         <kind>archive</kind>
         <file>rts2800_fpu32.lib</file>
         <name>ll_aox28.obj</name>
      </input_file>
      <input_file id="fl-68">
         <path>C:\CCStudio_v8\ccsv8\tools\compiler\ti-cgt-c2000_17.6.0.STS\lib\</path>
         <kind>archive</kind>
         <file>rts2800_fpu32.lib</file>
         <name>ll_cmp28.obj</name>
      </input_file>
      <input_file id="fl-69">
         <path>C:\CCStudio_v8\ccsv8\tools\compiler\ti-cgt-c2000_17.6.0.STS\lib\</path>
         <kind>archive</kind>
         <file>rts2800_fpu32.lib</file>
         <name>i_tofd28.obj</name>
      </input_file>
      <input_file id="fl-6a">
         <path>C:\CCStudio_v8\ccsv8\tools\compiler\ti-cgt-c2000_17.6.0.STS\lib\</path>
         <kind>archive</kind>
         <file>rts2800_fpu32.lib</file>
         <name>l_tofd28.obj</name>
      </input_file>
      <input_file id="fl-6b">
         <path>C:\CCStudio_v8\ccsv8\tools\compiler\ti-cgt-c2000_17.6.0.STS\lib\</path>
         <kind>archive</kind>
         <file>rts2800_fpu32.lib</file>
         <name>errno.obj</name>
      </input_file>
      <input_file id="fl-6c">
         <path>C:\CCStudio_v8\ccsv8\tools\compiler\ti-cgt-c2000_17.6.0.STS\lib\</path>
         <kind>archive</kind>
         <file>rts2800_fpu32.lib</file>
         <name>s_copysign.obj</name>
      </input_file>
   </input_file_list>
   <object_component_list>
      <object_component id="oc-3b9">
         <name>.text:ti_catalog_c2800_initF2837x_flashfuncs:_ti_catalog_c2800_initF2837x_Boot_initFlash</name>
         <load_address>0x801be</load_address>
         <run_address>0xb000</run_address>
         <size>0x27</size>
         <input_file_ref idref="fl-37"/>
      </object_component>
      <object_component id="oc-146">
         <name>xdc.meta</name>
         <load_address>0x0</load_address>
         <run_address>0x0</run_address>
         <size>0x10f</size>
         <input_file_ref idref="fl-15"/>
      </object_component>
      <object_component id="oc-143">
         <name>.cinit</name>
         <load_address>0x801e5</load_address>
         <run_address>0x801e5</run_address>
         <size>0x4a9</size>
         <input_file_ref idref="fl-15"/>
      </object_component>
      <object_component id="oc-139">
         <name>.cinit</name>
         <load_address>0x8068e</load_address>
         <run_address>0x8068e</run_address>
         <size>0x1c1</size>
         <input_file_ref idref="fl-13"/>
      </object_component>
      <object_component id="oc-200">
         <name>.cinit</name>
         <load_address>0x8084f</load_address>
         <run_address>0x8084f</run_address>
         <size>0xe</size>
         <input_file_ref idref="fl-4f"/>
      </object_component>
      <object_component id="oc-333">
         <name>.cinit:__lock</name>
         <load_address>0x8085d</load_address>
         <run_address>0x8085d</run_address>
         <size>0x5</size>
         <input_file_ref idref="fl-50"/>
      </object_component>
      <object_component id="oc-332">
         <name>.cinit:__unlock</name>
         <load_address>0x80862</load_address>
         <run_address>0x80862</run_address>
         <size>0x5</size>
         <input_file_ref idref="fl-50"/>
      </object_component>
      <object_component id="oc-291">
         <name>.cinit</name>
         <load_address>0x80867</load_address>
         <run_address>0x80867</run_address>
         <size>0x4</size>
         <input_file_ref idref="fl-6b"/>
      </object_component>
      <object_component id="oc-477">
         <name>.binit</name>
         <load_address>0x8088c</load_address>
         <run_address>0x8088c</run_address>
         <size>0xa</size>
      </object_component>
      <object_component id="oc-372">
         <name>.text</name>
         <load_address>0x88000</load_address>
         <run_address>0x88000</run_address>
         <size>0xc16</size>
         <input_file_ref idref="fl-58"/>
      </object_component>
      <object_component id="oc-2a3">
         <name>.text</name>
         <load_address>0x88c16</load_address>
         <run_address>0x88c16</run_address>
         <size>0x7eb</size>
         <input_file_ref idref="fl-13"/>
      </object_component>
      <object_component id="oc-2cc">
         <name>.text</name>
         <load_address>0x89401</load_address>
         <run_address>0x89401</run_address>
         <size>0x2af</size>
         <input_file_ref idref="fl-11"/>
      </object_component>
      <object_component id="oc-2c8">
         <name>.text</name>
         <load_address>0x896b0</load_address>
         <run_address>0x896b0</run_address>
         <size>0x299</size>
         <input_file_ref idref="fl-8"/>
      </object_component>
      <object_component id="oc-453">
         <name>.text:_xdc_runtime_System_doPrint__I</name>
         <load_address>0x89949</load_address>
         <run_address>0x89949</run_address>
         <size>0x252</size>
         <input_file_ref idref="fl-30"/>
      </object_component>
      <object_component id="oc-2c9">
         <name>.text</name>
         <load_address>0x89b9b</load_address>
         <run_address>0x89b9b</run_address>
         <size>0x244</size>
         <input_file_ref idref="fl-6"/>
      </object_component>
      <object_component id="oc-34e">
         <name>.text:_ti_sysbios_knl_Semaphore_pend__E</name>
         <load_address>0x89ddf</load_address>
         <run_address>0x89ddf</run_address>
         <size>0x1da</size>
         <input_file_ref idref="fl-21"/>
      </object_component>
      <object_component id="oc-2bf">
         <name>.text:_ti_sysbios_heaps_HeapMem_free__E</name>
         <load_address>0x89fb9</load_address>
         <run_address>0x89fb9</run_address>
         <size>0x1ba</size>
         <input_file_ref idref="fl-21"/>
      </object_component>
      <object_component id="oc-2be">
         <name>.text:_ti_sysbios_heaps_HeapMem_alloc__E</name>
         <load_address>0x8a173</load_address>
         <run_address>0x8a173</run_address>
         <size>0x1b3</size>
         <input_file_ref idref="fl-21"/>
      </object_component>
      <object_component id="oc-2cd">
         <name>.text</name>
         <load_address>0x8a326</load_address>
         <run_address>0x8a326</run_address>
         <size>0x165</size>
         <input_file_ref idref="fl-12"/>
      </object_component>
      <object_component id="oc-2ca">
         <name>.text</name>
         <load_address>0x8a48b</load_address>
         <run_address>0x8a48b</run_address>
         <size>0x117</size>
         <input_file_ref idref="fl-10"/>
      </object_component>
      <object_component id="oc-469">
         <name>.text:_xdc_runtime_System_printfExtend__I</name>
         <load_address>0x8a5a2</load_address>
         <run_address>0x8a5a2</run_address>
         <size>0x10a</size>
         <input_file_ref idref="fl-15"/>
      </object_component>
      <object_component id="oc-1d7">
         <name>.text</name>
         <load_address>0x8a6ac</load_address>
         <run_address>0x8a6ac</run_address>
         <size>0x107</size>
         <input_file_ref idref="fl-47"/>
      </object_component>
      <object_component id="oc-2cb">
         <name>.text</name>
         <load_address>0x8a7b3</load_address>
         <run_address>0x8a7b3</run_address>
         <size>0xfd</size>
         <input_file_ref idref="fl-4"/>
      </object_component>
      <object_component id="oc-319">
         <name>.text:_ti_sysbios_heaps_HeapMem_Instance_init__E</name>
         <load_address>0x8a8b0</load_address>
         <run_address>0x8a8b0</run_address>
         <size>0xed</size>
         <input_file_ref idref="fl-21"/>
      </object_component>
      <object_component id="oc-381">
         <name>.text:_ti_sysbios_family_c28_Hwi_clearInterrupt__E</name>
         <load_address>0x8a99d</load_address>
         <run_address>0x8a99d</run_address>
         <size>0xe0</size>
         <input_file_ref idref="fl-21"/>
      </object_component>
      <object_component id="oc-31f">
         <name>.text</name>
         <load_address>0x8aa7d</load_address>
         <run_address>0x8aa7d</run_address>
         <size>0xdd</size>
         <input_file_ref idref="fl-2"/>
      </object_component>
      <object_component id="oc-2d8">
         <name>.text:_xdc_runtime_LoggerBuf_write8__E</name>
         <load_address>0x8ab5a</load_address>
         <run_address>0x8ab5a</run_address>
         <size>0xd2</size>
         <input_file_ref idref="fl-2d"/>
      </object_component>
      <object_component id="oc-307">
         <name>.text:_xdc_runtime_Core_createObject__I</name>
         <load_address>0x8ac2c</load_address>
         <run_address>0x8ac2c</run_address>
         <size>0xc3</size>
         <input_file_ref idref="fl-27"/>
      </object_component>
      <object_component id="oc-46b">
         <name>.text:_ti_sysbios_family_c28_Hwi_dispatchCore__I</name>
         <load_address>0x8acef</load_address>
         <run_address>0x8acef</run_address>
         <size>0xc0</size>
         <input_file_ref idref="fl-21"/>
      </object_component>
      <object_component id="oc-3c7">
         <name>.text</name>
         <load_address>0x8adaf</load_address>
         <run_address>0x8adaf</run_address>
         <size>0xc0</size>
         <input_file_ref idref="fl-61"/>
      </object_component>
      <object_component id="oc-34f">
         <name>.text:_ti_sysbios_knl_Semaphore_post__E</name>
         <load_address>0x8ae6f</load_address>
         <run_address>0x8ae6f</run_address>
         <size>0xb8</size>
         <input_file_ref idref="fl-21"/>
      </object_component>
      <object_component id="oc-2c6">
         <name>.text</name>
         <load_address>0x8af27</load_address>
         <run_address>0x8af27</run_address>
         <size>0xb7</size>
         <input_file_ref idref="fl-f"/>
      </object_component>
      <object_component id="oc-2a7">
         <name>.text:_ti_sysbios_knl_Clock_workFunc__E</name>
         <load_address>0x8afde</load_address>
         <run_address>0x8afde</run_address>
         <size>0xb6</size>
         <input_file_ref idref="fl-21"/>
      </object_component>
      <object_component id="oc-3e1">
         <name>.text:_ti_sysbios_knl_Swi_run__I</name>
         <load_address>0x8b094</load_address>
         <run_address>0x8b094</run_address>
         <size>0xaf</size>
         <input_file_ref idref="fl-21"/>
      </object_component>
      <object_component id="oc-3e7">
         <name>.text:_xdc_runtime_Core_constructObject__I</name>
         <load_address>0x8b143</load_address>
         <run_address>0x8b143</run_address>
         <size>0x9c</size>
         <input_file_ref idref="fl-28"/>
      </object_component>
      <object_component id="oc-354">
         <name>.text:_xdc_runtime_Error_policyDefault__E</name>
         <load_address>0x8b1df</load_address>
         <run_address>0x8b1df</run_address>
         <size>0x9c</size>
         <input_file_ref idref="fl-2b"/>
      </object_component>
      <object_component id="oc-1c3">
         <name>.text</name>
         <load_address>0x8b27b</load_address>
         <run_address>0x8b27b</run_address>
         <size>0x9c</size>
         <input_file_ref idref="fl-43"/>
      </object_component>
      <object_component id="oc-439">
         <name>.text:_ti_sysbios_family_c28_Hwi_dispatch</name>
         <load_address>0x8b317</load_address>
         <run_address>0x8b317</run_address>
         <size>0x9b</size>
         <input_file_ref idref="fl-23"/>
      </object_component>
      <object_component id="oc-2ce">
         <name>.text</name>
         <load_address>0x8b3b2</load_address>
         <run_address>0x8b3b2</run_address>
         <size>0x9b</size>
         <input_file_ref idref="fl-a"/>
      </object_component>
      <object_component id="oc-3b6">
         <name>.text:_ti_catalog_c2800_initF2837x_Boot_defaultLimpAbortFunction</name>
         <load_address>0x8b44d</load_address>
         <run_address>0x8b44d</run_address>
         <size>0x1</size>
         <input_file_ref idref="fl-37"/>
      </object_component>
      <object_component id="oc-433">
         <name>.text</name>
         <load_address>0x8b44e</load_address>
         <run_address>0x8b44e</run_address>
         <size>0x94</size>
         <input_file_ref idref="fl-56"/>
      </object_component>
      <object_component id="oc-382">
         <name>.text:_ti_sysbios_family_c28_Hwi_enableInterrupt__E</name>
         <load_address>0x8b4e2</load_address>
         <run_address>0x8b4e2</run_address>
         <size>0x8e</size>
         <input_file_ref idref="fl-21"/>
      </object_component>
      <object_component id="oc-2d7">
         <name>.text:_xdc_runtime_LoggerBuf_write4__E</name>
         <load_address>0x8b570</load_address>
         <run_address>0x8b570</run_address>
         <size>0x8b</size>
         <input_file_ref idref="fl-2d"/>
      </object_component>
      <object_component id="oc-268">
         <name>.text</name>
         <load_address>0x8b5fb</load_address>
         <run_address>0x8b5fb</run_address>
         <size>0x8b</size>
         <input_file_ref idref="fl-63"/>
      </object_component>
      <object_component id="oc-1d2">
         <name>.text</name>
         <load_address>0x8b686</load_address>
         <run_address>0x8b686</run_address>
         <size>0x88</size>
         <input_file_ref idref="fl-46"/>
      </object_component>
      <object_component id="oc-1c8">
         <name>.text</name>
         <load_address>0x8b70e</load_address>
         <run_address>0x8b70e</run_address>
         <size>0x83</size>
         <input_file_ref idref="fl-44"/>
      </object_component>
      <object_component id="oc-2c5">
         <name>.text</name>
         <load_address>0x8b791</load_address>
         <run_address>0x8b791</run_address>
         <size>0x82</size>
         <input_file_ref idref="fl-c"/>
      </object_component>
      <object_component id="oc-455">
         <name>.text:_ti_sysbios_family_c28_Hwi_disableInterrupt__E</name>
         <load_address>0x8b813</load_address>
         <run_address>0x8b813</run_address>
         <size>0x81</size>
         <input_file_ref idref="fl-21"/>
      </object_component>
      <object_component id="oc-3d7">
         <name>.text:_ti_sysbios_family_c28_Hwi_disablePIEIER__E</name>
         <load_address>0x8b894</load_address>
         <run_address>0x8b894</run_address>
         <size>0x7e</size>
         <input_file_ref idref="fl-21"/>
      </object_component>
      <object_component id="oc-3d6">
         <name>.text:_ti_sysbios_family_c28_Hwi_enablePIEIER__E</name>
         <load_address>0x8b912</load_address>
         <run_address>0x8b912</run_address>
         <size>0x7d</size>
         <input_file_ref idref="fl-21"/>
      </object_component>
      <object_component id="oc-3bb">
         <name>.text:_xdc_runtime_Startup_startMods__I</name>
         <load_address>0x8b98f</load_address>
         <run_address>0x8b98f</run_address>
         <size>0x7d</size>
         <input_file_ref idref="fl-2f"/>
      </object_component>
      <object_component id="oc-387">
         <name>.text:_ti_sysbios_knl_Task_checkStacks__E</name>
         <load_address>0x8ba0c</load_address>
         <run_address>0x8ba0c</run_address>
         <size>0x73</size>
         <input_file_ref idref="fl-21"/>
      </object_component>
      <object_component id="oc-33c">
         <name>.text:_ti_sysbios_knl_Task_startCore__E</name>
         <load_address>0x8ba7f</load_address>
         <run_address>0x8ba7f</run_address>
         <size>0x71</size>
         <input_file_ref idref="fl-21"/>
      </object_component>
      <object_component id="oc-2f7">
         <name>.text:_ti_sysbios_gates_GateMutex_enter__E</name>
         <load_address>0x8baf0</load_address>
         <run_address>0x8baf0</run_address>
         <size>0x70</size>
         <input_file_ref idref="fl-21"/>
      </object_component>
      <object_component id="oc-41c">
         <name>.text:_xdc_runtime_Text_putSite__E</name>
         <load_address>0x8bb60</load_address>
         <run_address>0x8bb60</run_address>
         <size>0x6f</size>
         <input_file_ref idref="fl-32"/>
      </object_component>
      <object_component id="oc-3da">
         <name>.text:_ti_sysbios_knl_Task_schedule__I</name>
         <load_address>0x8bbcf</load_address>
         <run_address>0x8bbcf</run_address>
         <size>0x6e</size>
         <input_file_ref idref="fl-21"/>
      </object_component>
      <object_component id="oc-3e8">
         <name>.text:_ti_sysbios_knl_Semaphore_Instance_init__E</name>
         <load_address>0x8bc3d</load_address>
         <run_address>0x8bc3d</run_address>
         <size>0x6a</size>
         <input_file_ref idref="fl-21"/>
      </object_component>
      <object_component id="oc-2cf">
         <name>.text</name>
         <load_address>0x8bca7</load_address>
         <run_address>0x8bca7</run_address>
         <size>0x68</size>
         <input_file_ref idref="fl-d"/>
      </object_component>
      <object_component id="oc-43b">
         <name>.text:_ti_sysbios_family_c28_Timer_stopAndClear__I</name>
         <load_address>0x8bd0f</load_address>
         <run_address>0x8bd0f</run_address>
         <size>0x66</size>
         <input_file_ref idref="fl-21"/>
      </object_component>
      <object_component id="oc-84">
         <name>.text</name>
         <load_address>0x8bd75</load_address>
         <run_address>0x8bd75</run_address>
         <size>0x63</size>
         <input_file_ref idref="fl-36"/>
      </object_component>
      <object_component id="oc-2f5">
         <name>.text:_ti_sysbios_knl_Swi_post__E</name>
         <load_address>0x8bdd8</load_address>
         <run_address>0x8bdd8</run_address>
         <size>0x60</size>
         <input_file_ref idref="fl-21"/>
      </object_component>
      <object_component id="oc-3a2">
         <name>.text:_ti_sysbios_knl_Task_blockI__E</name>
         <load_address>0x8be38</load_address>
         <run_address>0x8be38</run_address>
         <size>0x60</size>
         <input_file_ref idref="fl-21"/>
      </object_component>
      <object_component id="oc-3c6">
         <name>.text</name>
         <load_address>0x8be98</load_address>
         <run_address>0x8be98</run_address>
         <size>0x5a</size>
         <input_file_ref idref="fl-60"/>
      </object_component>
      <object_component id="oc-445">
         <name>.text:_ti_sysbios_knl_Task_exit__E</name>
         <load_address>0x8bef2</load_address>
         <run_address>0x8bef2</run_address>
         <size>0x57</size>
         <input_file_ref idref="fl-21"/>
      </object_component>
      <object_component id="oc-375">
         <name>.text:_xdc_runtime_Memory_alloc__E</name>
         <load_address>0x8bf49</load_address>
         <run_address>0x8bf49</run_address>
         <size>0x57</size>
         <input_file_ref idref="fl-2e"/>
      </object_component>
      <object_component id="oc-3a5">
         <name>.text:_ti_sysbios_knl_Task_unblockI__E</name>
         <load_address>0x8bfa0</load_address>
         <run_address>0x8bfa0</run_address>
         <size>0x51</size>
         <input_file_ref idref="fl-21"/>
      </object_component>
      <object_component id="oc-46f">
         <name>.text:_xdc_runtime_Text_putLab__E</name>
         <load_address>0x8bff1</load_address>
         <run_address>0x8bff1</run_address>
         <size>0x4f</size>
         <input_file_ref idref="fl-32"/>
      </object_component>
      <object_component id="oc-430">
         <name>.text:_ti_sysbios_knl_Task_postInit__I</name>
         <load_address>0x8c040</load_address>
         <run_address>0x8c040</run_address>
         <size>0x4b</size>
         <input_file_ref idref="fl-21"/>
      </object_component>
      <object_component id="oc-411">
         <name>.text:_ti_sysbios_family_c28_Hwi_Module_startup__E</name>
         <load_address>0x8c08b</load_address>
         <run_address>0x8c08b</run_address>
         <size>0x47</size>
         <input_file_ref idref="fl-21"/>
      </object_component>
      <object_component id="oc-309">
         <name>.text:_xdc_runtime_Core_deleteObject__I</name>
         <load_address>0x8c0d2</load_address>
         <run_address>0x8c0d2</run_address>
         <size>0x46</size>
         <input_file_ref idref="fl-27"/>
      </object_component>
      <object_component id="oc-2fe">
         <name>.text:.bootCodeSection:_ti_catalog_c2800_initF2837x_Boot_configurePllDivs</name>
         <load_address>0x8c118</load_address>
         <run_address>0x8c118</run_address>
         <size>0x45</size>
         <input_file_ref idref="fl-37"/>
      </object_component>
      <object_component id="oc-424">
         <name>.text:_ti_sysbios_family_c28_Timer_postInit__I</name>
         <load_address>0x8c15d</load_address>
         <run_address>0x8c15d</run_address>
         <size>0x43</size>
         <input_file_ref idref="fl-21"/>
      </object_component>
      <object_component id="oc-14e">
         <name>.text:_ti_sysbios_family_c28_Hwi_unPluggedInterrupt__I</name>
         <load_address>0x8c1a0</load_address>
         <run_address>0x8c1a0</run_address>
         <size>0x42</size>
         <input_file_ref idref="fl-21"/>
      </object_component>
      <object_component id="oc-460">
         <name>.text:_xdc_runtime_System_formatNum__I</name>
         <load_address>0x8c1e2</load_address>
         <run_address>0x8c1e2</run_address>
         <size>0x3f</size>
         <input_file_ref idref="fl-30"/>
      </object_component>
      <object_component id="oc-476">
         <name>.text:_ti_sysbios_knl_Swi_restoreHwi__E</name>
         <load_address>0x8c221</load_address>
         <run_address>0x8c221</run_address>
         <size>0x3e</size>
         <input_file_ref idref="fl-21"/>
      </object_component>
      <object_component id="oc-434">
         <name>.text:_xdc_runtime_Text_putMod__E</name>
         <load_address>0x8c25f</load_address>
         <run_address>0x8c25f</run_address>
         <size>0x3e</size>
         <input_file_ref idref="fl-32"/>
      </object_component>
      <object_component id="oc-364">
         <name>.text:_xdc_runtime_Core_assignParams__I</name>
         <load_address>0x8c29d</load_address>
         <run_address>0x8c29d</run_address>
         <size>0x3d</size>
         <input_file_ref idref="fl-2a"/>
      </object_component>
      <object_component id="oc-2da">
         <name>.text:_xdc_runtime_LoggerBuf_getFilterLevel__E</name>
         <load_address>0x8c2da</load_address>
         <run_address>0x8c2da</run_address>
         <size>0x3d</size>
         <input_file_ref idref="fl-2d"/>
      </object_component>
      <object_component id="oc-2d9">
         <name>.text:_xdc_runtime_LoggerBuf_setFilterLevel__E</name>
         <load_address>0x8c317</load_address>
         <run_address>0x8c317</run_address>
         <size>0x3c</size>
         <input_file_ref idref="fl-2d"/>
      </object_component>
      <object_component id="oc-459">
         <name>.text:_ti_sysbios_family_c28_TaskSupport_start__E</name>
         <load_address>0x8c353</load_address>
         <run_address>0x8c353</run_address>
         <size>0x3a</size>
         <input_file_ref idref="fl-21"/>
      </object_component>
      <object_component id="oc-2db">
         <name>.text:_xdc_runtime_LoggerBuf_Object__create__S</name>
         <load_address>0x8c38d</load_address>
         <run_address>0x8c38d</run_address>
         <size>0x38</size>
         <input_file_ref idref="fl-15"/>
      </object_component>
      <object_component id="oc-418">
         <name>.text</name>
         <load_address>0x8c3c5</load_address>
         <run_address>0x8c3c5</run_address>
         <size>0x38</size>
         <input_file_ref idref="fl-55"/>
      </object_component>
      <object_component id="oc-2f2">
         <name>.text:_ti_sysbios_knl_Clock_logTick__E</name>
         <load_address>0x8c3fd</load_address>
         <run_address>0x8c3fd</run_address>
         <size>0x36</size>
         <input_file_ref idref="fl-21"/>
      </object_component>
      <object_component id="oc-32c">
         <name>.text:_xdc_runtime_LoggerBuf_Instance_init__E</name>
         <load_address>0x8c433</load_address>
         <run_address>0x8c433</run_address>
         <size>0x36</size>
         <input_file_ref idref="fl-2d"/>
      </object_component>
      <object_component id="oc-337">
         <name>.text:_ti_sysbios_BIOS_rtsUnlock__I</name>
         <load_address>0x8c469</load_address>
         <run_address>0x8c469</run_address>
         <size>0x34</size>
         <input_file_ref idref="fl-15"/>
      </object_component>
      <object_component id="oc-416">
         <name>.text:_ti_sysbios_knl_Task_Module_startup__E</name>
         <load_address>0x8c49d</load_address>
         <run_address>0x8c49d</run_address>
         <size>0x32</size>
         <input_file_ref idref="fl-21"/>
      </object_component>
      <object_component id="oc-310">
         <name>.text:_xdc_runtime_Assert_raise__I</name>
         <load_address>0x8c4cf</load_address>
         <run_address>0x8c4cf</run_address>
         <size>0x32</size>
         <input_file_ref idref="fl-26"/>
      </object_component>
      <object_component id="oc-468">
         <name>.text:_xdc_runtime_Text_visitRope2__I</name>
         <load_address>0x8c501</load_address>
         <run_address>0x8c501</run_address>
         <size>0x32</size>
         <input_file_ref idref="fl-32"/>
      </object_component>
      <object_component id="oc-29b">
         <name>.text:_xdc_runtime_Startup_exec__E</name>
         <load_address>0x8c533</load_address>
         <run_address>0x8c533</run_address>
         <size>0x31</size>
         <input_file_ref idref="fl-2f"/>
      </object_component>
      <object_component id="oc-3c4">
         <name>.text</name>
         <load_address>0x8c564</load_address>
         <run_address>0x8c564</run_address>
         <size>0x31</size>
         <input_file_ref idref="fl-59"/>
      </object_component>
      <object_component id="oc-3ab">
         <name>.text:_xdc_runtime_Error_setX__E</name>
         <load_address>0x8c595</load_address>
         <run_address>0x8c595</run_address>
         <size>0x30</size>
         <input_file_ref idref="fl-2b"/>
      </object_component>
      <object_component id="oc-31a">
         <name>.text</name>
         <load_address>0x8c5c5</load_address>
         <run_address>0x8c5c5</run_address>
         <size>0x30</size>
         <input_file_ref idref="fl-57"/>
      </object_component>
      <object_component id="oc-392">
         <name>.text:_ti_sysbios_knl_Swi_runLoop__I</name>
         <load_address>0x8c5f5</load_address>
         <run_address>0x8c5f5</run_address>
         <size>0x2e</size>
         <input_file_ref idref="fl-21"/>
      </object_component>
      <object_component id="oc-347">
         <name>.text:_ti_sysbios_knl_Swi_schedule__I</name>
         <load_address>0x8c623</load_address>
         <run_address>0x8c623</run_address>
         <size>0x2e</size>
         <input_file_ref idref="fl-21"/>
      </object_component>
      <object_component id="oc-40c">
         <name>.text:_xdc_runtime_Error_print__E</name>
         <load_address>0x8c651</load_address>
         <run_address>0x8c651</run_address>
         <size>0x2e</size>
         <input_file_ref idref="fl-2b"/>
      </object_component>
      <object_component id="oc-3c5">
         <name>.text</name>
         <load_address>0x8c67f</load_address>
         <run_address>0x8c67f</run_address>
         <size>0x2e</size>
         <input_file_ref idref="fl-5b"/>
      </object_component>
      <object_component id="oc-3ef">
         <name>.text:_ti_sysbios_family_c28_Hwi_getStackInfo__E</name>
         <load_address>0x8c6ad</load_address>
         <run_address>0x8c6ad</run_address>
         <size>0x2d</size>
         <input_file_ref idref="fl-21"/>
      </object_component>
      <object_component id="oc-2c1">
         <name>.text:_ti_sysbios_heaps_HeapMem_getStats__E</name>
         <load_address>0x8c6da</load_address>
         <run_address>0x8c6da</run_address>
         <size>0x2d</size>
         <input_file_ref idref="fl-21"/>
      </object_component>
      <object_component id="oc-339">
         <name>.text:_ti_sysbios_family_c28_Timer_start__E</name>
         <load_address>0x8c707</load_address>
         <run_address>0x8c707</run_address>
         <size>0x2c</size>
         <input_file_ref idref="fl-21"/>
      </object_component>
      <object_component id="oc-414">
         <name>.text:_ti_sysbios_knl_Mailbox_Module_startup__E</name>
         <load_address>0x8c733</load_address>
         <run_address>0x8c733</run_address>
         <size>0x2b</size>
         <input_file_ref idref="fl-21"/>
      </object_component>
      <object_component id="oc-263">
         <name>.text</name>
         <load_address>0x8c75e</load_address>
         <run_address>0x8c75e</run_address>
         <size>0x2a</size>
         <input_file_ref idref="fl-62"/>
      </object_component>
      <object_component id="oc-1e6">
         <name>.text</name>
         <load_address>0x8c788</load_address>
         <run_address>0x8c788</run_address>
         <size>0x2a</size>
         <input_file_ref idref="fl-4a"/>
      </object_component>
      <object_component id="oc-3be">
         <name>.text:_xdc_runtime_SysMin_flush__E</name>
         <load_address>0x8c7b2</load_address>
         <run_address>0x8c7b2</run_address>
         <size>0x29</size>
         <input_file_ref idref="fl-31"/>
      </object_component>
      <object_component id="oc-435">
         <name>.text:_xdc_runtime_Text_xprintf__I</name>
         <load_address>0x8c7db</load_address>
         <run_address>0x8c7db</run_address>
         <size>0x29</size>
         <input_file_ref idref="fl-32"/>
      </object_component>
      <object_component id="oc-35d">
         <name>.text</name>
         <load_address>0x8c804</load_address>
         <run_address>0x8c804</run_address>
         <size>0x29</size>
         <input_file_ref idref="fl-4f"/>
      </object_component>
      <object_component id="oc-356">
         <name>.text:_ti_sysbios_heaps_HeapMem_init__I</name>
         <load_address>0x8c82d</load_address>
         <run_address>0x8c82d</run_address>
         <size>0x27</size>
         <input_file_ref idref="fl-21"/>
      </object_component>
      <object_component id="oc-467">
         <name>.text:_ti_sysbios_family_c28_TaskSupport_buildTaskStack</name>
         <load_address>0x8c854</load_address>
         <run_address>0x8c854</run_address>
         <size>0x25</size>
         <input_file_ref idref="fl-25"/>
      </object_component>
      <object_component id="oc-2b4">
         <name>.text:_xdc_runtime_System_processAtExit__E</name>
         <load_address>0x8c879</load_address>
         <run_address>0x8c879</run_address>
         <size>0x24</size>
         <input_file_ref idref="fl-30"/>
      </object_component>
      <object_component id="oc-29a">
         <name>.text</name>
         <load_address>0x8c89d</load_address>
         <run_address>0x8c89d</run_address>
         <size>0x24</size>
         <input_file_ref idref="fl-4d"/>
      </object_component>
      <object_component id="oc-3f6">
         <name>.text</name>
         <load_address>0x8c8c1</load_address>
         <run_address>0x8c8c1</run_address>
         <size>0x24</size>
         <input_file_ref idref="fl-6c"/>
      </object_component>
      <object_component id="oc-1f0">
         <name>.text</name>
         <load_address>0x8c8e5</load_address>
         <run_address>0x8c8e5</run_address>
         <size>0x23</size>
         <input_file_ref idref="fl-4c"/>
      </object_component>
      <object_component id="oc-1dc">
         <name>.text</name>
         <load_address>0x8c908</load_address>
         <run_address>0x8c908</run_address>
         <size>0x22</size>
         <input_file_ref idref="fl-48"/>
      </object_component>
      <object_component id="oc-385">
         <name>.text:_ti_sysbios_knl_Task_allBlockedFunction__I</name>
         <load_address>0x8c92a</load_address>
         <run_address>0x8c92a</run_address>
         <size>0x21</size>
         <input_file_ref idref="fl-21"/>
      </object_component>
      <object_component id="oc-322">
         <name>.text:_xdc_runtime_LoggerBuf_filterOutEvent__I</name>
         <load_address>0x8c94b</load_address>
         <run_address>0x8c94b</run_address>
         <size>0x21</size>
         <input_file_ref idref="fl-2d"/>
      </object_component>
      <object_component id="oc-2df">
         <name>.text:_xdc_runtime_System_atexit__E</name>
         <load_address>0x8c96c</load_address>
         <run_address>0x8c96c</run_address>
         <size>0x21</size>
         <input_file_ref idref="fl-30"/>
      </object_component>
      <object_component id="oc-272">
         <name>.text</name>
         <load_address>0x8c98d</load_address>
         <run_address>0x8c98d</run_address>
         <size>0x21</size>
         <input_file_ref idref="fl-65"/>
      </object_component>
      <object_component id="oc-43d">
         <name>.text:_ti_sysbios_family_c28_Timer_setPrescale__E</name>
         <load_address>0x8c9ae</load_address>
         <run_address>0x8c9ae</run_address>
         <size>0x20</size>
         <input_file_ref idref="fl-21"/>
      </object_component>
      <object_component id="oc-2ba">
         <name>.text:_ti_sysbios_gates_GateHwi_Object__create__S</name>
         <load_address>0x8c9ce</load_address>
         <run_address>0x8c9ce</run_address>
         <size>0x1f</size>
         <input_file_ref idref="fl-15"/>
      </object_component>
      <object_component id="oc-2f9">
         <name>.text:_ti_sysbios_gates_GateMutex_Object__create__S</name>
         <load_address>0x8c9ed</load_address>
         <run_address>0x8c9ed</run_address>
         <size>0x1f</size>
         <input_file_ref idref="fl-15"/>
      </object_component>
      <object_component id="oc-2c2">
         <name>.text:_ti_sysbios_heaps_HeapMem_Object__create__S</name>
         <load_address>0x8ca0c</load_address>
         <run_address>0x8ca0c</run_address>
         <size>0x1f</size>
         <input_file_ref idref="fl-15"/>
      </object_component>
      <object_component id="oc-277">
         <name>.text</name>
         <load_address>0x8ca2b</load_address>
         <run_address>0x8ca2b</run_address>
         <size>0x1f</size>
         <input_file_ref idref="fl-66"/>
      </object_component>
      <object_component id="oc-40d">
         <name>.text:_xdc_runtime_SysMin_putch__E</name>
         <load_address>0x8ca4a</load_address>
         <run_address>0x8ca4a</run_address>
         <size>0x1e</size>
         <input_file_ref idref="fl-31"/>
      </object_component>
      <object_component id="oc-281">
         <name>.text</name>
         <load_address>0x8ca68</load_address>
         <run_address>0x8ca68</run_address>
         <size>0x1e</size>
         <input_file_ref idref="fl-68"/>
      </object_component>
      <object_component id="oc-2b0">
         <name>.text</name>
         <load_address>0x8ca86</load_address>
         <run_address>0x8ca86</run_address>
         <size>0x1e</size>
         <input_file_ref idref="fl-4e"/>
      </object_component>
      <object_component id="oc-3e0">
         <name>.text:_ti_sysbios_family_c28_TaskSupport_swap__E</name>
         <load_address>0x8caa4</load_address>
         <run_address>0x8caa4</run_address>
         <size>0x1d</size>
         <input_file_ref idref="fl-25"/>
      </object_component>
      <object_component id="oc-286">
         <name>.text</name>
         <load_address>0x8cac1</load_address>
         <run_address>0x8cac1</run_address>
         <size>0x1d</size>
         <input_file_ref idref="fl-69"/>
      </object_component>
      <object_component id="oc-3ea">
         <name>.text:_ti_sysbios_hal_Hwi_checkStack</name>
         <load_address>0x8cade</load_address>
         <run_address>0x8cade</run_address>
         <size>0x1c</size>
         <input_file_ref idref="fl-21"/>
      </object_component>
      <object_component id="oc-1eb">
         <name>.text</name>
         <load_address>0x8cafa</load_address>
         <run_address>0x8cafa</run_address>
         <size>0x1c</size>
         <input_file_ref idref="fl-4b"/>
      </object_component>
      <object_component id="oc-28b">
         <name>.text</name>
         <load_address>0x8cb16</load_address>
         <run_address>0x8cb16</run_address>
         <size>0x1c</size>
         <input_file_ref idref="fl-6a"/>
      </object_component>
      <object_component id="oc-462">
         <name>.text:_ti_sysbios_family_c28_Hwi_switchAndDispatch__I</name>
         <load_address>0x8cb32</load_address>
         <run_address>0x8cb32</run_address>
         <size>0x1b</size>
         <input_file_ref idref="fl-22"/>
      </object_component>
      <object_component id="oc-358">
         <name>.text:_ti_sysbios_hal_Hwi_initStack</name>
         <load_address>0x8cb4d</load_address>
         <run_address>0x8cb4d</run_address>
         <size>0x1b</size>
         <input_file_ref idref="fl-21"/>
      </object_component>
      <object_component id="oc-3a8">
         <name>.text:_ti_sysbios_knl_Semaphore_construct</name>
         <load_address>0x8cb68</load_address>
         <run_address>0x8cb68</run_address>
         <size>0x1b</size>
         <input_file_ref idref="fl-15"/>
      </object_component>
      <object_component id="oc-458">
         <name>.text:_ti_sysbios_knl_Task_processVitalTaskFlag__I</name>
         <load_address>0x8cb83</load_address>
         <run_address>0x8cb83</run_address>
         <size>0x1b</size>
         <input_file_ref idref="fl-21"/>
      </object_component>
      <object_component id="oc-408">
         <name>.text:_xdc_runtime_SysMin_output__I</name>
         <load_address>0x8cb9e</load_address>
         <run_address>0x8cb9e</run_address>
         <size>0x1b</size>
         <input_file_ref idref="fl-15"/>
      </object_component>
      <object_component id="oc-39d">
         <name>.text:_ti_sysbios_knl_Clock_addI__E</name>
         <load_address>0x8cbb9</load_address>
         <run_address>0x8cbb9</run_address>
         <size>0x1a</size>
         <input_file_ref idref="fl-21"/>
      </object_component>
      <object_component id="oc-30a">
         <name>.text:_xdc_runtime_Core_assignLabel__I</name>
         <load_address>0x8cbd3</load_address>
         <run_address>0x8cbd3</run_address>
         <size>0x1a</size>
         <input_file_ref idref="fl-29"/>
      </object_component>
      <object_component id="oc-436">
         <name>.text:_xdc_runtime_System_avprintf__E</name>
         <load_address>0x8cbed</load_address>
         <run_address>0x8cbed</run_address>
         <size>0x1a</size>
         <input_file_ref idref="fl-30"/>
      </object_component>
      <object_component id="oc-461">
         <name>.text:_xdc_runtime_System_putchar__I</name>
         <load_address>0x8cc07</load_address>
         <run_address>0x8cc07</run_address>
         <size>0x1a</size>
         <input_file_ref idref="fl-30"/>
      </object_component>
      <object_component id="oc-423">
         <name>.text:_ti_sysbios_family_c28_Hwi_Object__get__S</name>
         <load_address>0x8cc21</load_address>
         <run_address>0x8cc21</run_address>
         <size>0x19</size>
         <input_file_ref idref="fl-15"/>
      </object_component>
      <object_component id="oc-42a">
         <name>.text:_ti_sysbios_knl_Mailbox_postInit__I</name>
         <load_address>0x8cc3a</load_address>
         <run_address>0x8cc3a</run_address>
         <size>0x19</size>
         <input_file_ref idref="fl-21"/>
      </object_component>
      <object_component id="oc-448">
         <name>.text:_ti_sysbios_knl_Queue_Object__get__S</name>
         <load_address>0x8cc53</load_address>
         <run_address>0x8cc53</run_address>
         <size>0x19</size>
         <input_file_ref idref="fl-15"/>
      </object_component>
      <object_component id="oc-3ff">
         <name>.text:_ti_sysbios_knl_Queue_construct</name>
         <load_address>0x8cc6c</load_address>
         <run_address>0x8cc6c</run_address>
         <size>0x19</size>
         <input_file_ref idref="fl-15"/>
      </object_component>
      <object_component id="oc-39c">
         <name>.text:_ti_sysbios_knl_Semaphore_pendTimeout__I</name>
         <load_address>0x8cc85</load_address>
         <run_address>0x8cc85</run_address>
         <size>0x19</size>
         <input_file_ref idref="fl-21"/>
      </object_component>
      <object_component id="oc-33b">
         <name>.text:_ti_sysbios_knl_Swi_restore__E</name>
         <load_address>0x8cc9e</load_address>
         <run_address>0x8cc9e</run_address>
         <size>0x19</size>
         <input_file_ref idref="fl-21"/>
      </object_component>
      <object_component id="oc-437">
         <name>.text:_xdc_runtime_System_vprintf__E</name>
         <load_address>0x8ccb7</load_address>
         <run_address>0x8ccb7</run_address>
         <size>0x19</size>
         <input_file_ref idref="fl-30"/>
      </object_component>
      <object_component id="oc-450">
         <name>.text:_xdc_runtime_Text_printVisFxn__I</name>
         <load_address>0x8ccd0</load_address>
         <run_address>0x8ccd0</run_address>
         <size>0x19</size>
         <input_file_ref idref="fl-32"/>
      </object_component>
      <object_component id="oc-29c">
         <name>.text</name>
         <load_address>0x8cce9</load_address>
         <run_address>0x8cce9</run_address>
         <size>0x19</size>
         <input_file_ref idref="fl-51"/>
      </object_component>
      <object_component id="oc-393">
         <name>.text:_ti_sysbios_family_xxx_Hwi_switchAndRunFunc</name>
         <load_address>0x8cd02</load_address>
         <run_address>0x8cd02</run_address>
         <size>0x18</size>
         <input_file_ref idref="fl-22"/>
      </object_component>
      <object_component id="oc-40e">
         <name>.text:_xdc_runtime_LoggerBuf_Module_startup__E</name>
         <load_address>0x8cd1a</load_address>
         <run_address>0x8cd1a</run_address>
         <size>0x18</size>
         <input_file_ref idref="fl-2d"/>
      </object_component>
      <object_component id="oc-376">
         <name>.text:_xdc_runtime_LoggerBuf_reset__E</name>
         <load_address>0x8cd32</load_address>
         <run_address>0x8cd32</run_address>
         <size>0x18</size>
         <input_file_ref idref="fl-2d"/>
      </object_component>
      <object_component id="oc-27c">
         <name>.text</name>
         <load_address>0x8cd4a</load_address>
         <run_address>0x8cd4a</run_address>
         <size>0x18</size>
         <input_file_ref idref="fl-67"/>
      </object_component>
      <object_component id="oc-2de">
         <name>.text:_ti_sysbios_BIOS_atExitFunc__I</name>
         <load_address>0x8cd62</load_address>
         <run_address>0x8cd62</run_address>
         <size>0x17</size>
         <input_file_ref idref="fl-15"/>
      </object_component>
      <object_component id="oc-2e1">
         <name>.text:_ti_sysbios_family_c28_Timer_startup__E</name>
         <load_address>0x8cd79</load_address>
         <run_address>0x8cd79</run_address>
         <size>0x17</size>
         <input_file_ref idref="fl-21"/>
      </object_component>
      <object_component id="oc-3b8">
         <name>.text:_ti_sysbios_heaps_HeapMem_Object__get__S</name>
         <load_address>0x8cd90</load_address>
         <run_address>0x8cd90</run_address>
         <size>0x17</size>
         <input_file_ref idref="fl-15"/>
      </object_component>
      <object_component id="oc-2a8">
         <name>.text:_ti_sysbios_knl_Clock_doTick__I</name>
         <load_address>0x8cda7</load_address>
         <run_address>0x8cda7</run_address>
         <size>0x17</size>
         <input_file_ref idref="fl-15"/>
      </object_component>
      <object_component id="oc-428">
         <name>.text:_ti_sysbios_knl_Mailbox_Object__get__S</name>
         <load_address>0x8cdbe</load_address>
         <run_address>0x8cdbe</run_address>
         <size>0x17</size>
         <input_file_ref idref="fl-15"/>
      </object_component>
      <object_component id="oc-42c">
         <name>.text:_ti_sysbios_knl_Swi_Object__get__S</name>
         <load_address>0x8cdd5</load_address>
         <run_address>0x8cdd5</run_address>
         <size>0x17</size>
         <input_file_ref idref="fl-15"/>
      </object_component>
      <object_component id="oc-42f">
         <name>.text:_ti_sysbios_knl_Task_Object__get__S</name>
         <load_address>0x8cdec</load_address>
         <run_address>0x8cdec</run_address>
         <size>0x17</size>
         <input_file_ref idref="fl-15"/>
      </object_component>
      <object_component id="oc-420">
         <name>.text:_xdc_runtime_LoggerBuf_Object__get__S</name>
         <load_address>0x8ce03</load_address>
         <run_address>0x8ce03</run_address>
         <size>0x17</size>
         <input_file_ref idref="fl-15"/>
      </object_component>
      <object_component id="oc-3bf">
         <name>.text:_xdc_runtime_Memory_valloc__E</name>
         <load_address>0x8ce1a</load_address>
         <run_address>0x8ce1a</run_address>
         <size>0x17</size>
         <input_file_ref idref="fl-2e"/>
      </object_component>
      <object_component id="oc-412">
         <name>.text:_ti_sysbios_family_c28_Timer_Module_startup__E</name>
         <load_address>0x8ce31</load_address>
         <run_address>0x8ce31</run_address>
         <size>0x16</size>
         <input_file_ref idref="fl-21"/>
      </object_component>
      <object_component id="oc-384">
         <name>.text:_ti_sysbios_knl_Task_restore__E</name>
         <load_address>0x8ce47</load_address>
         <run_address>0x8ce47</run_address>
         <size>0x16</size>
         <input_file_ref idref="fl-21"/>
      </object_component>
      <object_component id="oc-404">
         <name>.text:_xdc_runtime_SysMin_abort__E</name>
         <load_address>0x8ce5d</load_address>
         <run_address>0x8ce5d</run_address>
         <size>0x16</size>
         <input_file_ref idref="fl-31"/>
      </object_component>
      <object_component id="oc-415">
         <name>.text:_ti_sysbios_knl_Swi_Module_startup__E</name>
         <load_address>0x8ce73</load_address>
         <run_address>0x8ce73</run_address>
         <size>0x15</size>
         <input_file_ref idref="fl-21"/>
      </object_component>
      <object_component id="oc-2fc">
         <name>.text:_ti_sysbios_knl_Idle_run__E</name>
         <load_address>0x8ce88</load_address>
         <run_address>0x8ce88</run_address>
         <size>0x14</size>
         <input_file_ref idref="fl-21"/>
      </object_component>
      <object_component id="oc-3eb">
         <name>.text:_ti_sysbios_BIOS_errorRaiseHook__I</name>
         <load_address>0x8ce9c</load_address>
         <run_address>0x8ce9c</run_address>
         <size>0x13</size>
         <input_file_ref idref="fl-15"/>
      </object_component>
      <object_component id="oc-2fa">
         <name>.text:_ti_sysbios_gates_GateMutex_Object__delete__S</name>
         <load_address>0x8ceaf</load_address>
         <run_address>0x8ceaf</run_address>
         <size>0x13</size>
         <input_file_ref idref="fl-15"/>
      </object_component>
      <object_component id="oc-2ae">
         <name>.text:_xdc_runtime_Error_raiseX__E</name>
         <load_address>0x8cec2</load_address>
         <run_address>0x8cec2</run_address>
         <size>0x13</size>
         <input_file_ref idref="fl-2b"/>
      </object_component>
      <object_component id="oc-368">
         <name>.text:_xdc_runtime_Text_cordText__E</name>
         <load_address>0x8ced5</load_address>
         <run_address>0x8ced5</run_address>
         <size>0x13</size>
         <input_file_ref idref="fl-32"/>
      </object_component>
      <object_component id="oc-464">
         <name>.text:_ti_sysbios_family_c28_Hwi_disableIER__E</name>
         <load_address>0x8cee8</load_address>
         <run_address>0x8cee8</run_address>
         <size>0x12</size>
         <input_file_ref idref="fl-15"/>
      </object_component>
      <object_component id="oc-2bb">
         <name>.text:_ti_sysbios_gates_GateHwi_Object__delete__S</name>
         <load_address>0x8cefa</load_address>
         <run_address>0x8cefa</run_address>
         <size>0x12</size>
         <input_file_ref idref="fl-15"/>
      </object_component>
      <object_component id="oc-2c3">
         <name>.text:_ti_sysbios_heaps_HeapMem_Object__delete__S</name>
         <load_address>0x8cf0c</load_address>
         <run_address>0x8cf0c</run_address>
         <size>0x12</size>
         <input_file_ref idref="fl-15"/>
      </object_component>
      <object_component id="oc-413">
         <name>.text:_ti_sysbios_knl_Clock_Module_startup__E</name>
         <load_address>0x8cf1e</load_address>
         <run_address>0x8cf1e</run_address>
         <size>0x12</size>
         <input_file_ref idref="fl-21"/>
      </object_component>
      <object_component id="oc-2dc">
         <name>.text:_xdc_runtime_LoggerBuf_Object__delete__S</name>
         <load_address>0x8cf30</load_address>
         <run_address>0x8cf30</run_address>
         <size>0x12</size>
         <input_file_ref idref="fl-15"/>
      </object_component>
      <object_component id="oc-2bc">
         <name>.text:_ti_sysbios_gates_GateHwi_Handle__label__S</name>
         <load_address>0x8cf42</load_address>
         <run_address>0x8cf42</run_address>
         <size>0x11</size>
         <input_file_ref idref="fl-15"/>
      </object_component>
      <object_component id="oc-2fb">
         <name>.text:_ti_sysbios_gates_GateMutex_Handle__label__S</name>
         <load_address>0x8cf53</load_address>
         <run_address>0x8cf53</run_address>
         <size>0x11</size>
         <input_file_ref idref="fl-15"/>
      </object_component>
      <object_component id="oc-2c4">
         <name>.text:_ti_sysbios_heaps_HeapMem_Handle__label__S</name>
         <load_address>0x8cf64</load_address>
         <run_address>0x8cf64</run_address>
         <size>0x11</size>
         <input_file_ref idref="fl-15"/>
      </object_component>
      <object_component id="oc-2dd">
         <name>.text:_xdc_runtime_LoggerBuf_Handle__label__S</name>
         <load_address>0x8cf75</load_address>
         <run_address>0x8cf75</run_address>
         <size>0x11</size>
         <input_file_ref idref="fl-15"/>
      </object_component>
      <object_component id="oc-336">
         <name>.text:_ti_sysbios_BIOS_rtsLock__I</name>
         <load_address>0x8cf86</load_address>
         <run_address>0x8cf86</run_address>
         <size>0x10</size>
         <input_file_ref idref="fl-15"/>
      </object_component>
      <object_component id="oc-3d4">
         <name>.text:_ti_sysbios_family_c28_Hwi_enableIER__E</name>
         <load_address>0x8cf96</load_address>
         <run_address>0x8cf96</run_address>
         <size>0x10</size>
         <input_file_ref idref="fl-15"/>
      </object_component>
      <object_component id="oc-43c">
         <name>.text:_ti_sysbios_family_c28_Timer_stop__E</name>
         <load_address>0x8cfa6</load_address>
         <run_address>0x8cfa6</run_address>
         <size>0x10</size>
         <input_file_ref idref="fl-21"/>
      </object_component>
      <object_component id="oc-463">
         <name>.text:_ti_sysbios_knl_Task_restoreHwi__E</name>
         <load_address>0x8cfb6</load_address>
         <run_address>0x8cfb6</run_address>
         <size>0x10</size>
         <input_file_ref idref="fl-21"/>
      </object_component>
      <object_component id="oc-410">
         <name>.text:_xdc_runtime_SysMin_Module_startup__E</name>
         <load_address>0x8cfc6</load_address>
         <run_address>0x8cfc6</run_address>
         <size>0x10</size>
         <input_file_ref idref="fl-31"/>
      </object_component>
      <object_component id="oc-2a5">
         <name>.text:_ti_sysbios_BIOS_startFunc__I</name>
         <load_address>0x8cfd6</load_address>
         <run_address>0x8cfd6</run_address>
         <size>0xf</size>
         <input_file_ref idref="fl-15"/>
      </object_component>
      <object_component id="oc-351">
         <name>.text:_ti_sysbios_gates_GateMutex_Instance_init__E</name>
         <load_address>0x8cfe5</load_address>
         <run_address>0x8cfe5</run_address>
         <size>0xf</size>
         <input_file_ref idref="fl-21"/>
      </object_component>
      <object_component id="oc-3e9">
         <name>.text:_ti_sysbios_knl_Semaphore_Object__destruct__S</name>
         <load_address>0x8cff4</load_address>
         <run_address>0x8cff4</run_address>
         <size>0xf</size>
         <input_file_ref idref="fl-15"/>
      </object_component>
      <object_component id="oc-2d6">
         <name>.text:_xdc_runtime_LoggerBuf_write2__E</name>
         <load_address>0x8d003</load_address>
         <run_address>0x8d003</run_address>
         <size>0xf</size>
         <input_file_ref idref="fl-2d"/>
      </object_component>
      <object_component id="oc-44e">
         <name>.text:_xdc_runtime_Registry_findById__E</name>
         <load_address>0x8d012</load_address>
         <run_address>0x8d012</run_address>
         <size>0xf</size>
         <input_file_ref idref="fl-35"/>
      </object_component>
      <object_component id="oc-45d">
         <name>.text:_xdc_runtime_Text_visitRope__I</name>
         <load_address>0x8d021</load_address>
         <run_address>0x8d021</run_address>
         <size>0xf</size>
         <input_file_ref idref="fl-15"/>
      </object_component>
      <object_component id="oc-373">
         <name>.text:_ti_sysbios_family_c28_f2837x_TimestampProvider_get64__E</name>
         <load_address>0x8d030</load_address>
         <run_address>0x8d030</run_address>
         <size>0xe</size>
         <input_file_ref idref="fl-21"/>
      </object_component>
      <object_component id="oc-41a">
         <name>.text:_ti_sysbios_knl_Queue_Object__destruct__S</name>
         <load_address>0x8d03e</load_address>
         <run_address>0x8d03e</run_address>
         <size>0xe</size>
         <input_file_ref idref="fl-15"/>
      </object_component>
      <object_component id="oc-3f7">
         <name>.text:_xdc_runtime_IHeap_alloc</name>
         <load_address>0x8d04c</load_address>
         <run_address>0x8d04c</run_address>
         <size>0xe</size>
         <input_file_ref idref="fl-15"/>
      </object_component>
      <object_component id="oc-1cd">
         <name>.text</name>
         <load_address>0x8d05a</load_address>
         <run_address>0x8d05a</run_address>
         <size>0xe</size>
         <input_file_ref idref="fl-45"/>
      </object_component>
      <object_component id="oc-2e0">
         <name>.text:_ti_sysbios_BIOS_registerRTSLock__I</name>
         <load_address>0x8d068</load_address>
         <run_address>0x8d068</run_address>
         <size>0xd</size>
         <input_file_ref idref="fl-15"/>
      </object_component>
      <object_component id="oc-2e5">
         <name>.text:_ti_sysbios_BIOS_removeRTSLock__I</name>
         <load_address>0x8d075</load_address>
         <run_address>0x8d075</run_address>
         <size>0xd</size>
         <input_file_ref idref="fl-15"/>
      </object_component>
      <object_component id="oc-454">
         <name>.text:_ti_sysbios_family_c28_Hwi_dispatchC__I</name>
         <load_address>0x8d082</load_address>
         <run_address>0x8d082</run_address>
         <size>0xd</size>
         <input_file_ref idref="fl-21"/>
      </object_component>
      <object_component id="oc-3d8">
         <name>.text:_ti_sysbios_family_c28_Hwi_restoreIER__E</name>
         <load_address>0x8d08f</load_address>
         <run_address>0x8d08f</run_address>
         <size>0xd</size>
         <input_file_ref idref="fl-15"/>
      </object_component>
      <object_component id="oc-447">
         <name>.text:_ti_sysbios_knl_Task_SupportProxy_start__E</name>
         <load_address>0x8d09c</load_address>
         <run_address>0x8d09c</run_address>
         <size>0xd</size>
         <input_file_ref idref="fl-15"/>
      </object_component>
      <object_component id="oc-446">
         <name>.text:_ti_sysbios_knl_Task_enter__I</name>
         <load_address>0x8d0a9</load_address>
         <run_address>0x8d0a9</run_address>
         <size>0xd</size>
         <input_file_ref idref="fl-21"/>
      </object_component>
      <object_component id="oc-2d4">
         <name>.text:_xdc_runtime_LoggerBuf_write0__E</name>
         <load_address>0x8d0b6</load_address>
         <run_address>0x8d0b6</run_address>
         <size>0xd</size>
         <input_file_ref idref="fl-2d"/>
      </object_component>
      <object_component id="oc-2d5">
         <name>.text:_xdc_runtime_LoggerBuf_write1__E</name>
         <load_address>0x8d0c3</load_address>
         <run_address>0x8d0c3</run_address>
         <size>0xd</size>
         <input_file_ref idref="fl-2d"/>
      </object_component>
      <object_component id="oc-3cc">
         <name>.text:_xdc_runtime_Memory_HeapProxy_alloc__E</name>
         <load_address>0x8d0d0</load_address>
         <run_address>0x8d0d0</run_address>
         <size>0xd</size>
         <input_file_ref idref="fl-15"/>
      </object_component>
      <object_component id="oc-3b5">
         <name>.text:_xdc_runtime_System_abort__E</name>
         <load_address>0x8d0dd</load_address>
         <run_address>0x8d0dd</run_address>
         <size>0xd</size>
         <input_file_ref idref="fl-30"/>
      </object_component>
      <object_component id="oc-3ca">
         <name>.text</name>
         <load_address>0x8d0ea</load_address>
         <run_address>0x8d0ea</run_address>
         <size>0xd</size>
         <input_file_ref idref="fl-5c"/>
      </object_component>
      <object_component id="oc-2a6">
         <name>.text:_ti_sysbios_BIOS_exitFunc__I</name>
         <load_address>0x8d0f7</load_address>
         <run_address>0x8d0f7</run_address>
         <size>0xc</size>
         <input_file_ref idref="fl-15"/>
      </object_component>
      <object_component id="oc-2f8">
         <name>.text:_ti_sysbios_gates_GateMutex_leave__E</name>
         <load_address>0x8d103</load_address>
         <run_address>0x8d103</run_address>
         <size>0xc</size>
         <input_file_ref idref="fl-21"/>
      </object_component>
      <object_component id="oc-3e2">
         <name>.text:_ti_sysbios_knl_Queue_put__E</name>
         <load_address>0x8d10f</load_address>
         <run_address>0x8d10f</run_address>
         <size>0xc</size>
         <input_file_ref idref="fl-21"/>
      </object_component>
      <object_component id="oc-3a1">
         <name>.text:_ti_sysbios_knl_Task_enabled__E</name>
         <load_address>0x8d11b</load_address>
         <run_address>0x8d11b</run_address>
         <size>0xc</size>
         <input_file_ref idref="fl-21"/>
      </object_component>
      <object_component id="oc-32d">
         <name>.text:_xdc_runtime_Error_check__E</name>
         <load_address>0x8d127</load_address>
         <run_address>0x8d127</run_address>
         <size>0xc</size>
         <input_file_ref idref="fl-2b"/>
      </object_component>
      <object_component id="oc-41d">
         <name>.text:_xdc_runtime_System_aprintf__E</name>
         <load_address>0x8d133</load_address>
         <run_address>0x8d133</run_address>
         <size>0xc</size>
         <input_file_ref idref="fl-15"/>
      </object_component>
      <object_component id="oc-41e">
         <name>.text:_xdc_runtime_System_printf__E</name>
         <load_address>0x8d13f</load_address>
         <run_address>0x8d13f</run_address>
         <size>0xc</size>
         <input_file_ref idref="fl-15"/>
      </object_component>
      <object_component id="oc-366">
         <name>.text</name>
         <load_address>0x8d14b</load_address>
         <run_address>0x8d14b</run_address>
         <size>0xc</size>
         <input_file_ref idref="fl-52"/>
      </object_component>
      <object_component id="oc-3c8">
         <name>.text</name>
         <load_address>0x8d157</load_address>
         <run_address>0x8d157</run_address>
         <size>0xc</size>
         <input_file_ref idref="fl-5d"/>
      </object_component>
      <object_component id="oc-45c">
         <name>.text:_ti_sysbios_family_c28_Hwi_Module__startupDone__F</name>
         <load_address>0x8d163</load_address>
         <run_address>0x8d163</run_address>
         <size>0xb</size>
         <input_file_ref idref="fl-15"/>
      </object_component>
      <object_component id="oc-456">
         <name>.text:_ti_sysbios_family_c28_Timer_Module__startupDone__F</name>
         <load_address>0x8d16e</load_address>
         <run_address>0x8d16e</run_address>
[...]
         <value>0x8d184</value>
         <object_component_ref idref="oc-32e"/>
      </symbol>
      <symbol id="sm-d95">
         <name>_xdc_runtime_LoggerBuf_write4__E</name>
         <value>0x8b570</value>
         <object_component_ref idref="oc-2d7"/>
      </symbol>
      <symbol id="sm-d96">
         <name>_xdc_runtime_LoggerBuf_getFilterLevel__E</name>
         <value>0x8c2da</value>
         <object_component_ref idref="oc-2da"/>
      </symbol>
      <symbol id="sm-d97">
         <name>_xdc_runtime_LoggerBuf_disable__E</name>
         <value>0x8d32f</value>
         <object_component_ref idref="oc-2d3"/>
      </symbol>
      <symbol id="sm-d98">
         <name>_xdc_runtime_LoggerBuf_setFilterLevel__E</name>
         <value>0x8c317</value>
         <object_component_ref idref="oc-2d9"/>
      </symbol>
      <symbol id="sm-d99">
         <name>_xdc_runtime_LoggerBuf_write8__E</name>
         <value>0x8ab5a</value>
         <object_component_ref idref="oc-2d8"/>
      </symbol>
      <symbol id="sm-d9a">
         <name>_xdc_runtime_LoggerBuf_write2__E</name>
         <value>0x8d003</value>
         <object_component_ref idref="oc-2d6"/>
      </symbol>
      <symbol id="sm-d9b">
         <name>_LoggerBuf_instanceStartup</name>
         <value>0x8cd32</value>
         <object_component_ref idref="oc-376"/>
      </symbol>
      <symbol id="sm-d9c">
         <name>_xdc_runtime_LoggerBuf_filterOutEvent__I</name>
         <value>0x8c94b</value>
         <object_component_ref idref="oc-322"/>
      </symbol>
      <symbol id="sm-d9d">
         <name>_xdc_runtime_LoggerBuf_write1__E</name>
         <value>0x8d0c3</value>
         <object_component_ref idref="oc-2d5"/>
      </symbol>
      <symbol id="sm-d9e">
         <name>_xdc_runtime_LoggerBuf_enable__E</name>
         <value>0x8d2fd</value>
         <object_component_ref idref="oc-2d2"/>
      </symbol>
      <symbol id="sm-dba">
         <name>_xdc_runtime_Memory_calloc__E</name>
         <value>0x8d252</value>
         <object_component_ref idref="oc-365"/>
      </symbol>
      <symbol id="sm-dbb">
         <name>_xdc_runtime_Memory_free__E</name>
         <value>0x8d1cf</value>
         <object_component_ref idref="oc-367"/>
      </symbol>
      <symbol id="sm-dbc">
         <name>_xdc_runtime_Memory_valloc__E</name>
         <value>0x8ce1a</value>
         <object_component_ref idref="oc-3bf"/>
      </symbol>
      <symbol id="sm-dbd">
         <name>_xdc_runtime_Memory_alloc__E</name>
         <value>0x8bf49</value>
         <object_component_ref idref="oc-375"/>
      </symbol>
      <symbol id="sm-dbe">
         <name>_xdc_runtime_Memory_getMaxDefaultTypeAlign__E</name>
         <value>0x8d345</value>
         <object_component_ref idref="oc-3cb"/>
      </symbol>
      <symbol id="sm-ddf">
         <name>_xdc_runtime_Startup_startMods__I</name>
         <value>0x8b98f</value>
         <object_component_ref idref="oc-3bb"/>
      </symbol>
      <symbol id="sm-de0">
         <name>_xdc_runtime_Startup_exec__E</name>
         <value>0x8c533</value>
         <object_component_ref idref="oc-29b"/>
      </symbol>
      <symbol id="sm-e65">
         <name>_xdc_runtime_System_formatNum__I</name>
         <value>0x8c1e2</value>
         <object_component_ref idref="oc-460"/>
      </symbol>
      <symbol id="sm-e66">
         <name>_xdc_runtime_System_exit__E</name>
         <value>0x8d1a5</value>
         <object_component_ref idref="oc-29d"/>
      </symbol>
      <symbol id="sm-e67">
         <name>_xdc_runtime_System_exitStd__E</name>
         <value>0x8d37f</value>
         <object_component_ref idref="oc-304"/>
      </symbol>
      <symbol id="sm-e68">
         <name>_xdc_runtime_System_printf_va__F</name>
         <value>0x8ccb7</value>
         <object_component_ref idref="oc-437"/>
      </symbol>
      <symbol id="sm-e69">
         <name>_xdc_runtime_System_atexit__E</name>
         <value>0x8c96c</value>
         <object_component_ref idref="oc-2df"/>
      </symbol>
      <symbol id="sm-e6a">
         <name>_xdc_runtime_System_abortStd__E</name>
         <value>0x8d37c</value>
         <object_component_ref idref="oc-405"/>
      </symbol>
      <symbol id="sm-e6b">
         <name>_xdc_runtime_System_putchar__I</name>
         <value>0x8cc07</value>
         <object_component_ref idref="oc-461"/>
      </symbol>
      <symbol id="sm-e6c">
         <name>_xdc_runtime_System_snprintf_va__F</name>
         <value>0x8d1d9</value>
         <object_component_ref idref="oc-451"/>
      </symbol>
      <symbol id="sm-e6d">
         <name>_xdc_runtime_System_Module_startup__E</name>
         <value>0x8d376</value>
         <object_component_ref idref="oc-40f"/>
      </symbol>
      <symbol id="sm-e6e">
         <name>_xdc_runtime_System_avprintf__E</name>
         <value>0x8cbed</value>
         <object_component_ref idref="oc-436"/>
      </symbol>
      <symbol id="sm-e6f">
         <name>_xdc_runtime_System_vprintf__E</name>
         <value>0x8ccb7</value>
         <object_component_ref idref="oc-437"/>
      </symbol>
      <symbol id="sm-e70">
         <name>_xdc_runtime_System_aprintf_va__F</name>
         <value>0x8cbed</value>
         <object_component_ref idref="oc-436"/>
      </symbol>
      <symbol id="sm-e71">
         <name>_xdc_runtime_System_doPrint__I</name>
         <value>0x89949</value>
         <object_component_ref idref="oc-453"/>
      </symbol>
      <symbol id="sm-e72">
         <name>_xdc_runtime_System_processAtExit__E</name>
         <value>0x8c879</value>
         <object_component_ref idref="oc-2b4"/>
      </symbol>
      <symbol id="sm-e73">
         <name>_xdc_runtime_System_vsnprintf__E</name>
         <value>0x8d1d9</value>
         <object_component_ref idref="oc-451"/>
      </symbol>
      <symbol id="sm-e74">
         <name>_xdc_runtime_System_abort__E</name>
         <value>0x8d0dd</value>
         <object_component_ref idref="oc-3b5"/>
      </symbol>
      <symbol id="sm-e94">
         <name>_xdc_runtime_SysMin_abort__E</name>
         <value>0x8ce5d</value>
         <object_component_ref idref="oc-404"/>
      </symbol>
      <symbol id="sm-e95">
         <name>_xdc_runtime_SysMin_ready__E</name>
         <value>0x8d25a</value>
         <object_component_ref idref="oc-45e"/>
      </symbol>
      <symbol id="sm-e96">
         <name>_xdc_runtime_SysMin_flush__E</name>
         <value>0x8c7b2</value>
         <object_component_ref idref="oc-3be"/>
      </symbol>
      <symbol id="sm-e97">
         <name>_xdc_runtime_SysMin_Module_startup__E</name>
         <value>0x8cfc6</value>
         <object_component_ref idref="oc-410"/>
      </symbol>
      <symbol id="sm-e98">
         <name>_xdc_runtime_SysMin_putch__E</name>
         <value>0x8ca4a</value>
         <object_component_ref idref="oc-40d"/>
      </symbol>
      <symbol id="sm-e99">
         <name>_xdc_runtime_SysMin_exit__E</name>
         <value>0x8d19a</value>
         <object_component_ref idref="oc-35c"/>
      </symbol>
      <symbol id="sm-ee0">
         <name>_xdc_runtime_Text_putLab__E</name>
         <value>0x8bff1</value>
         <object_component_ref idref="oc-46f"/>
      </symbol>
      <symbol id="sm-ee1">
         <name>_xdc_runtime_Text_printVisFxn__I</name>
         <value>0x8ccd0</value>
         <object_component_ref idref="oc-450"/>
      </symbol>
      <symbol id="sm-ee2">
         <name>_xdc_runtime_Text_putMod__E</name>
         <value>0x8c25f</value>
         <object_component_ref idref="oc-434"/>
      </symbol>
      <symbol id="sm-ee3">
         <name>_xdc_runtime_Text_cordText__E</name>
         <value>0x8ced5</value>
         <object_component_ref idref="oc-368"/>
      </symbol>
      <symbol id="sm-ee4">
         <name>_xdc_runtime_Text_xprintf__I</name>
         <value>0x8c7db</value>
         <object_component_ref idref="oc-435"/>
      </symbol>
      <symbol id="sm-ee5">
         <name>_xdc_runtime_Text_visitRope2__I</name>
         <value>0x8c501</value>
         <object_component_ref idref="oc-468"/>
      </symbol>
      <symbol id="sm-ee6">
         <name>_xdc_runtime_Text_ropeText__E</name>
         <value>0x8d1e3</value>
         <object_component_ref idref="oc-36d"/>
      </symbol>
      <symbol id="sm-ee7">
         <name>_xdc_runtime_Text_putSite__E</name>
         <value>0x8bb60</value>
         <object_component_ref idref="oc-41c"/>
      </symbol>
      <symbol id="sm-ef4">
         <name>___xdc__init</name>
         <value>0x8d34c</value>
         <object_component_ref idref="oc-29e"/>
      </symbol>
      <symbol id="sm-f16">
         <name>_xdc_runtime_Registry_findById__E</name>
         <value>0x8d012</value>
         <object_component_ref idref="oc-44e"/>
      </symbol>
      <symbol id="sm-f30">
         <name>_c_int00</name>
         <value>0x8bd75</value>
         <object_component_ref idref="oc-84"/>
      </symbol>
      <symbol id="sm-f31">
         <name>__stack</name>
         <value>0x8000</value>
         <object_component_ref idref="oc-1b9"/>
      </symbol>
      <symbol id="sm-f49">
         <name>_ti_catalog_c2800_initF2837x_Boot_initFlash</name>
         <value>0xb000</value>
         <object_component_ref idref="oc-3b9"/>
      </symbol>
      <symbol id="sm-f4a">
         <name>_ti_catalog_c2800_initF2837x_Boot_defaultLimpAbortFunction</name>
         <value>0x8b44d</value>
         <object_component_ref idref="oc-3b6"/>
      </symbol>
      <symbol id="sm-f4b">
         <name>_ti_catalog_c2800_initF2837x_Boot_configurePllDivs</name>
         <value>0x8c118</value>
         <object_component_ref idref="oc-2fe"/>
      </symbol>
      <symbol id="sm-f4c">
         <name>_ti_catalog_c2800_initF2837x_Boot_initSharedRAMs</name>
         <value>0x8d21a</value>
         <object_component_ref idref="oc-2ff"/>
      </symbol>
      <symbol id="sm-f67">
         <name>FD$$ADD</name>
         <value>0x8b27b</value>
         <object_component_ref idref="oc-1c3"/>
      </symbol>
      <symbol id="sm-f79">
         <name>FD$$MPY</name>
         <value>0x8b70e</value>
         <object_component_ref idref="oc-1c8"/>
      </symbol>
      <symbol id="sm-f85">
         <name>FD$$SUB</name>
         <value>0x8d05a</value>
         <object_component_ref idref="oc-1cd"/>
      </symbol>
      <symbol id="sm-f96">
         <name>FS$$DIV</name>
         <value>0x8b686</value>
         <object_component_ref idref="oc-1d2"/>
      </symbol>
      <symbol id="sm-fc2">
         <name>ULL$$MOD</name>
         <value>0x8a751</value>
         <object_component_ref idref="oc-1d7"/>
      </symbol>
      <symbol id="sm-fc3">
         <name>ULL$$DIV</name>
         <value>0x8a722</value>
         <object_component_ref idref="oc-1d7"/>
      </symbol>
      <symbol id="sm-fc4">
         <name>LL$$MOD</name>
         <value>0x8a6e8</value>
         <object_component_ref idref="oc-1d7"/>
      </symbol>
      <symbol id="sm-fc5">
         <name>LL$$DIV</name>
         <value>0x8a6ac</value>
         <object_component_ref idref="oc-1d7"/>
      </symbol>
      <symbol id="sm-fd3">
         <name>I$$MOD</name>
         <value>0x8c919</value>
         <object_component_ref idref="oc-1dc"/>
      </symbol>
      <symbol id="sm-fd4">
         <name>I$$DIV</name>
         <value>0x8c908</value>
         <object_component_ref idref="oc-1dc"/>
      </symbol>
      <symbol id="sm-fe0">
         <name>U$$MOD</name>
         <value>0x8d1b5</value>
         <object_component_ref idref="oc-1e1"/>
      </symbol>
      <symbol id="sm-fe1">
         <name>U$$DIV</name>
         <value>0x8d1b0</value>
         <object_component_ref idref="oc-1e1"/>
      </symbol>
      <symbol id="sm-fed">
         <name>UL$$MOD</name>
         <value>0x8c7ac</value>
         <object_component_ref idref="oc-1e6"/>
      </symbol>
      <symbol id="sm-fee">
         <name>L$$MOD</name>
         <value>0x8c797</value>
         <object_component_ref idref="oc-1e6"/>
      </symbol>
      <symbol id="sm-fef">
         <name>L$$DIV</name>
         <value>0x8c788</value>
         <object_component_ref idref="oc-1e6"/>
      </symbol>
      <symbol id="sm-ff0">
         <name>UL$$DIV</name>
         <value>0x8c7a5</value>
         <object_component_ref idref="oc-1e6"/>
      </symbol>
      <symbol id="sm-1000">
         <name>FS$$TOFD</name>
         <value>0x8cafa</value>
         <object_component_ref idref="oc-1eb"/>
      </symbol>
      <symbol id="sm-1010">
         <name>FD$$TOFS</name>
         <value>0x8c8e5</value>
         <object_component_ref idref="oc-1f0"/>
      </symbol>
      <symbol id="sm-101f">
         <name>_copy_in</name>
         <value>0x8c89d</value>
         <object_component_ref idref="oc-29a"/>
      </symbol>
      <symbol id="sm-1030">
         <name>_memcpy</name>
         <value>0x8ca86</value>
         <object_component_ref idref="oc-2b0"/>
      </symbol>
      <symbol id="sm-1044">
         <name>C$$EXIT</name>
         <value>0x8c804</value>
         <object_component_ref idref="oc-35d"/>
      </symbol>
      <symbol id="sm-1045">
         <name>_exit</name>
         <value>0x8c806</value>
         <object_component_ref idref="oc-35d"/>
      </symbol>
      <symbol id="sm-1046">
         <name>___TI_cleanup_ptr</name>
         <value>0xef3a</value>
         <object_component_ref idref="oc-201"/>
      </symbol>
      <symbol id="sm-1047">
         <name>___TI_enable_exit_profile_output</name>
         <value>0xef38</value>
         <object_component_ref idref="oc-201"/>
      </symbol>
      <symbol id="sm-1048">
         <name>_abort</name>
         <value>0x8c804</value>
         <object_component_ref idref="oc-35d"/>
      </symbol>
      <symbol id="sm-1049">
         <name>___TI_dtors_ptr</name>
         <value>0xef3c</value>
         <object_component_ref idref="oc-201"/>
      </symbol>
      <symbol id="sm-105d">
         <name>__unlock</name>
         <value>0x10058</value>
         <object_component_ref idref="oc-378"/>
      </symbol>
      <symbol id="sm-105e">
         <name>__lock</name>
         <value>0xef3e</value>
         <object_component_ref idref="oc-379"/>
      </symbol>
      <symbol id="sm-105f">
         <name>__register_lock</name>
         <value>0x8d20c</value>
         <object_component_ref idref="oc-331"/>
      </symbol>
      <symbol id="sm-1060">
         <name>__nop</name>
         <value>0x8d210</value>
         <object_component_ref idref="oc-331"/>
      </symbol>
      <symbol id="sm-1061">
         <name>__register_unlock</name>
         <value>0x8d208</value>
         <object_component_ref idref="oc-331"/>
      </symbol>
      <symbol id="sm-1070">
         <name>__args_main</name>
         <value>0x8cce9</value>
         <object_component_ref idref="oc-29c"/>
      </symbol>
      <symbol id="sm-107e">
         <name>_memset</name>
         <value>0x8d14b</value>
         <object_component_ref idref="oc-366"/>
      </symbol>
      <symbol id="sm-1094">
         <name>_strlen</name>
         <value>0x8d262</value>
         <object_component_ref idref="oc-31b"/>
      </symbol>
      <symbol id="sm-10a1">
         <name>_HOSTwrite</name>
         <value>0x8c3c5</value>
         <object_component_ref idref="oc-418"/>
      </symbol>
      <symbol id="sm-10ba">
         <name>___TI_readmsg</name>
         <value>0x8b4a6</value>
         <object_component_ref idref="oc-433"/>
      </symbol>
      <symbol id="sm-10bb">
         <name>C$$IO$$</name>
         <value>0x8b4a1</value>
         <object_component_ref idref="oc-433"/>
      </symbol>
      <symbol id="sm-10bc">
         <name>__CIOBUF_</name>
         <value>0x8c00</value>
         <object_component_ref idref="oc-225"/>
      </symbol>
      <symbol id="sm-10bd">
         <name>___TI_writemsg</name>
         <value>0x8b44e</value>
         <object_component_ref idref="oc-433"/>
      </symbol>
      <symbol id="sm-10cb">
         <name>_vsprintf</name>
         <value>0x8c5c5</value>
         <object_component_ref idref="oc-31a"/>
      </symbol>
      <symbol id="sm-11f7">
         <name>___TI_printfi</name>
         <value>0x88ae2</value>
         <object_component_ref idref="oc-372"/>
      </symbol>
      <symbol id="sm-120b">
         <name>_atoi</name>
         <value>0x8c564</value>
         <object_component_ref idref="oc-3c4"/>
      </symbol>
      <symbol id="sm-1213">
         <name>__ctypes_</name>
         <value>0x83928</value>
         <object_component_ref idref="oc-3f5"/>
      </symbol>
      <symbol id="sm-1221">
         <name>_ltoa</name>
         <value>0x8c67f</value>
         <object_component_ref idref="oc-3c5"/>
      </symbol>
      <symbol id="sm-1230">
         <name>_memccpy</name>
         <value>0x8d0ea</value>
         <object_component_ref idref="oc-3ca"/>
      </symbol>
      <symbol id="sm-123f">
         <name>_strchr</name>
         <value>0x8d157</value>
         <object_component_ref idref="oc-3c8"/>
      </symbol>
      <symbol id="sm-124c">
         <name>_strcpy</name>
         <value>0x8d334</value>
         <object_component_ref idref="oc-3c9"/>
      </symbol>
      <symbol id="sm-1258">
         <name>_parmbuf</name>
         <value>0xef30</value>
         <object_component_ref idref="oc-252"/>
      </symbol>
      <symbol id="sm-126b">
         <name>_frexpl</name>
         <value>0x8be98</value>
         <object_component_ref idref="oc-3c6"/>
      </symbol>
      <symbol id="sm-1288">
         <name>_scalbnl</name>
         <value>0x8adaf</value>
         <object_component_ref idref="oc-3c7"/>
      </symbol>
      <symbol id="sm-1289">
         <name>_ldexpl</name>
         <value>0x8adaf</value>
         <object_component_ref idref="oc-3c7"/>
      </symbol>
      <symbol id="sm-1299">
         <name>FD$$CMP</name>
         <value>0x8c75e</value>
         <object_component_ref idref="oc-263"/>
      </symbol>
      <symbol id="sm-12b0">
         <name>FD$$DIV</name>
         <value>0x8b5fb</value>
         <object_component_ref idref="oc-268"/>
      </symbol>
      <symbol id="sm-12bd">
         <name>FD$$NEG</name>
         <value>0x8d211</value>
         <object_component_ref idref="oc-26d"/>
      </symbol>
      <symbol id="sm-12cc">
         <name>FD$$TOI</name>
         <value>0x8c98d</value>
         <object_component_ref idref="oc-272"/>
      </symbol>
      <symbol id="sm-12db">
         <name>FD$$TOL</name>
         <value>0x8ca2b</value>
         <object_component_ref idref="oc-277"/>
      </symbol>
      <symbol id="sm-12e7">
         <name>LL$$AND</name>
         <value>0x8cd4a</value>
         <object_component_ref idref="oc-27c"/>
      </symbol>
      <symbol id="sm-12e8">
         <name>LL$$OR</name>
         <value>0x8cd52</value>
         <object_component_ref idref="oc-27c"/>
      </symbol>
      <symbol id="sm-12e9">
         <name>LL$$XOR</name>
         <value>0x8cd5a</value>
         <object_component_ref idref="oc-27c"/>
      </symbol>
      <symbol id="sm-12f7">
         <name>ULL$$CMP</name>
         <value>0x8ca7a</value>
         <object_component_ref idref="oc-281"/>
      </symbol>
      <symbol id="sm-12f8">
         <name>LL$$CMP</name>
         <value>0x8ca68</value>
         <object_component_ref idref="oc-281"/>
      </symbol>
      <symbol id="sm-1308">
         <name>I$$TOFD</name>
         <value>0x8cac1</value>
         <object_component_ref idref="oc-286"/>
      </symbol>
      <symbol id="sm-1318">
         <name>L$$TOFD</name>
         <value>0x8cb16</value>
         <object_component_ref idref="oc-28b"/>
      </symbol>
      <symbol id="sm-1322">
         <name>_errno</name>
         <value>0x10043</value>
         <object_component_ref idref="oc-292"/>
      </symbol>
      <symbol id="sm-132f">
         <name>_copysignl</name>
         <value>0x8c8c1</value>
         <object_component_ref idref="oc-3f6"/>
      </symbol>
   </symbol_table>
   <title>Link successful</title>
</link_info>
