******************************************************************************
             TMS320C2000 Linker PC v17.6.0                     
******************************************************************************
>> Linked Fri Oct  5 11:21:03 2018

OUTPUT FILE NAME:   <SE420_NonColocalBeam.out>
ENTRY POINT SYMBOL: "_c_int00"  address: 0008babf


MEMORY CONFIGURATION

         name            origin    length      used     unused   attr    fill
----------------------  --------  ---------  --------  --------  ----  --------
PAGE 0:
  D01SARAM              0000b000   00001000  00000027  00000fd9  RWIX
  BEGIN                 00080000   00000002  00000002  00000000  RWIX
  FLASHA                00080002   00001ffe  00000769  00001895  RWIX
  FLASHB                00082000   00002000  00001f33  000000cd  RWIX
  FLASHC                00084000   00002000  00000000  00002000  RWIX
  FLASHD                00086000   00002000  00000000  00002000  RWIX
  FLASHE                00088000   00008000  000050b6  00002f4a  RWIX
  FLASHF                00090000   00008000  00000000  00008000  RWIX
  FLASHG                00098000   00008000  00000000  00008000  RWIX
  FLASHH                000a0000   00008000  00000000  00008000  RWIX
  FLASHI                000a8000   00008000  00000000  00008000  RWIX
  FLASHJ                000b0000   00008000  00000000  00008000  RWIX
  FLASHK                000b8000   00002000  00000000  00002000  RWIX
  FLASHL                000ba000   00002000  00000000  00002000  RWIX
  FLASHM                000bc000   00002000  00000000  00002000  RWIX
  FLASHN                000be000   00002000  00000000  00002000  RWIX
  RESET                 003fffc0   00000002  00000000  00000002  RWIX

PAGE 1:
  BOOT_RSVD             00000002   00000120  00000000  00000120  RWIX
  M1SARAM               00000400   00000400  000001bc  00000244  RWIX
  ADCA_RESULT           00000b00   00000020  00000018  00000008  RWIX
  ADCB_RESULT           00000b20   00000020  00000018  00000008  RWIX
  ADCC_RESULT           00000b40   00000020  00000018  00000008  RWIX
  ADCD_RESULT           00000b60   00000020  00000018  00000008  RWIX
  CPU_TIMER0            00000c00   00000008  00000008  00000000  RWIX
  CPU_TIMER1            00000c08   00000008  00000008  00000000  RWIX
  CPU_TIMER2            00000c10   00000008  00000008  00000000  RWIX
  PIE_CTRL              00000ce0   00000020  0000001a  00000006  RWIX
  PIE_VECT              00000d00   00000200  00000000  00000200  RWIX
  DMA                   00001000   00000200  000000e0  00000120  RWIX
  CLA1                  00001400   00000040  0000003c  00000004  RWIX
  EPWM1                 00004000   00000100  00000100  00000000  RWIX
  EPWM2                 00004100   00000100  00000100  00000000  RWIX
  EPWM3                 00004200   00000100  00000100  00000000  RWIX
  EPWM4                 00004300   00000100  00000100  00000000  RWIX
  EPWM5                 00004400   00000100  00000100  00000000  RWIX
  EPWM6                 00004500   00000100  00000100  00000000  RWIX
  EPWM7                 00004600   00000100  00000100  00000000  RWIX
  EPWM8                 00004700   00000100  00000100  00000000  RWIX
  EPWM9                 00004800   00000100  00000100  00000000  RWIX
  EPWM10                00004900   00000100  00000100  00000000  RWIX
  EPWM11                00004a00   00000100  00000100  00000000  RWIX
  EPWM12                00004b00   00000100  00000100  00000000  RWIX
  ECAP1                 00005000   00000020  00000020  00000000  RWIX
  ECAP2                 00005020   00000020  00000020  00000000  RWIX
  ECAP3                 00005040   00000020  00000020  00000000  RWIX
  ECAP4                 00005060   00000020  00000020  00000000  RWIX
  ECAP5                 00005080   00000020  00000020  00000000  RWIX
  ECAP6                 000050a0   00000020  00000020  00000000  RWIX
  EQEP1                 00005100   00000040  00000022  0000001e  RWIX
  EQEP2                 00005140   00000040  00000022  0000001e  RWIX
  EQEP3                 00005180   00000040  00000022  0000001e  RWIX
  DACA                  00005c00   00000010  00000008  00000008  RWIX
  DACB                  00005c10   00000010  00000008  00000008  RWIX
  DACC                  00005c20   00000010  00000008  00000008  RWIX
  CMPSS1                00005c80   00000020  00000020  00000000  RWIX
  CMPSS2                00005ca0   00000020  00000020  00000000  RWIX
  CMPSS3                00005cc0   00000020  00000020  00000000  RWIX
  CMPSS4                00005ce0   00000020  00000020  00000000  RWIX
  CMPSS5                00005d00   00000020  00000020  00000000  RWIX
  CMPSS6                00005d20   00000020  00000020  00000000  RWIX
  CMPSS7                00005d40   00000020  00000020  00000000  RWIX
  CMPSS8                00005d60   00000020  00000020  00000000  RWIX
  SDFM1                 00005e00   00000080  00000080  00000000  RWIX
  SDFM2                 00005e80   00000080  00000080  00000000  RWIX
  MCBSPA                00006000   00000040  00000024  0000001c  RWIX
  MCBSPB                00006040   00000040  00000024  0000001c  RWIX
  SPIA                  00006100   00000010  00000010  00000000  RWIX
  SPIB                  00006110   00000010  00000010  00000000  RWIX
  SPIC                  00006120   00000010  00000010  00000000  RWIX
  SPID                  00006130   00000010  00000000  00000010  RWIX
  UPP                   00006200   00000100  00000048  000000b8  RWIX
  WD                    00007000   00000040  0000002b  00000015  RWIX
  NMIINTRUPT            00007060   00000010  00000007  00000009  RWIX
  XINT                  00007070   00000010  0000000b  00000005  RWIX
  SCIA                  00007200   00000010  00000010  00000000  RWIX
  SCIB                  00007210   00000010  00000010  00000000  RWIX
  SCIC                  00007220   00000010  00000010  00000000  RWIX
  SCID                  00007230   00000010  00000010  00000000  RWIX
  I2CA                  00007300   00000040  00000022  0000001e  RWIX
  I2CB                  00007340   00000040  00000022  0000001e  RWIX
  ADCA                  00007400   00000080  00000080  00000000  RWIX
  ADCB                  00007480   00000080  00000080  00000000  RWIX
  ADCC                  00007500   00000080  00000080  00000000  RWIX
  ADCD                  00007580   00000080  00000080  00000000  RWIX
  INPUT_XBAR            00007900   00000020  00000020  00000000  RWIX
  XBAR                  00007920   00000020  00000020  00000000  RWIX
  TRIG                  00007940   00000010  00000006  0000000a  RWIX
  DMACLASRCSEL          00007980   00000040  0000001a  00000026  RWIX
  EPWM_XBAR             00007a00   00000040  00000040  00000000  RWIX
  CLB_XBAR              00007a40   00000040  00000000  00000040  RWIX
  OUTPUT_XBAR           00007a80   00000040  00000040  00000000  RWIX
  GPIOCTRL              00007c00   00000180  00000180  00000000  RWIX
  GPIODAT               00007f00   00000030  00000030  00000000  RWIX
  LS05SARAM             00008000   00003000  00000d20  000022e0  RWIX
  RAMGS07               0000c000   00008000  00004c02  000033fe  RWIX
  RAMGS815              00014000   00008000  00000000  00008000  RWIX
  CPU2TOCPU1RAM         0003f800   00000400  00000000  00000400  RWIX
  CPU1TOCPU2RAM         0003fc00   00000400  00000000  00000400  RWIX
  EMIF1                 00047000   00000800  00000070  00000790  RWIX
  EMIF2                 00047800   00000800  00000070  00000790  RWIX
  DEV_CFG               0005d000   00000180  0000012e  00000052  RWIX
  ANALOG_SUBSYS         0005d180   00000080  00000048  00000038  RWIX
  CLK_CFG               0005d200   00000100  00000032  000000ce  RWIX
  CPU_SYS               0005d300   00000100  00000082  0000007e  RWIX
  ROMPREFETCH           0005e608   00000002  00000002  00000000  RWIX
  DCSM_Z1               0005f000   00000030  00000024  0000000c  RWIX
  DCSM_Z2               0005f040   00000030  00000024  0000000c  RWIX
  DCSM_COMMON           0005f070   00000010  00000008  00000008  RWIX
  MEMCFG                0005f400   00000080  00000080  00000000  RWIX
  EMIF1CONFIG           0005f480   00000020  00000020  00000000  RWIX
  EMIF2CONFIG           0005f4a0   00000020  00000020  00000000  RWIX
  ACCESSPROTECTION      0005f4c0   00000040  00000040  00000000  RWIX
  MEMORYERROR           0005f500   00000040  00000040  00000000  RWIX
  ROMWAITSTATE          0005f540   00000002  00000002  00000000  RWIX
  FLASH0_CTRL           0005f800   00000300  00000182  0000017e  RWIX
  FLASH0_ECC            0005fb00   00000040  00000028  00000018  RWIX
  FLASH1_CTRL           0005fc00   00000300  00000182  0000017e  RWIX
  FLASH1_ECC            0005ff00   00000040  00000028  00000018  RWIX
  DCSM_Z1_OTP           00078000   00000020  00000020  00000000  RWIX
  DCSM_Z2_OTP           00078200   00000020  00000020  00000000  RWIX


SECTION ALLOCATION MAP

 output                                  attributes/
section   page    origin      length       input sections
--------  ----  ----------  ----------   ----------------
.text:ti_catalog_c2800_initF2837x_flashfuncs 
*          0    000801be    00000027     RUN ADDR = 0000b000
                  000801be    00000027     Boot.a28FP : Boot.o28FP (.text:ti_catalog_c2800_initF2837x_flashfuncs:_ti_catalog_c2800_initF2837x_Boot_initFlash)

xdc.meta   0    00000000    0000010f     COPY SECTION
                  00000000    0000010f     SE420_NonColocalBeam_p28FP.o28FP (xdc.meta)

codestart 
*          0    00080000    00000002     
                  00080000    00000002     F2837xS_CodeStartBranch.obj (codestart)

ramfuncs   0    00080002    000001bc     RUN ADDR = 00000400
                  00080002    0000016e     f28377sSerial.obj (ramfuncs)
                  00080170    0000004a     F2837xS_SysCtrl.obj (ramfuncs)
                  000801ba    00000004     F2837xS_usDelay.obj (ramfuncs)

.cinit     0    000801e5    00000560     
                  000801e5    000004a9     SE420_NonColocalBeam_p28FP.o28FP (.cinit)
                  0008068e    00000099     user_SE420_NonColocalBeam.obj (.cinit)
                  00080727    0000000e     rts2800_fpu32.lib : exit.obj (.cinit)
                  00080735    00000005                       : _lock.obj (.cinit:__lock)
                  0008073a    00000005                       : _lock.obj (.cinit:__unlock)
                  0008073f    00000004                       : errno.obj (.cinit)
                  00080743    00000002     --HOLE-- [fill = 0]

.switch    0    00080746    0000001c     
                  00080746    0000001c     sysbios.a28FP : BIOS.obj (.switch:_ti_sysbios_family_c28_Hwi_clearInterrupt__E)

.binit     0    00080764    0000000a     
                  00080764    0000000a     (.binit)

.pinit     0    00080002    00000000     UNINITIALIZED

.econst    0    00082000    00001f33     
                  00082000    00001767     SE420_NonColocalBeam_p28FP.o28FP (.econst:xdc_runtime_Text_charTab__A)
                  00083767    00000001     SE420_NonColocalBeam_p28FP.o28FP (.econst:ti_sysbios_family_c28_Hwi_Module__id__C)
                  00083768    000001c0     SE420_NonColocalBeam_p28FP.o28FP (.econst:_ti_sysbios_family_c28_Hwi_vectors)
                  00083928    00000101     rts2800_fpu32.lib : ctype.obj (.econst:.string:__ctypes_)
                  00083a29    00000001     SE420_NonColocalBeam_p28FP.o28FP (.econst:ti_sysbios_family_c28_Hwi_Module__loggerDefined__C)
                  00083a2a    00000087     SE420_NonColocalBeam_p28FP.o28FP (.econst:.string)
                  00083ab1    00000001     SE420_NonColocalBeam_p28FP.o28FP (.econst:ti_sysbios_family_c28_Hwi_NUM_INTERRUPTS_ALL__C)
                  00083ab2    00000058     ti.targets.rts2800.a28FP : Error.o28FP (.econst:.string)
                  00083b0a    00000058     SE420_NonColocalBeam_p28FP.o28FP (.econst:xdc_runtime_Text_nodeTab__A)
                  00083b62    00000047     ti.targets.rts2800.a28FP : Log.o28FP (.econst:.string)
                  00083ba9    00000001     SE420_NonColocalBeam_p28FP.o28FP (.econst:ti_sysbios_family_c28_Hwi_Object__count__C)
                  00083baa    00000043     ti.targets.rts2800.a28FP : Text.o28FP (.econst:.string)
                  00083bed    00000001     SE420_NonColocalBeam_p28FP.o28FP (.econst:ti_sysbios_family_c28_TaskSupport_Module__id__C)
                  00083bee    0000002a     ti.targets.rts2800.a28FP : Startup.o28FP (.econst:.string)
                  00083c18    00000026     rts2800_fpu32.lib : _printfi.obj (.econst:.string)
                  00083c3e    00000023     user_SE420_NonColocalBeam.obj (.econst:.string)
                  00083c61    00000001     SE420_NonColocalBeam_p28FP.o28FP (.econst:ti_sysbios_family_c28_Timer_startupNeeded__C)
                  00083c62    0000001e     SE420_NonColocalBeam_p28FP.o28FP (.econst:xdc_runtime_LoggerBuf_Module__FXNS__C)
                  00083c80    0000001c     rts2800_fpu32.lib : _printfi.obj (.econst)
                  00083c9c    0000001c                       : s_scalbn.obj (.econst)
                  00083cb8    00000019     ti.targets.rts2800.a28FP : System.o28FP (.econst:.string)
                  00083cd1    00000001     SE420_NonColocalBeam_p28FP.o28FP (.econst:ti_sysbios_gates_GateMutex_Module__id__C)
                  00083cd2    00000014     SE420_NonColocalBeam_p28FP.o28FP (.econst:ti_sysbios_heaps_HeapMem_Module__FXNS__C)
                  00083ce6    00000014     SE420_NonColocalBeam_p28FP.o28FP (.econst:xdc_runtime_Startup_sfxnTab__A)
                  00083cfa    00000012     SE420_NonColocalBeam_p28FP.o28FP (.econst:ti_sysbios_gates_GateHwi_Module__FXNS__C)
                  00083d0c    00000012     SE420_NonColocalBeam_p28FP.o28FP (.econst:ti_sysbios_gates_GateMutex_Module__FXNS__C)
                  00083d1e    00000012     SE420_NonColocalBeam_p28FP.o28FP (.econst:ti_sysbios_heaps_HeapMem_Object__PARAMS__C)
                  00083d30    00000012     SE420_NonColocalBeam_p28FP.o28FP (.econst:xdc_runtime_LoggerBuf_Object__PARAMS__C)
                  00083d42    00000010     SE420_NonColocalBeam_p28FP.o28FP (.econst)
                  00083d52    00000010     SE420_NonColocalBeam_p28FP.o28FP (.econst:ti_sysbios_gates_GateHwi_Object__DESC__C)
                  00083d62    00000010     SE420_NonColocalBeam_p28FP.o28FP (.econst:ti_sysbios_gates_GateMutex_Object__DESC__C)
                  00083d72    00000010     SE420_NonColocalBeam_p28FP.o28FP (.econst:ti_sysbios_heaps_HeapMem_Object__DESC__C)
                  00083d82    00000010     SE420_NonColocalBeam_p28FP.o28FP (.econst:ti_sysbios_knl_Queue_Object__DESC__C)
                  00083d92    00000010     SE420_NonColocalBeam_p28FP.o28FP (.econst:ti_sysbios_knl_Semaphore_Object__DESC__C)
                  00083da2    00000010     SE420_NonColocalBeam_p28FP.o28FP (.econst:ti_sysbios_knl_Semaphore_Object__PARAMS__C)
                  00083db2    00000010     SE420_NonColocalBeam_p28FP.o28FP (.econst:xdc_runtime_LoggerBuf_Object__DESC__C)
                  00083dc2    0000000c     SE420_NonColocalBeam_p28FP.o28FP (.econst:ti_sysbios_gates_GateHwi_Object__PARAMS__C)
                  00083dce    0000000c     SE420_NonColocalBeam_p28FP.o28FP (.econst:ti_sysbios_gates_GateMutex_Object__PARAMS__C)
                  00083dda    0000000c     SE420_NonColocalBeam_p28FP.o28FP (.econst:ti_sysbios_knl_Queue_Object__PARAMS__C)
                  00083de6    0000000a     SE420_NonColocalBeam_p28FP.o28FP (.econst:xdc_runtime_Startup_sfxnRts__A)
                  00083df0    00000008     rts2800_fpu32.lib : s_frexp.obj (.econst)
                  00083df8    00000006     SE420_NonColocalBeam_p28FP.o28FP (.econst:xdc_runtime_Startup_firstFxns__A)
                  00083dfe    00000005     ti.targets.rts2800.a28FP : Assert.o28FP (.econst:.string)
                  00083e03    00000001     SE420_NonColocalBeam_p28FP.o28FP (.econst:ti_sysbios_hal_Hwi_Module__id__C)
                  00083e04    00000004     SE420_NonColocalBeam_p28FP.o28FP (.econst:ti_sysbios_knl_Idle_funcList__C)
                  00083e08    00000004     SE420_NonColocalBeam_p28FP.o28FP (.econst:xdc_runtime_Startup_firstFxns__C)
                  00083e0c    00000004     SE420_NonColocalBeam_p28FP.o28FP (.econst:xdc_runtime_Startup_lastFxns__C)
                  00083e10    00000003     lcd.obj (.econst:.string:_$P$T1$2)
                  00083e13    00000002     lcd.obj (.econst:.string:_$P$T0$1)
                  00083e15    00000002     lcd.obj (.econst:.string:_$P$T2$3)
                  00083e17    00000001     SE420_NonColocalBeam_p28FP.o28FP (.econst:ti_sysbios_heaps_HeapMem_Module__id__C)
                  00083e18    00000002     SE420_NonColocalBeam_p28FP.o28FP (.econst:ti_sysbios_BIOS_installedErrorHook__C)
                  00083e1a    00000002     SE420_NonColocalBeam_p28FP.o28FP (.econst:ti_sysbios_family_c28_Hwi_A_badIntNum__C)
                  00083e1c    00000002     SE420_NonColocalBeam_p28FP.o28FP (.econst:ti_sysbios_family_c28_Hwi_A_invalidArg__C)
                  00083e1e    00000002     SE420_NonColocalBeam_p28FP.o28FP (.econst:ti_sysbios_family_c28_Hwi_E_unpluggedInterrupt__C)
                  00083e20    00000002     SE420_NonColocalBeam_p28FP.o28FP (.econst:ti_sysbios_family_c28_Hwi_LD_end__C)
                  00083e22    00000002     SE420_NonColocalBeam_p28FP.o28FP (.econst:ti_sysbios_family_c28_Hwi_LM_begin__C)
                  00083e24    00000002     SE420_NonColocalBeam_p28FP.o28FP (.econst:ti_sysbios_family_c28_Hwi_Module__diagsEnabled__C)
                  00083e26    00000002     SE420_NonColocalBeam_p28FP.o28FP (.econst:ti_sysbios_family_c28_Hwi_Module__diagsIncluded__C)
                  00083e28    00000002     SE420_NonColocalBeam_p28FP.o28FP (.econst:ti_sysbios_family_c28_Hwi_Module__diagsMask__C)
                  00083e2a    00000002     SE420_NonColocalBeam_p28FP.o28FP (.econst:ti_sysbios_family_c28_Hwi_Module__loggerFxn1__C)
                  00083e2c    00000002     SE420_NonColocalBeam_p28FP.o28FP (.econst:ti_sysbios_family_c28_Hwi_Module__loggerFxn8__C)
                  00083e2e    00000002     SE420_NonColocalBeam_p28FP.o28FP (.econst:ti_sysbios_family_c28_Hwi_Module__loggerObj__C)
                  00083e30    00000002     SE420_NonColocalBeam_p28FP.o28FP (.econst:ti_sysbios_family_c28_Hwi_Object__table__C)
                  00083e32    00000002     SE420_NonColocalBeam_p28FP.o28FP (.econst:ti_sysbios_family_c28_TaskSupport_E_invalidStack__C)
                  00083e34    00000002     SE420_NonColocalBeam_p28FP.o28FP (.econst:ti_sysbios_gates_GateMutex_A_badContext__C)
                  00083e36    00000002     SE420_NonColocalBeam_p28FP.o28FP (.econst:ti_sysbios_gates_GateMutex_Instance_State_sem__O)
                  00083e38    00000002     SE420_NonColocalBeam_p28FP.o28FP (.econst:ti_sysbios_gates_GateMutex_Module__diagsEnabled__C)
                  00083e3a    00000002     SE420_NonColocalBeam_p28FP.o28FP (.econst:ti_sysbios_gates_GateMutex_Module__diagsIncluded__C)
                  00083e3c    00000002     SE420_NonColocalBeam_p28FP.o28FP (.econst:ti_sysbios_gates_GateMutex_Module__diagsMask__C)
                  00083e3e    00000002     SE420_NonColocalBeam_p28FP.o28FP (.econst:ti_sysbios_hal_Hwi_E_stackOverflow__C)
                  00083e40    00000002     SE420_NonColocalBeam_p28FP.o28FP (.econst:ti_sysbios_heaps_HeapMem_A_align__C)
                  00083e42    00000002     SE420_NonColocalBeam_p28FP.o28FP (.econst:ti_sysbios_heaps_HeapMem_A_heapSize__C)
                  00083e44    00000002     SE420_NonColocalBeam_p28FP.o28FP (.econst:ti_sysbios_heaps_HeapMem_A_invalidFree__C)
                  00083e46    00000002     SE420_NonColocalBeam_p28FP.o28FP (.econst:ti_sysbios_heaps_HeapMem_A_zeroBlock__C)
                  00083e48    00000002     SE420_NonColocalBeam_p28FP.o28FP (.econst:ti_sysbios_heaps_HeapMem_E_memory__C)
                  00083e4a    00000002     SE420_NonColocalBeam_p28FP.o28FP (.econst:ti_sysbios_heaps_HeapMem_Module__diagsEnabled__C)
                  00083e4c    00000002     SE420_NonColocalBeam_p28FP.o28FP (.econst:ti_sysbios_heaps_HeapMem_Module__diagsIncluded__C)
                  00083e4e    00000002     SE420_NonColocalBeam_p28FP.o28FP (.econst:ti_sysbios_heaps_HeapMem_Module__diagsMask__C)
                  00083e50    00000002     SE420_NonColocalBeam_p28FP.o28FP (.econst:ti_sysbios_heaps_HeapMem_Module__gateObj__C)
                  00083e52    00000002     SE420_NonColocalBeam_p28FP.o28FP (.econst:ti_sysbios_heaps_HeapMem_Object__table__C)
                  00083e54    00000002     SE420_NonColocalBeam_p28FP.o28FP (.econst:ti_sysbios_heaps_HeapMem_reqAlign__C)
                  00083e56    00000002     SE420_NonColocalBeam_p28FP.o28FP (.econst:ti_sysbios_knl_Clock_LM_begin__C)
                  00083e58    00000002     SE420_NonColocalBeam_p28FP.o28FP (.econst:ti_sysbios_knl_Clock_LM_tick__C)
                  00083e5a    00000002     SE420_NonColocalBeam_p28FP.o28FP (.econst:ti_sysbios_knl_Clock_LW_delayed__C)
                  00083e5c    00000002     SE420_NonColocalBeam_p28FP.o28FP (.econst:ti_sysbios_knl_Clock_Module_State_clockQ__O)
                  00083e5e    00000002     SE420_NonColocalBeam_p28FP.o28FP (.econst:ti_sysbios_knl_Clock_Module__diagsEnabled__C)
                  00083e60    00000002     SE420_NonColocalBeam_p28FP.o28FP (.econst:ti_sysbios_knl_Clock_Module__diagsIncluded__C)
                  00083e62    00000002     SE420_NonColocalBeam_p28FP.o28FP (.econst:ti_sysbios_knl_Clock_Module__diagsMask__C)
                  00083e64    00000002     SE420_NonColocalBeam_p28FP.o28FP (.econst:ti_sysbios_knl_Clock_Module__loggerFxn1__C)
                  00083e66    00000002     SE420_NonColocalBeam_p28FP.o28FP (.econst:ti_sysbios_knl_Clock_Module__loggerFxn2__C)
                  00083e68    00000002     SE420_NonColocalBeam_p28FP.o28FP (.econst:ti_sysbios_knl_Clock_Module__loggerObj__C)
                  00083e6a    00000002     SE420_NonColocalBeam_p28FP.o28FP (.econst:ti_sysbios_knl_Idle_funcList__A)
                  00083e6c    00000002     SE420_NonColocalBeam_p28FP.o28FP (.econst:ti_sysbios_knl_Mailbox_Instance_State_freeQue__O)
                  00083e6e    00000002     SE420_NonColocalBeam_p28FP.o28FP (.econst:ti_sysbios_knl_Mailbox_Object__table__C)
                  00083e70    00000002     SE420_NonColocalBeam_p28FP.o28FP (.econst:ti_sysbios_knl_Queue_Object__table__C)
                  00083e72    00000002     SE420_NonColocalBeam_p28FP.o28FP (.econst:ti_sysbios_knl_Semaphore_A_badContext__C)
                  00083e74    00000002     SE420_NonColocalBeam_p28FP.o28FP (.econst:ti_sysbios_knl_Semaphore_A_noEvents__C)
                  00083e76    00000002     SE420_NonColocalBeam_p28FP.o28FP (.econst:ti_sysbios_knl_Semaphore_A_overflow__C)
                  00083e78    00000002     SE420_NonColocalBeam_p28FP.o28FP (.econst:ti_sysbios_knl_Semaphore_A_pendTaskDisabled__C)
                  00083e7a    00000002     SE420_NonColocalBeam_p28FP.o28FP (.econst:ti_sysbios_knl_Semaphore_Instance_State_pendQ__O)
                  00083e7c    00000002     SE420_NonColocalBeam_p28FP.o28FP (.econst:ti_sysbios_knl_Semaphore_LM_pend__C)
                  00083e7e    00000002     SE420_NonColocalBeam_p28FP.o28FP (.econst:ti_sysbios_knl_Semaphore_LM_post__C)
                  00083e80    00000002     SE420_NonColocalBeam_p28FP.o28FP (.econst:ti_sysbios_knl_Semaphore_Module__diagsEnabled__C)
                  00083e82    00000002     SE420_NonColocalBeam_p28FP.o28FP (.econst:ti_sysbios_knl_Semaphore_Module__diagsIncluded__C)
                  00083e84    00000002     SE420_NonColocalBeam_p28FP.o28FP (.econst:ti_sysbios_knl_Semaphore_Module__diagsMask__C)
                  00083e86    00000002     SE420_NonColocalBeam_p28FP.o28FP (.econst:ti_sysbios_knl_Semaphore_Module__loggerFxn2__C)
                  00083e88    00000002     SE420_NonColocalBeam_p28FP.o28FP (.econst:ti_sysbios_knl_Semaphore_Module__loggerFxn4__C)
                  00083e8a    00000002     SE420_NonColocalBeam_p28FP.o28FP (.econst:ti_sysbios_knl_Semaphore_Module__loggerObj__C)
                  00083e8c    00000002     SE420_NonColocalBeam_p28FP.o28FP (.econst:ti_sysbios_knl_Swi_LD_end__C)
                  00083e8e    00000002     SE420_NonColocalBeam_p28FP.o28FP (.econst:ti_sysbios_knl_Swi_LM_begin__C)
                  00083e90    00000002     SE420_NonColocalBeam_p28FP.o28FP (.econst:ti_sysbios_knl_Swi_LM_post__C)
                  00083e92    00000002     SE420_NonColocalBeam_p28FP.o28FP (.econst:ti_sysbios_knl_Swi_Module__diagsEnabled__C)
                  00083e94    00000002     SE420_NonColocalBeam_p28FP.o28FP (.econst:ti_sysbios_knl_Swi_Module__diagsIncluded__C)
                  00083e96    00000002     SE420_NonColocalBeam_p28FP.o28FP (.econst:ti_sysbios_knl_Swi_Module__diagsMask__C)
                  00083e98    00000002     SE420_NonColocalBeam_p28FP.o28FP (.econst:ti_sysbios_knl_Swi_Module__loggerFxn1__C)
                  00083e9a    00000002     SE420_NonColocalBeam_p28FP.o28FP (.econst:ti_sysbios_knl_Swi_Module__loggerFxn4__C)
                  00083e9c    00000002     SE420_NonColocalBeam_p28FP.o28FP (.econst:ti_sysbios_knl_Swi_Module__loggerObj__C)
                  00083e9e    00000002     SE420_NonColocalBeam_p28FP.o28FP (.econst:ti_sysbios_knl_Swi_Object__table__C)
                  00083ea0    00000002     SE420_NonColocalBeam_p28FP.o28FP (.econst:ti_sysbios_knl_Task_E_spOutOfBounds__C)
                  00083ea2    00000002     SE420_NonColocalBeam_p28FP.o28FP (.econst:ti_sysbios_knl_Task_E_stackOverflow__C)
                  00083ea4    00000002     SE420_NonColocalBeam_p28FP.o28FP (.econst:ti_sysbios_knl_Task_LD_block__C)
                  00083ea6    00000002     SE420_NonColocalBeam_p28FP.o28FP (.econst:ti_sysbios_knl_Task_LD_exit__C)
                  00083ea8    00000002     SE420_NonColocalBeam_p28FP.o28FP (.econst:ti_sysbios_knl_Task_LD_ready__C)
                  00083eaa    00000002     SE420_NonColocalBeam_p28FP.o28FP (.econst:ti_sysbios_knl_Task_LM_switch__C)
                  00083eac    00000002     SE420_NonColocalBeam_p28FP.o28FP (.econst:ti_sysbios_knl_Task_Module_State_inactiveQ__O)
                  00083eae    00000002     SE420_NonColocalBeam_p28FP.o28FP (.econst:ti_sysbios_knl_Task_Module__diagsEnabled__C)
                  00083eb0    00000002     SE420_NonColocalBeam_p28FP.o28FP (.econst:ti_sysbios_knl_Task_Module__diagsIncluded__C)
                  00083eb2    00000002     SE420_NonColocalBeam_p28FP.o28FP (.econst:ti_sysbios_knl_Task_Module__diagsMask__C)
                  00083eb4    00000002     SE420_NonColocalBeam_p28FP.o28FP (.econst:ti_sysbios_knl_Task_Module__loggerFxn2__C)
                  00083eb6    00000002     SE420_NonColocalBeam_p28FP.o28FP (.econst:ti_sysbios_knl_Task_Module__loggerFxn4__C)
                  00083eb8    00000002     SE420_NonColocalBeam_p28FP.o28FP (.econst:ti_sysbios_knl_Task_Module__loggerObj__C)
                  00083eba    00000002     SE420_NonColocalBeam_p28FP.o28FP (.econst:ti_sysbios_knl_Task_Object__table__C)
                  00083ebc    00000002     SE420_NonColocalBeam_p28FP.o28FP (.econst:ti_sysbios_knl_Task_allBlockedFunc__C)
                  00083ebe    00000002     SE420_NonColocalBeam_p28FP.o28FP (.econst:xdc_runtime_Assert_E_assertFailed__C)
                  00083ec0    00000002     SE420_NonColocalBeam_p28FP.o28FP (.econst:xdc_runtime_Core_A_initializedParams__C)
                  00083ec2    00000002     SE420_NonColocalBeam_p28FP.o28FP (.econst:xdc_runtime_Core_Module__diagsEnabled__C)
                  00083ec4    00000002     SE420_NonColocalBeam_p28FP.o28FP (.econst:xdc_runtime_Core_Module__diagsIncluded__C)
                  00083ec6    00000002     SE420_NonColocalBeam_p28FP.o28FP (.econst:xdc_runtime_Core_Module__diagsMask__C)
                  00083ec8    00000002     SE420_NonColocalBeam_p28FP.o28FP (.econst:xdc_runtime_Error_E_memory__C)
                  00083eca    00000002     SE420_NonColocalBeam_p28FP.o28FP (.econst:xdc_runtime_Error_Module__diagsEnabled__C)
                  00083ecc    00000002     SE420_NonColocalBeam_p28FP.o28FP (.econst:xdc_runtime_Error_Module__diagsIncluded__C)
                  00083ece    00000002     SE420_NonColocalBeam_p28FP.o28FP (.econst:xdc_runtime_Error_Module__diagsMask__C)
                  00083ed0    00000002     SE420_NonColocalBeam_p28FP.o28FP (.econst:xdc_runtime_Error_Module__loggerFxn8__C)
                  00083ed2    00000002     SE420_NonColocalBeam_p28FP.o28FP (.econst:xdc_runtime_Error_Module__loggerObj__C)
                  00083ed4    00000002     SE420_NonColocalBeam_p28FP.o28FP (.econst:xdc_runtime_Error_policyFxn__C)
                  00083ed6    00000002     SE420_NonColocalBeam_p28FP.o28FP (.econst:xdc_runtime_Error_raiseHook__C)
                  00083ed8    00000002     SE420_NonColocalBeam_p28FP.o28FP (.econst:xdc_runtime_IFilterLogger_Interface__BASE__C)
                  00083eda    00000002     SE420_NonColocalBeam_p28FP.o28FP (.econst:xdc_runtime_IGateProvider_Interface__BASE__C)
                  00083edc    00000002     SE420_NonColocalBeam_p28FP.o28FP (.econst:xdc_runtime_IHeap_Interface__BASE__C)
                  00083ede    00000002     SE420_NonColocalBeam_p28FP.o28FP (.econst:xdc_runtime_ILogger_Interface__BASE__C)
                  00083ee0    00000002     SE420_NonColocalBeam_p28FP.o28FP (.econst:xdc_runtime_IModule_Interface__BASE__C)
                  00083ee2    00000002     SE420_NonColocalBeam_p28FP.o28FP (.econst:xdc_runtime_Log_L_error__C)
                  00083ee4    00000002     SE420_NonColocalBeam_p28FP.o28FP (.econst:xdc_runtime_LoggerBuf_E_badLevel__C)
                  00083ee6    00000002     SE420_NonColocalBeam_p28FP.o28FP (.econst:xdc_runtime_LoggerBuf_Module__gateObj__C)
                  00083ee8    00000002     SE420_NonColocalBeam_p28FP.o28FP (.econst:xdc_runtime_LoggerBuf_Object__table__C)
                  00083eea    00000002     SE420_NonColocalBeam_p28FP.o28FP (.econst:xdc_runtime_LoggerBuf_statusLogger__C)
                  00083eec    00000002     SE420_NonColocalBeam_p28FP.o28FP (.econst:xdc_runtime_Main_Module__diagsEnabled__C)
                  00083eee    00000002     SE420_NonColocalBeam_p28FP.o28FP (.econst:xdc_runtime_Main_Module__diagsIncluded__C)
                  00083ef0    00000002     SE420_NonColocalBeam_p28FP.o28FP (.econst:xdc_runtime_Main_Module__diagsMask__C)
                  00083ef2    00000002     SE420_NonColocalBeam_p28FP.o28FP (.econst:xdc_runtime_Memory_defaultHeapInstance__C)
                  00083ef4    00000002     SE420_NonColocalBeam_p28FP.o28FP (.econst:xdc_runtime_Startup_execImpl__C)
                  00083ef6    00000002     SE420_NonColocalBeam_p28FP.o28FP (.econst:xdc_runtime_Startup_sfxnRts__C)
                  00083ef8    00000002     SE420_NonColocalBeam_p28FP.o28FP (.econst:xdc_runtime_Startup_sfxnTab__C)
                  00083efa    00000002     SE420_NonColocalBeam_p28FP.o28FP (.econst:xdc_runtime_Startup_startModsFxn__C)
                  00083efc    00000002     SE420_NonColocalBeam_p28FP.o28FP (.econst:xdc_runtime_SysMin_bufSize__C)
                  00083efe    00000002     SE420_NonColocalBeam_p28FP.o28FP (.econst:xdc_runtime_SysMin_outputFunc__C)
                  00083f00    00000002     SE420_NonColocalBeam_p28FP.o28FP (.econst:xdc_runtime_System_Module__gateObj__C)
                  00083f02    00000002     SE420_NonColocalBeam_p28FP.o28FP (.econst:xdc_runtime_System_abortFxn__C)
                  00083f04    00000002     SE420_NonColocalBeam_p28FP.o28FP (.econst:xdc_runtime_System_exitFxn__C)
                  00083f06    00000002     SE420_NonColocalBeam_p28FP.o28FP (.econst:xdc_runtime_System_extendFxn__C)
                  00083f08    00000002     SE420_NonColocalBeam_p28FP.o28FP (.econst:xdc_runtime_Text_charTab__C)
                  00083f0a    00000002     SE420_NonColocalBeam_p28FP.o28FP (.econst:xdc_runtime_Text_nameEmpty__C)
                  00083f0c    00000002     SE420_NonColocalBeam_p28FP.o28FP (.econst:xdc_runtime_Text_nameStatic__C)
                  00083f0e    00000002     SE420_NonColocalBeam_p28FP.o28FP (.econst:xdc_runtime_Text_nameUnknown__C)
                  00083f10    00000002     SE420_NonColocalBeam_p28FP.o28FP (.econst:xdc_runtime_Text_nodeTab__C)
                  00083f12    00000002     SE420_NonColocalBeam_p28FP.o28FP (.econst:xdc_runtime_Text_visitRopeFxn__C)
                  00083f14    00000001     SE420_NonColocalBeam_p28FP.o28FP (.econst:ti_sysbios_heaps_HeapMem_Object__count__C)
                  00083f15    00000001     SE420_NonColocalBeam_p28FP.o28FP (.econst:ti_sysbios_knl_Clock_Module__id__C)
                  00083f16    00000001     SE420_NonColocalBeam_p28FP.o28FP (.econst:ti_sysbios_knl_Clock_Module__loggerDefined__C)
                  00083f17    00000001     SE420_NonColocalBeam_p28FP.o28FP (.econst:ti_sysbios_knl_Mailbox_Object__count__C)
                  00083f18    00000001     SE420_NonColocalBeam_p28FP.o28FP (.econst:ti_sysbios_knl_Mailbox_maxTypeAlign__C)
                  00083f19    00000001     SE420_NonColocalBeam_p28FP.o28FP (.econst:ti_sysbios_knl_Queue_Object__count__C)
                  00083f1a    00000001     SE420_NonColocalBeam_p28FP.o28FP (.econst:ti_sysbios_knl_Semaphore_Module__id__C)
                  00083f1b    00000001     SE420_NonColocalBeam_p28FP.o28FP (.econst:ti_sysbios_knl_Semaphore_Module__loggerDefined__C)
                  00083f1c    00000001     SE420_NonColocalBeam_p28FP.o28FP (.econst:ti_sysbios_knl_Swi_Module__id__C)
                  00083f1d    00000001     SE420_NonColocalBeam_p28FP.o28FP (.econst:ti_sysbios_knl_Swi_Module__loggerDefined__C)
                  00083f1e    00000001     SE420_NonColocalBeam_p28FP.o28FP (.econst:ti_sysbios_knl_Swi_Object__count__C)
                  00083f1f    00000001     SE420_NonColocalBeam_p28FP.o28FP (.econst:ti_sysbios_knl_Task_Module__id__C)
                  00083f20    00000001     SE420_NonColocalBeam_p28FP.o28FP (.econst:ti_sysbios_knl_Task_Module__loggerDefined__C)
                  00083f21    00000001     SE420_NonColocalBeam_p28FP.o28FP (.econst:ti_sysbios_knl_Task_Object__count__C)
                  00083f22    00000001     SE420_NonColocalBeam_p28FP.o28FP (.econst:ti_sysbios_knl_Task_numConstructedTasks__C)
                  00083f23    00000001     SE420_NonColocalBeam_p28FP.o28FP (.econst:xdc_runtime_Core_Module__id__C)
                  00083f24    00000001     SE420_NonColocalBeam_p28FP.o28FP (.econst:xdc_runtime_Error_Module__loggerDefined__C)
                  00083f25    00000001     SE420_NonColocalBeam_p28FP.o28FP (.econst:xdc_runtime_Error_maxDepth__C)
                  00083f26    00000001     SE420_NonColocalBeam_p28FP.o28FP (.econst:xdc_runtime_Error_policy__C)
                  00083f27    00000001     SE420_NonColocalBeam_p28FP.o28FP (.econst:xdc_runtime_LoggerBuf_Module__id__C)
                  00083f28    00000001     SE420_NonColocalBeam_p28FP.o28FP (.econst:xdc_runtime_LoggerBuf_Object__count__C)
                  00083f29    00000001     SE420_NonColocalBeam_p28FP.o28FP (.econst:xdc_runtime_LoggerBuf_filterByLevel__C)
                  00083f2a    00000001     SE420_NonColocalBeam_p28FP.o28FP (.econst:xdc_runtime_Main_Module__id__C)
                  00083f2b    00000001     SE420_NonColocalBeam_p28FP.o28FP (.econst:xdc_runtime_Memory_Module__id__C)
                  00083f2c    00000001     SE420_NonColocalBeam_p28FP.o28FP (.econst:xdc_runtime_Startup_maxPasses__C)
                  00083f2d    00000001     SE420_NonColocalBeam_p28FP.o28FP (.econst:xdc_runtime_SysMin_flushAtExit__C)
                  00083f2e    00000001     SE420_NonColocalBeam_p28FP.o28FP (.econst:xdc_runtime_System_maxAtexitHandlers__C)
                  00083f2f    00000001     SE420_NonColocalBeam_p28FP.o28FP (.econst:xdc_runtime_Text_charCnt__C)
                  00083f30    00000001     SE420_NonColocalBeam_p28FP.o28FP (.econst:xdc_runtime_Text_isLoaded__C)
                  00083f31    00000001     SE420_NonColocalBeam_p28FP.o28FP (.econst:xdc_runtime_Text_registryModsLastId__C)
                  00083f32    00000001     SE420_NonColocalBeam_p28FP.o28FP (.econst:xdc_runtime_Text_unnamedModsLastId__C)

.text      0    00088000    000050b6     
                  00088000    00000c16     rts2800_fpu32.lib : _printfi.obj (.text)
                  00088c16    0000051c     user_SE420_NonColocalBeam.obj (.text)
                  00089132    000002af     f28377sSerial.obj (.text)
                  000893e1    00000299     F2837xS_SysCtrl.obj (.text)
                  0008967a    00000252     ti.targets.rts2800.a28FP : System.o28FP (.text:_xdc_runtime_System_doPrint__I)
                  000898cc    00000244     F2837xS_Gpio.obj (.text)
                  00089b10    000001da     sysbios.a28FP : BIOS.obj (.text:_ti_sysbios_knl_Semaphore_pend__E)
                  00089cea    000001ba                   : BIOS.obj (.text:_ti_sysbios_heaps_HeapMem_free__E)
                  00089ea4    000001b3                   : BIOS.obj (.text:_ti_sysbios_heaps_HeapMem_alloc__E)
                  0008a057    00000165     lcd.obj (.text)
                  0008a1bc    00000117     f28377sEqep.obj (.text)
                  0008a2d3    0000010a     SE420_NonColocalBeam_p28FP.o28FP (.text:_xdc_runtime_System_printfExtend__I)
                  0008a3dd    00000107     rts2800_fpu32.lib : ll_div28.obj (.text)
                  0008a4e4    000000fd     F2837xS_EPwm.obj (.text)
                  0008a5e1    000000ed     sysbios.a28FP : BIOS.obj (.text:_ti_sysbios_heaps_HeapMem_Instance_init__E)
                  0008a6ce    000000e0                   : BIOS.obj (.text:_ti_sysbios_family_c28_Hwi_clearInterrupt__E)
                  0008a7ae    000000dd     F2837xS_Adc.obj (.text)
                  0008a88b    000000d2     ti.targets.rts2800.a28FP : LoggerBuf.o28FP (.text:_xdc_runtime_LoggerBuf_write8__E)
                  0008a95d    000000c3                              : Core-mem.o28FP (.text:_xdc_runtime_Core_createObject__I)
                  0008aa20    000000c0     sysbios.a28FP : BIOS.obj (.text:_ti_sysbios_family_c28_Hwi_dispatchCore__I)
                  0008aae0    000000c0     rts2800_fpu32.lib : s_scalbn.obj (.text)
                  0008aba0    000000b8     sysbios.a28FP : BIOS.obj (.text:_ti_sysbios_knl_Semaphore_post__E)
                  0008ac58    000000b6                   : BIOS.obj (.text:_ti_sysbios_knl_Clock_workFunc__E)
                  0008ad0e    000000af                   : BIOS.obj (.text:_ti_sysbios_knl_Swi_run__I)
                  0008adbd    0000009c     ti.targets.rts2800.a28FP : Core-smem.o28FP (.text:_xdc_runtime_Core_constructObject__I)
                  0008ae59    0000009c                              : Error.o28FP (.text:_xdc_runtime_Error_policyDefault__E)
                  0008aef5    0000009c     rts2800_fpu32.lib : fd_add28.obj (.text)
                  0008af91    0000009b     sysbios.a28FP : c28_Hwi_disp_asm.obj (.text:_ti_sysbios_family_c28_Hwi_dispatch)
                  0008b02c    0000009b     f28377sADC.obj (.text)
                  0008b0c7    00000001     Boot.a28FP : Boot.o28FP (.text:_ti_catalog_c2800_initF2837x_Boot_defaultLimpAbortFunction)
                  0008b0c8    00000094     rts2800_fpu32.lib : trgmsg.obj (.text)
                  0008b15c    0000008e     sysbios.a28FP : BIOS.obj (.text:_ti_sysbios_family_c28_Hwi_enableInterrupt__E)
                  0008b1ea    0000008b     ti.targets.rts2800.a28FP : LoggerBuf.o28FP (.text:_xdc_runtime_LoggerBuf_write4__E)
                  0008b275    0000008b     rts2800_fpu32.lib : fd_div28.obj (.text)
                  0008b300    00000088                       : fs_div28.obj (.text)
                  0008b388    00000083                       : fd_mpy28.obj (.text)
                  0008b40b    00000082     f28377sDAC.obj (.text)
                  0008b48d    00000081     sysbios.a28FP : BIOS.obj (.text:_ti_sysbios_family_c28_Hwi_disableInterrupt__E)
                  0008b50e    0000007e                   : BIOS.obj (.text:_ti_sysbios_family_c28_Hwi_disablePIEIER__E)
                  0008b58c    0000007d                   : BIOS.obj (.text:_ti_sysbios_family_c28_Hwi_enablePIEIER__E)
                  0008b609    0000007d     ti.targets.rts2800.a28FP : Startup.o28FP (.text:_xdc_runtime_Startup_startMods__I)
                  0008b686    00000073     sysbios.a28FP : BIOS.obj (.text:_ti_sysbios_knl_Task_checkStacks__E)
                  0008b6f9    00000071                   : BIOS.obj (.text:_ti_sysbios_knl_Task_startCore__E)
                  0008b76a    00000070                   : BIOS.obj (.text:_ti_sysbios_gates_GateMutex_enter__E)
                  0008b7da    0000006f     ti.targets.rts2800.a28FP : Text.o28FP (.text:_xdc_runtime_Text_putSite__E)
                  0008b849    0000006e     sysbios.a28FP : BIOS.obj (.text:_ti_sysbios_knl_Task_schedule__I)
                  0008b8b7    0000006a                   : BIOS.obj (.text:_ti_sysbios_knl_Semaphore_Instance_init__E)
                  0008b921    00000068     f28377sEPWM3A.obj (.text)
                  0008b989    00000068     f28377sEPWM6A.obj (.text)
                  0008b9f1    00000068     f28377sEPWM8A.obj (.text)
                  0008ba59    00000066     sysbios.a28FP : BIOS.obj (.text:_ti_sysbios_family_c28_Timer_stopAndClear__I)
                  0008babf    00000063     boot.a28FP : boot_cg.o28FP (.text)
                  0008bb22    00000060     sysbios.a28FP : BIOS.obj (.text:_ti_sysbios_knl_Swi_post__E)
                  0008bb82    00000060                   : BIOS.obj (.text:_ti_sysbios_knl_Task_blockI__E)
                  0008bbe2    0000005a     rts2800_fpu32.lib : s_frexp.obj (.text)
                  0008bc3c    00000057     sysbios.a28FP : BIOS.obj (.text:_ti_sysbios_knl_Task_exit__E)
                  0008bc93    00000057     ti.targets.rts2800.a28FP : Memory.o28FP (.text:_xdc_runtime_Memory_alloc__E)
                  0008bcea    00000051     sysbios.a28FP : BIOS.obj (.text:_ti_sysbios_knl_Task_unblockI__E)
                  0008bd3b    0000004f     ti.targets.rts2800.a28FP : Text.o28FP (.text:_xdc_runtime_Text_putLab__E)
                  0008bd8a    0000004b     sysbios.a28FP : BIOS.obj (.text:_ti_sysbios_knl_Task_postInit__I)
                  0008bdd5    00000047                   : BIOS.obj (.text:_ti_sysbios_family_c28_Hwi_Module_startup__E)
                  0008be1c    00000046     ti.targets.rts2800.a28FP : Core-mem.o28FP (.text:_xdc_runtime_Core_deleteObject__I)
                  0008be62    00000045     Boot.a28FP : Boot.o28FP (.text:.bootCodeSection:_ti_catalog_c2800_initF2837x_Boot_configurePllDivs)
                  0008bea7    00000043     sysbios.a28FP : BIOS.obj (.text:_ti_sysbios_family_c28_Timer_postInit__I)
                  0008beea    00000042                   : BIOS.obj (.text:_ti_sysbios_family_c28_Hwi_unPluggedInterrupt__I)
                  0008bf2c    0000003f     ti.targets.rts2800.a28FP : System.o28FP (.text:_xdc_runtime_System_formatNum__I)
                  0008bf6b    0000003e     sysbios.a28FP : BIOS.obj (.text:_ti_sysbios_knl_Swi_restoreHwi__E)
                  0008bfa9    0000003e     ti.targets.rts2800.a28FP : Text.o28FP (.text:_xdc_runtime_Text_putMod__E)
                  0008bfe7    0000003d                              : Core-params.o28FP (.text:_xdc_runtime_Core_assignParams__I)
                  0008c024    0000003d                              : LoggerBuf.o28FP (.text:_xdc_runtime_LoggerBuf_getFilterLevel__E)
                  0008c061    0000003c                              : LoggerBuf.o28FP (.text:_xdc_runtime_LoggerBuf_setFilterLevel__E)
                  0008c09d    0000003a     sysbios.a28FP : BIOS.obj (.text:_ti_sysbios_family_c28_TaskSupport_start__E)
                  0008c0d7    00000038     SE420_NonColocalBeam_p28FP.o28FP (.text:_xdc_runtime_LoggerBuf_Object__create__S)
                  0008c10f    00000038     rts2800_fpu32.lib : hostwrite.obj (.text)
                  0008c147    00000036     sysbios.a28FP : BIOS.obj (.text:_ti_sysbios_knl_Clock_logTick__E)
                  0008c17d    00000036     ti.targets.rts2800.a28FP : LoggerBuf.o28FP (.text:_xdc_runtime_LoggerBuf_Instance_init__E)
                  0008c1b3    00000034     SE420_NonColocalBeam_p28FP.o28FP (.text:_ti_sysbios_BIOS_rtsUnlock__I)
                  0008c1e7    00000032     sysbios.a28FP : BIOS.obj (.text:_ti_sysbios_knl_Task_Module_startup__E)
                  0008c219    00000032     ti.targets.rts2800.a28FP : Assert.o28FP (.text:_xdc_runtime_Assert_raise__I)
                  0008c24b    00000032                              : Text.o28FP (.text:_xdc_runtime_Text_visitRope2__I)
                  0008c27d    00000031                              : Startup.o28FP (.text:_xdc_runtime_Startup_exec__E)
                  0008c2ae    00000031     rts2800_fpu32.lib : atoi.obj (.text)
                  0008c2df    00000030     ti.targets.rts2800.a28FP : Error.o28FP (.text:_xdc_runtime_Error_setX__E)
                  0008c30f    00000030     rts2800_fpu32.lib : vsprintf.obj (.text)
                  0008c33f    0000002e     sysbios.a28FP : BIOS.obj (.text:_ti_sysbios_knl_Swi_runLoop__I)
                  0008c36d    0000002e                   : BIOS.obj (.text:_ti_sysbios_knl_Swi_schedule__I)
                  0008c39b    0000002e     ti.targets.rts2800.a28FP : Error.o28FP (.text:_xdc_runtime_Error_print__E)
                  0008c3c9    0000002e     rts2800_fpu32.lib : ltoa.obj (.text)
                  0008c3f7    0000002d     sysbios.a28FP : BIOS.obj (.text:_ti_sysbios_family_c28_Hwi_getStackInfo__E)
                  0008c424    0000002d                   : BIOS.obj (.text:_ti_sysbios_heaps_HeapMem_getStats__E)
                  0008c451    0000002c                   : BIOS.obj (.text:_ti_sysbios_family_c28_Timer_start__E)
                  0008c47d    0000002b                   : BIOS.obj (.text:_ti_sysbios_knl_Mailbox_Module_startup__E)
                  0008c4a8    0000002a     rts2800_fpu32.lib : fd_cmp28.obj (.text)
                  0008c4d2    0000002a                       : l_div28.obj (.text)
                  0008c4fc    00000029     ti.targets.rts2800.a28FP : SysMin.o28FP (.text:_xdc_runtime_SysMin_flush__E)
                  0008c525    00000029                              : Text.o28FP (.text:_xdc_runtime_Text_xprintf__I)
                  0008c54e    00000029     rts2800_fpu32.lib : exit.obj (.text)
                  0008c577    00000027     sysbios.a28FP : BIOS.obj (.text:_ti_sysbios_heaps_HeapMem_init__I)
                  0008c59e    00000025                   : c28_TaskSupport_asm.obj (.text:_ti_sysbios_family_c28_TaskSupport_buildTaskStack)
                  0008c5c3    00000024     ti.targets.rts2800.a28FP : System.o28FP (.text:_xdc_runtime_System_processAtExit__E)
                  0008c5e7    00000024     rts2800_fpu32.lib : cpy_tbl.obj (.text)
                  0008c60b    00000024                       : s_copysign.obj (.text)
                  0008c62f    00000022                       : i_div28.obj (.text)
                  0008c651    00000021     sysbios.a28FP : BIOS.obj (.text:_ti_sysbios_knl_Task_allBlockedFunction__I)
                  0008c672    00000021     ti.targets.rts2800.a28FP : LoggerBuf.o28FP (.text:_xdc_runtime_LoggerBuf_filterOutEvent__I)
                  0008c693    00000021                              : System.o28FP (.text:_xdc_runtime_System_atexit__E)
                  0008c6b4    00000021     rts2800_fpu32.lib : fd_toi28.obj (.text)
                  0008c6d5    00000020     sysbios.a28FP : BIOS.obj (.text:_ti_sysbios_family_c28_Timer_setPrescale__E)
                  0008c6f5    0000001f     SE420_NonColocalBeam_p28FP.o28FP (.text:_ti_sysbios_gates_GateHwi_Object__create__S)
                  0008c714    0000001f     SE420_NonColocalBeam_p28FP.o28FP (.text:_ti_sysbios_gates_GateMutex_Object__create__S)
                  0008c733    0000001f     SE420_NonColocalBeam_p28FP.o28FP (.text:_ti_sysbios_heaps_HeapMem_Object__create__S)
                  0008c752    0000001f     rts2800_fpu32.lib : fd_tol28.obj (.text)
                  0008c771    0000001e     ti.targets.rts2800.a28FP : SysMin.o28FP (.text:_xdc_runtime_SysMin_putch__E)
                  0008c78f    0000001e     rts2800_fpu32.lib : ll_cmp28.obj (.text)
                  0008c7ad    0000001e                       : memcpy.obj (.text)
                  0008c7cb    0000001d     sysbios.a28FP : c28_TaskSupport_asm.obj (.text:_ti_sysbios_family_c28_TaskSupport_swap__E)
                  0008c7e8    0000001d     rts2800_fpu32.lib : i_tofd28.obj (.text)
                  0008c805    0000001c     sysbios.a28FP : BIOS.obj (.text:_ti_sysbios_hal_Hwi_checkStack)
                  0008c821    0000001c     rts2800_fpu32.lib : fs_tofdfpu32.obj (.text)
                  0008c83d    0000001c                       : l_tofd28.obj (.text)
                  0008c859    0000001b     sysbios.a28FP : c28_Hwi_asm.obj (.text:_ti_sysbios_family_c28_Hwi_switchAndDispatch__I)
                  0008c874    0000001b                   : BIOS.obj (.text:_ti_sysbios_hal_Hwi_initStack)
                  0008c88f    0000001b     SE420_NonColocalBeam_p28FP.o28FP (.text:_ti_sysbios_knl_Semaphore_construct)
                  0008c8aa    0000001b     sysbios.a28FP : BIOS.obj (.text:_ti_sysbios_knl_Task_processVitalTaskFlag__I)
                  0008c8c5    0000001b     SE420_NonColocalBeam_p28FP.o28FP (.text:_xdc_runtime_SysMin_output__I)
                  0008c8e0    0000001a     sysbios.a28FP : BIOS.obj (.text:_ti_sysbios_knl_Clock_addI__E)
                  0008c8fa    0000001a     ti.targets.rts2800.a28FP : Core-label.o28FP (.text:_xdc_runtime_Core_assignLabel__I)
                  0008c914    0000001a                              : System.o28FP (.text:_xdc_runtime_System_avprintf__E)
                  0008c92e    0000001a                              : System.o28FP (.text:_xdc_runtime_System_putchar__I)
                  0008c948    00000019     SE420_NonColocalBeam_p28FP.o28FP (.text:_ti_sysbios_family_c28_Hwi_Object__get__S)
                  0008c961    00000019     sysbios.a28FP : BIOS.obj (.text:_ti_sysbios_knl_Mailbox_postInit__I)
                  0008c97a    00000019     SE420_NonColocalBeam_p28FP.o28FP (.text:_ti_sysbios_knl_Queue_Object__get__S)
                  0008c993    00000019     SE420_NonColocalBeam_p28FP.o28FP (.text:_ti_sysbios_knl_Queue_construct)
                  0008c9ac    00000019     sysbios.a28FP : BIOS.obj (.text:_ti_sysbios_knl_Semaphore_pendTimeout__I)
                  0008c9c5    00000019                   : BIOS.obj (.text:_ti_sysbios_knl_Swi_restore__E)
                  0008c9de    00000019     ti.targets.rts2800.a28FP : System.o28FP (.text:_xdc_runtime_System_vprintf__E)
                  0008c9f7    00000019                              : Text.o28FP (.text:_xdc_runtime_Text_printVisFxn__I)
                  0008ca10    00000019     rts2800_fpu32.lib : args_main.obj (.text)
                  0008ca29    00000018     sysbios.a28FP : c28_Hwi_asm.obj (.text:_ti_sysbios_family_xxx_Hwi_switchAndRunFunc)
                  0008ca41    00000018     ti.targets.rts2800.a28FP : LoggerBuf.o28FP (.text:_xdc_runtime_LoggerBuf_Module_startup__E)
                  0008ca59    00000018                              : LoggerBuf.o28FP (.text:_xdc_runtime_LoggerBuf_reset__E)
                  0008ca71    00000018     rts2800_fpu32.lib : ll_aox28.obj (.text)
                  0008ca89    00000017     SE420_NonColocalBeam_p28FP.o28FP (.text:_ti_sysbios_BIOS_atExitFunc__I)
                  0008caa0    00000017     sysbios.a28FP : BIOS.obj (.text:_ti_sysbios_family_c28_Timer_startup__E)
                  0008cab7    00000017     SE420_NonColocalBeam_p28FP.o28FP (.text:_ti_sysbios_heaps_HeapMem_Object__get__S)
                  0008cace    00000017     SE420_NonColocalBeam_p28FP.o28FP (.text:_ti_sysbios_knl_Clock_doTick__I)
                  0008cae5    00000017     SE420_NonColocalBeam_p28FP.o28FP (.text:_ti_sysbios_knl_Mailbox_Object__get__S)
                  0008cafc    00000017     SE420_NonColocalBeam_p28FP.o28FP (.text:_ti_sysbios_knl_Swi_Object__get__S)
                  0008cb13    00000017     SE420_NonColocalBeam_p28FP.o28FP (.text:_ti_sysbios_knl_Task_Object__get__S)
                  0008cb2a    00000017     SE420_NonColocalBeam_p28FP.o28FP (.text:_xdc_runtime_LoggerBuf_Object__get__S)
                  0008cb41    00000017     ti.targets.rts2800.a28FP : Memory.o28FP (.text:_xdc_runtime_Memory_valloc__E)
                  0008cb58    00000016     sysbios.a28FP : BIOS.obj (.text:_ti_sysbios_family_c28_Timer_Module_startup__E)
                  0008cb6e    00000016                   : BIOS.obj (.text:_ti_sysbios_knl_Task_restore__E)
                  0008cb84    00000016     ti.targets.rts2800.a28FP : SysMin.o28FP (.text:_xdc_runtime_SysMin_abort__E)
                  0008cb9a    00000015     sysbios.a28FP : BIOS.obj (.text:_ti_sysbios_knl_Swi_Module_startup__E)
                  0008cbaf    00000014                   : BIOS.obj (.text:_ti_sysbios_knl_Idle_run__E)
                  0008cbc3    00000013     SE420_NonColocalBeam_p28FP.o28FP (.text:_ti_sysbios_BIOS_errorRaiseHook__I)
                  0008cbd6    00000013     SE420_NonColocalBeam_p28FP.o28FP (.text:_ti_sysbios_gates_GateMutex_Object__delete__S)
                  0008cbe9    00000013     ti.targets.rts2800.a28FP : Error.o28FP (.text:_xdc_runtime_Error_raiseX__E)
                  0008cbfc    00000013                              : Text.o28FP (.text:_xdc_runtime_Text_cordText__E)
                  0008cc0f    00000012     SE420_NonColocalBeam_p28FP.o28FP (.text:_ti_sysbios_family_c28_Hwi_disableIER__E)
                  0008cc21    00000012     SE420_NonColocalBeam_p28FP.o28FP (.text:_ti_sysbios_gates_GateHwi_Object__delete__S)
                  0008cc33    00000012     SE420_NonColocalBeam_p28FP.o28FP (.text:_ti_sysbios_heaps_HeapMem_Object__delete__S)
                  0008cc45    00000012     sysbios.a28FP : BIOS.obj (.text:_ti_sysbios_knl_Clock_Module_startup__E)
                  0008cc57    00000012     SE420_NonColocalBeam_p28FP.o28FP (.text:_xdc_runtime_LoggerBuf_Object__delete__S)
                  0008cc69    00000011     SE420_NonColocalBeam_p28FP.o28FP (.text:_ti_sysbios_gates_GateHwi_Handle__label__S)
                  0008cc7a    00000011     SE420_NonColocalBeam_p28FP.o28FP (.text:_ti_sysbios_gates_GateMutex_Handle__label__S)
                  0008cc8b    00000011     SE420_NonColocalBeam_p28FP.o28FP (.text:_ti_sysbios_heaps_HeapMem_Handle__label__S)
                  0008cc9c    00000011     SE420_NonColocalBeam_p28FP.o28FP (.text:_xdc_runtime_LoggerBuf_Handle__label__S)
                  0008ccad    00000010     SE420_NonColocalBeam_p28FP.o28FP (.text:_ti_sysbios_BIOS_rtsLock__I)
                  0008ccbd    00000010     SE420_NonColocalBeam_p28FP.o28FP (.text:_ti_sysbios_family_c28_Hwi_enableIER__E)
                  0008cccd    00000010     sysbios.a28FP : BIOS.obj (.text:_ti_sysbios_family_c28_Timer_stop__E)
                  0008ccdd    00000010                   : BIOS.obj (.text:_ti_sysbios_knl_Task_restoreHwi__E)
                  0008cced    00000010     ti.targets.rts2800.a28FP : SysMin.o28FP (.text:_xdc_runtime_SysMin_Module_startup__E)
                  0008ccfd    0000000f     SE420_NonColocalBeam_p28FP.o28FP (.text:_ti_sysbios_BIOS_startFunc__I)
                  0008cd0c    0000000f     sysbios.a28FP : BIOS.obj (.text:_ti_sysbios_gates_GateMutex_Instance_init__E)
                  0008cd1b    0000000f     SE420_NonColocalBeam_p28FP.o28FP (.text:_ti_sysbios_knl_Semaphore_Object__destruct__S)
                  0008cd2a    0000000f     ti.targets.rts2800.a28FP : LoggerBuf.o28FP (.text:_xdc_runtime_LoggerBuf_write2__E)
                  0008cd39    0000000f                              : Registry.o28FP (.text:_xdc_runtime_Registry_findById__E)
                  0008cd48    0000000f     SE420_NonColocalBeam_p28FP.o28FP (.text:_xdc_runtime_Text_visitRope__I)
                  0008cd57    0000000e     sysbios.a28FP : BIOS.obj (.text:_ti_sysbios_family_c28_f2837x_TimestampProvider_get64__E)
                  0008cd65    0000000e     SE420_NonColocalBeam_p28FP.o28FP (.text:_ti_sysbios_knl_Queue_Object__destruct__S)
                  0008cd73    0000000e     SE420_NonColocalBeam_p28FP.o28FP (.text:_xdc_runtime_IHeap_alloc)
                  0008cd81    0000000e     rts2800_fpu32.lib : fd_sub28.obj (.text)
                  0008cd8f    0000000d     SE420_NonColocalBeam_p28FP.o28FP (.text:_ti_sysbios_BIOS_registerRTSLock__I)
                  0008cd9c    0000000d     SE420_NonColocalBeam_p28FP.o28FP (.text:_ti_sysbios_BIOS_removeRTSLock__I)
                  0008cda9    0000000d     sysbios.a28FP : BIOS.obj (.text:_ti_sysbios_family_c28_Hwi_dispatchC__I)
                  0008cdb6    0000000d     SE420_NonColocalBeam_p28FP.o28FP (.text:_ti_sysbios_family_c28_Hwi_restoreIER__E)
                  0008cdc3    0000000d     SE420_NonColocalBeam_p28FP.o28FP (.text:_ti_sysbios_knl_Task_SupportProxy_start__E)
                  0008cdd0    0000000d     sysbios.a28FP : BIOS.obj (.text:_ti_sysbios_knl_Task_enter__I)
                  0008cddd    0000000d     ti.targets.rts2800.a28FP : LoggerBuf.o28FP (.text:_xdc_runtime_LoggerBuf_write0__E)
                  0008cdea    0000000d                              : LoggerBuf.o28FP (.text:_xdc_runtime_LoggerBuf_write1__E)
                  0008cdf7    0000000d     SE420_NonColocalBeam_p28FP.o28FP (.text:_xdc_runtime_Memory_HeapProxy_alloc__E)
                  0008ce04    0000000d     ti.targets.rts2800.a28FP : System.o28FP (.text:_xdc_runtime_System_abort__E)
                  0008ce11    0000000d     rts2800_fpu32.lib : memccpy.obj (.text)
                  0008ce1e    0000000c     SE420_NonColocalBeam_p28FP.o28FP (.text:_ti_sysbios_BIOS_exitFunc__I)
                  0008ce2a    0000000c     sysbios.a28FP : BIOS.obj (.text:_ti_sysbios_gates_GateMutex_leave__E)
                  0008ce36    0000000c                   : BIOS.obj (.text:_ti_sysbios_knl_Queue_put__E)
                  0008ce42    0000000c                   : BIOS.obj (.text:_ti_sysbios_knl_Task_enabled__E)
                  0008ce4e    0000000c     ti.targets.rts2800.a28FP : Error.o28FP (.text:_xdc_runtime_Error_check__E)
                  0008ce5a    0000000c     SE420_NonColocalBeam_p28FP.o28FP (.text:_xdc_runtime_System_aprintf__E)
                  0008ce66    0000000c     SE420_NonColocalBeam_p28FP.o28FP (.text:_xdc_runtime_System_printf__E)
                  0008ce72    0000000c     rts2800_fpu32.lib : memset.obj (.text)
                  0008ce7e    0000000c                       : strchr.obj (.text)
                  0008ce8a    0000000b     SE420_NonColocalBeam_p28FP.o28FP (.text:_ti_sysbios_family_c28_Hwi_Module__startupDone__F)
                  0008ce95    0000000b     SE420_NonColocalBeam_p28FP.o28FP (.text:_ti_sysbios_family_c28_Timer_Module__startupDone__F)
                  0008cea0    0000000b     sysbios.a28FP : BIOS.obj (.text:_ti_sysbios_knl_Task_unblock__E)
                  0008ceab    0000000b     ti.targets.rts2800.a28FP : LoggerBuf.o28FP (.text:_xdc_runtime_LoggerBuf_Instance_finalize__E)
                  0008ceb6    0000000b     SE420_NonColocalBeam_p28FP.o28FP (.text:_xdc_runtime_Startup_exec__I)
                  0008cec1    0000000b     ti.targets.rts2800.a28FP : SysMin.o28FP (.text:_xdc_runtime_SysMin_exit__E)
                  0008cecc    0000000b                              : System.o28FP (.text:_xdc_runtime_System_exit__E)
                  0008ced7    0000000b     rts2800_fpu32.lib : u_div28.obj (.text)
                  0008cee2    0000000a     SE420_NonColocalBeam_p28FP.o28FP (.text:.bootCodeSection:_ti_catalog_c2800_initF2837x_Boot_init)
                  0008ceec    0000000a     SE420_NonColocalBeam_p28FP.o28FP (.text:_xdc_runtime_IHeap_free)
                  0008cef6    0000000a     ti.targets.rts2800.a28FP : Memory.o28FP (.text:_xdc_runtime_Memory_free__E)
                  0008cf00    0000000a                              : System.o28FP (.text:_xdc_runtime_System_vsnprintf__E)
                  0008cf0a    0000000a                              : Text.o28FP (.text:_xdc_runtime_Text_ropeText__E)
                  0008cf14    00000009     sysbios.a28FP : BIOS.obj (.text:_ti_sysbios_family_c28_TaskSupport_checkStack__E)
                  0008cf1d    00000009                   : c28_TaskSupport_asm.obj (.text:_ti_sysbios_family_c28_TaskSupport_glue)
                  0008cf26    00000009                   : BIOS.obj (.text:_ti_sysbios_hal_Hwi_Module_startup__E)
                  0008cf2f    00000009     rts2800_fpu32.lib : _lock.obj (.text)
                  0008cf38    00000009                       : fd_neg28.obj (.text)
                  0008cf41    00000008     Boot.a28FP : Boot.o28FP (.text:.bootCodeSection:_ti_catalog_c2800_initF2837x_Boot_initSharedRAMs)
                  0008cf49    00000008     F2837xS_CodeStartBranch.obj (.text)
                  0008cf51    00000008     sysbios.a28FP : BIOS.obj (.text:_ti_sysbios_BIOS_setThreadType__E)
                  0008cf59    00000008                   : BIOS.obj (.text:_ti_sysbios_gates_GateMutex_Instance_finalize__E)
                  0008cf61    00000008     SE420_NonColocalBeam_p28FP.o28FP (.text:_ti_sysbios_knl_Clock_Module_State_clockQ)
                  0008cf69    00000008     sysbios.a28FP : BIOS.obj (.text:_ti_sysbios_knl_Semaphore_Instance_finalize__E)
                  0008cf71    00000008     SE420_NonColocalBeam_p28FP.o28FP (.text:_xdc_runtime_Memory_HeapProxy_free__E)
                  0008cf79    00000008     ti.targets.rts2800.a28FP : Memory.o28FP (.text:_xdc_runtime_Memory_calloc__E)
                  0008cf81    00000008                              : SysMin.o28FP (.text:_xdc_runtime_SysMin_ready__E)
                  0008cf89    00000008     rts2800_fpu32.lib : strlen.obj (.text)
                  0008cf91    00000007     SE420_NonColocalBeam_p28FP.o28FP (.text:.bootCodeSection:_ti_catalog_c2800_initF2837x_Boot_initStartup)
                  0008cf98    00000007     SE420_NonColocalBeam_p28FP.o28FP (.text:_ti_sysbios_BIOS_RtsGateProxy_leave__E)
                  0008cf9f    00000007     SE420_NonColocalBeam_p28FP.o28FP (.text:_ti_sysbios_hal_Hwi_HwiProxy_getStackInfo__E)
                  0008cfa6    00000007     SE420_NonColocalBeam_p28FP.o28FP (.text:_ti_sysbios_heaps_HeapMem_Module_GateProxy_leave__E)
                  0008cfad    00000007     sysbios.a28FP : BIOS.obj (.text:_ti_sysbios_knl_Queue_empty__E)
                  0008cfb4    00000007     SE420_NonColocalBeam_p28FP.o28FP (.text:_ti_sysbios_knl_Task_SupportProxy_checkStack__E)
                  0008cfbb    00000007     SE420_NonColocalBeam_p28FP.o28FP (.text:_ti_sysbios_knl_Task_SupportProxy_swap__E)
                  0008cfc2    00000007     SE420_NonColocalBeam_p28FP.o28FP (.text:_xdc_runtime_LoggerBuf_Module_GateProxy_leave__E)
                  0008cfc9    00000007     SE420_NonColocalBeam_p28FP.o28FP (.text:_xdc_runtime_System_Module_GateProxy_leave__E)
                  0008cfd0    00000006     SE420_NonColocalBeam_p28FP.o28FP (.text:_ti_sysbios_BIOS_RtsGateProxy_enter__E)
                  0008cfd6    00000006     sysbios.a28FP : BIOS.obj (.text:_ti_sysbios_BIOS_start__E)
                  0008cfdc    00000006                   : c28_IntrinsicsSupport_asm.obj (.text:_ti_sysbios_family_c28_IntrinsicsSupport_maxbit__E)
                  0008cfe2    00000006     SE420_NonColocalBeam_p28FP.o28FP (.text:_ti_sysbios_heaps_HeapMem_Module_GateProxy_enter__E)
                  0008cfe8    00000006     SE420_NonColocalBeam_p28FP.o28FP (.text:_ti_sysbios_heaps_HeapMem_Module_GateProxy_query__E)
                  0008cfee    00000006     SE420_NonColocalBeam_p28FP.o28FP (.text:_ti_sysbios_knl_Clock_TimerProxy_getMaxTicks__E)
                  0008cff4    00000006     SE420_NonColocalBeam_p28FP.o28FP (.text:_ti_sysbios_knl_Queue_destruct)
                  0008cffa    00000006     SE420_NonColocalBeam_p28FP.o28FP (.text:_ti_sysbios_knl_Semaphore_destruct)
                  0008d000    00000006     sysbios.a28FP : BIOS.obj (.text:_ti_sysbios_knl_Swi_disable__E)
                  0008d006    00000006                   : BIOS.obj (.text:_ti_sysbios_knl_Task_disable__E)
                  0008d00c    00000006     ti.targets.rts2800.a28FP : Gate.o28FP (.text:_xdc_runtime_Gate_enterSystem__E)
                  0008d012    00000006                              : Gate.o28FP (.text:_xdc_runtime_Gate_leaveSystem__E)
                  0008d018    00000006     SE420_NonColocalBeam_p28FP.o28FP (.text:_xdc_runtime_LoggerBuf_Module_GateProxy_enter__E)
                  0008d01e    00000006     SE420_NonColocalBeam_p28FP.o28FP (.text:_xdc_runtime_LoggerBuf_TimestampProxy_get64__E)
                  0008d024    00000006     ti.targets.rts2800.a28FP : LoggerBuf.o28FP (.text:_xdc_runtime_LoggerBuf_enable__E)
                  0008d02a    00000006     SE420_NonColocalBeam_p28FP.o28FP (.text:_xdc_runtime_System_Module_GateProxy_enter__E)
                  0008d030    00000006     SE420_NonColocalBeam_p28FP.o28FP (.text:_xdc_runtime_System_SupportProxy_abort__E)
                  0008d036    00000006     SE420_NonColocalBeam_p28FP.o28FP (.text:_xdc_runtime_System_SupportProxy_exit__E)
                  0008d03c    00000006     SE420_NonColocalBeam_p28FP.o28FP (.text:_xdc_runtime_System_SupportProxy_putch__E)
                  0008d042    00000005     sysbios.a28FP : BIOS.obj (.text:_ti_sysbios_family_c28_Hwi_switchFromBootStack__E)
                  0008d047    00000005                   : BIOS.obj (.text:_ti_sysbios_gates_GateHwi_enter__E)
                  0008d04c    00000005     SE420_NonColocalBeam_p28FP.o28FP (.text:_xdc_iargToPtr)
                  0008d051    00000005     ti.targets.rts2800.a28FP : Error.o28FP (.text:_xdc_runtime_Error_init__E)
                  0008d056    00000005                              : LoggerBuf.o28FP (.text:_xdc_runtime_LoggerBuf_disable__E)
                  0008d05b    00000005     rts2800_fpu32.lib : strcpy.obj (.text)
                  0008d060    00000004     SE420_NonColocalBeam_p28FP.o28FP (.text:_ti_sysbios_family_c28_Hwi_startup__E)
                  0008d064    00000004     sysbios.a28FP : BIOS.obj (.text:_ti_sysbios_heaps_HeapMem_isBlocking__E)
                  0008d068    00000004                   : BIOS.obj (.text:_ti_sysbios_knl_Swi_startup__E)
                  0008d06c    00000004     ti.targets.rts2800.a28FP : Memory.o28FP (.text:_xdc_runtime_Memory_getMaxDefaultTypeAlign__E)
                  0008d070    00000003     SE420_NonColocalBeam_p28FP.o28FP (.text:.bootCodeSection:_ti_catalog_c2800_initF2837x_Boot_limpAbort)
                  0008d073    00000003     ti.targets.rts2800.a28FP : xdc_noinit.o28FP (.text:___xdc__init)
                  0008d076    00000003     SE420_NonColocalBeam_p28FP.o28FP (.text:_ti_sysbios_family_c28_Hwi_Module__startupDone__S)
                  0008d079    00000003     SE420_NonColocalBeam_p28FP.o28FP (.text:_ti_sysbios_family_c28_Timer_Module__startupDone__S)
                  0008d07c    00000003     sysbios.a28FP : BIOS.obj (.text:_ti_sysbios_gates_GateHwi_leave__E)
                  0008d07f    00000003     SE420_NonColocalBeam_p28FP.o28FP (.text:_ti_sysbios_hal_Hwi_HwiProxy_Module__startupDone__S)
                  0008d082    00000003     SE420_NonColocalBeam_p28FP.o28FP (.text:_ti_sysbios_hal_Hwi_HwiProxy_startup__E)
                  0008d085    00000003     SE420_NonColocalBeam_p28FP.o28FP (.text:_ti_sysbios_hal_Hwi_HwiProxy_switchFromBootStack__E)
                  0008d088    00000003     sysbios.a28FP : BIOS.obj (.text:_ti_sysbios_hal_Hwi_startup__E)
                  0008d08b    00000003     SE420_NonColocalBeam_p28FP.o28FP (.text:_ti_sysbios_knl_Clock_TimerProxy_Module__startupDone__S)
                  0008d08e    00000003     sysbios.a28FP : BIOS.obj (.text:_ti_sysbios_knl_Idle_loop__E)
                  0008d091    00000003                   : BIOS.obj (.text:_ti_sysbios_knl_Queue_Instance_init__E)
                  0008d094    00000003     SE420_NonColocalBeam_p28FP.o28FP (.text:_ti_sysbios_knl_Task_SupportProxy_Module__startupDone__S)
                  0008d097    00000003     sysbios.a28FP : BIOS.obj (.text:_ti_sysbios_knl_Task_startup__E)
                  0008d09a    00000003     SE420_NonColocalBeam_p28FP.o28FP (.text:_xdc_runtime_Startup_reset__I)
                  0008d09d    00000003     ti.targets.rts2800.a28FP : System.o28FP (.text:_xdc_runtime_System_Module_startup__E)
                  0008d0a0    00000003     SE420_NonColocalBeam_p28FP.o28FP (.text:_xdc_runtime_System_SupportProxy_ready__E)
                  0008d0a3    00000003     ti.targets.rts2800.a28FP : System.o28FP (.text:_xdc_runtime_System_abortStd__E)
                  0008d0a6    00000003                              : System.o28FP (.text:_xdc_runtime_System_exitStd__E)
                  0008d0a9    00000002     SE420_NonColocalBeam_p28FP.o28FP (.text:_ti_sysbios_family_c28_TaskSupport_Module__startupDone__S)
                  0008d0ab    00000002     sysbios.a28FP : BIOS.obj (.text:_ti_sysbios_family_c28_Timer_getMaxTicks__E)
                  0008d0ad    00000002                   : BIOS.obj (.text:_ti_sysbios_gates_GateHwi_query__E)
                  0008d0af    00000002                   : BIOS.obj (.text:_ti_sysbios_gates_GateMutex_query__E)
                  0008d0b1    00000002     ti.targets.rts2800.a28FP : Error.o28FP (.text:_xdc_runtime_Error_getSite__E)
                  0008d0b3    00000001     SE420_NonColocalBeam_p28FP.o28FP (.text:_ti_sysbios_BIOS_nullFunc__I)
                  0008d0b4    00000001     sysbios.a28FP : c28_Hwi_asm.obj (.text:_ti_sysbios_family_c28_Hwi_interruptReturn__I)
                  0008d0b5    00000001                   : BIOS.obj (.text:_ti_sysbios_gates_GateHwi_Instance_init__E)

Cla1RegsFile 
*          1    00001400    0000003c     UNINITIALIZED
                  00001400    0000003c     F2837xS_GlobalVariableDefs.obj (Cla1RegsFile)

.stack     1    00008000    00000c00     UNINITIALIZED
                  00008000    00000c00     --HOLE--

.ebss      1    0000c000    00004c00     UNINITIALIZED
                  0000c000    00002f30     f28377sSerial.obj (.ebss)
                  0000ef30    00000008     rts2800_fpu32.lib : hostopen.obj (.ebss)
                  0000ef38    00000006                       : exit.obj (.ebss)
                  0000ef3e    00000002                       : _lock.obj (.ebss:__lock)
                  0000ef40    00001103     SE420_NonColocalBeam_p28FP.o28FP (.ebss:taskStackSection)
                  00010043    00000001     rts2800_fpu32.lib : errno.obj (.ebss)
                  00010044    00000014     f28377sEqep.obj (.ebss)
                  00010058    00000002     rts2800_fpu32.lib : _lock.obj (.ebss:__unlock)
                  0001005a    00000026     --HOLE--
                  00010080    00000980     SE420_NonColocalBeam_p28FP.o28FP (.ebss)
                  00010a00    00000200     user_SE420_NonColocalBeam.obj (.ebss)

.cio       1    00008c00    00000120     UNINITIALIZED
                  00008c00    00000120     rts2800_fpu32.lib : trgmsg.obj (.cio)

.my_vars   1    00010c00    00000002     UNINITIALIZED
                  00010c00    00000002     user_SE420_NonColocalBeam.obj (.my_vars)

GETBUFFER 
*          0    0003f800    00000000     DSECT

GETWRITEIDX 
*          0    0003f800    00000000     DSECT

PUTREADIDX 
*          0    0003f800    00000000     DSECT

PieVectTableFile 
*          0    00000d00    000001c0     DSECT
                  00000d00    000001c0     F2837xS_GlobalVariableDefs.obj (PieVectTableFile)

EmuKeyVar 
*          0    00000d00    00000001     DSECT
                  00000d00    00000001     F2837xS_GlobalVariableDefs.obj (EmuKeyVar)

EmuBModeVar 
*          0    00000d01    00000001     DSECT
                  00000d01    00000001     F2837xS_GlobalVariableDefs.obj (EmuBModeVar)

FlashCallbackVar 
*          0    00000d02    00000000     DSECT

FlashScalingVar 
*          0    00000d02    00000000     DSECT

AdcaResultFile 
*          1    00000b00    00000018     UNINITIALIZED
                  00000b00    00000018     F2837xS_GlobalVariableDefs.obj (AdcaResultFile)

AdcbResultFile 
*          1    00000b20    00000018     UNINITIALIZED
                  00000b20    00000018     F2837xS_GlobalVariableDefs.obj (AdcbResultFile)

AdccResultFile 
*          1    00000b40    00000018     UNINITIALIZED
                  00000b40    00000018     F2837xS_GlobalVariableDefs.obj (AdccResultFile)

AdcdResultFile 
*          1    00000b60    00000018     UNINITIALIZED
                  00000b60    00000018     F2837xS_GlobalVariableDefs.obj (AdcdResultFile)

CpuTimer0RegsFile 
*          1    00000c00    00000008     UNINITIALIZED
                  00000c00    00000008     F2837xS_GlobalVariableDefs.obj (CpuTimer0RegsFile)

CpuTimer1RegsFile 
*          1    00000c08    00000008     UNINITIALIZED
                  00000c08    00000008     F2837xS_GlobalVariableDefs.obj (CpuTimer1RegsFile)

CpuTimer2RegsFile 
*          1    00000c10    00000008     UNINITIALIZED
                  00000c10    00000008     F2837xS_GlobalVariableDefs.obj (CpuTimer2RegsFile)

PieCtrlRegsFile 
*          1    00000ce0    0000001a     UNINITIALIZED
                  00000ce0    0000001a     F2837xS_GlobalVariableDefs.obj (PieCtrlRegsFile)

DmaRegsFile 
*          1    00001000    000000e0     UNINITIALIZED
                  00001000    000000e0     F2837xS_GlobalVariableDefs.obj (DmaRegsFile)

EPwm1RegsFile 
*          1    00004000    00000100     UNINITIALIZED
                  00004000    00000100     F2837xS_GlobalVariableDefs.obj (EPwm1RegsFile)

EPwm2RegsFile 
*          1    00004100    00000100     UNINITIALIZED
                  00004100    00000100     F2837xS_GlobalVariableDefs.obj (EPwm2RegsFile)

EPwm3RegsFile 
*          1    00004200    00000100     UNINITIALIZED
                  00004200    00000100     F2837xS_GlobalVariableDefs.obj (EPwm3RegsFile)

EPwm4RegsFile 
*          1    00004300    00000100     UNINITIALIZED
                  00004300    00000100     F2837xS_GlobalVariableDefs.obj (EPwm4RegsFile)

EPwm5RegsFile 
*          1    00004400    00000100     UNINITIALIZED
                  00004400    00000100     F2837xS_GlobalVariableDefs.obj (EPwm5RegsFile)

EPwm6RegsFile 
*          1    00004500    00000100     UNINITIALIZED
                  00004500    00000100     F2837xS_GlobalVariableDefs.obj (EPwm6RegsFile)

EPwm7RegsFile 
*          1    00004600    00000100     UNINITIALIZED
                  00004600    00000100     F2837xS_GlobalVariableDefs.obj (EPwm7RegsFile)

EPwm8RegsFile 
*          1    00004700    00000100     UNINITIALIZED
                  00004700    00000100     F2837xS_GlobalVariableDefs.obj (EPwm8RegsFile)

EPwm9RegsFile 
*          1    00004800    00000100     UNINITIALIZED
                  00004800    00000100     F2837xS_GlobalVariableDefs.obj (EPwm9RegsFile)

EPwm10RegsFile 
*          1    00004900    00000100     UNINITIALIZED
                  00004900    00000100     F2837xS_GlobalVariableDefs.obj (EPwm10RegsFile)

EPwm11RegsFile 
*          1    00004a00    00000100     UNINITIALIZED
                  00004a00    00000100     F2837xS_GlobalVariableDefs.obj (EPwm11RegsFile)

EPwm12RegsFile 
*          1    00004b00    00000100     UNINITIALIZED
                  00004b00    00000100     F2837xS_GlobalVariableDefs.obj (EPwm12RegsFile)

ECap1RegsFile 
*          1    00005000    00000020     UNINITIALIZED
                  00005000    00000020     F2837xS_GlobalVariableDefs.obj (ECap1RegsFile)

ECap2RegsFile 
*          1    00005020    00000020     UNINITIALIZED
                  00005020    00000020     F2837xS_GlobalVariableDefs.obj (ECap2RegsFile)

ECap3RegsFile 
*          1    00005040    00000020     UNINITIALIZED
                  00005040    00000020     F2837xS_GlobalVariableDefs.obj (ECap3RegsFile)

ECap4RegsFile 
*          1    00005060    00000020     UNINITIALIZED
                  00005060    00000020     F2837xS_GlobalVariableDefs.obj (ECap4RegsFile)

ECap5RegsFile 
*          1    00005080    00000020     UNINITIALIZED
                  00005080    00000020     F2837xS_GlobalVariableDefs.obj (ECap5RegsFile)

ECap6RegsFile 
*          1    000050a0    00000020     UNINITIALIZED
                  000050a0    00000020     F2837xS_GlobalVariableDefs.obj (ECap6RegsFile)

EQep1RegsFile 
*          1    00005100    00000022     UNINITIALIZED
                  00005100    00000022     F2837xS_GlobalVariableDefs.obj (EQep1RegsFile)

EQep2RegsFile 
*          1    00005140    00000022     UNINITIALIZED
                  00005140    00000022     F2837xS_GlobalVariableDefs.obj (EQep2RegsFile)

EQep3RegsFile 
*          1    00005180    00000022     UNINITIALIZED
                  00005180    00000022     F2837xS_GlobalVariableDefs.obj (EQep3RegsFile)

DacaRegsFile 
*          1    00005c00    00000008     UNINITIALIZED
                  00005c00    00000008     F2837xS_GlobalVariableDefs.obj (DacaRegsFile)

DacbRegsFile 
*          1    00005c10    00000008     UNINITIALIZED
                  00005c10    00000008     F2837xS_GlobalVariableDefs.obj (DacbRegsFile)

DaccRegsFile 
*          1    00005c20    00000008     UNINITIALIZED
                  00005c20    00000008     F2837xS_GlobalVariableDefs.obj (DaccRegsFile)

Sdfm1RegsFile 
*          1    00005e00    00000080     UNINITIALIZED
                  00005e00    00000080     F2837xS_GlobalVariableDefs.obj (Sdfm1RegsFile)

Sdfm2RegsFile 
*          1    00005e80    00000080     UNINITIALIZED
                  00005e80    00000080     F2837xS_GlobalVariableDefs.obj (Sdfm2RegsFile)

McbspaRegsFile 
*          1    00006000    00000024     UNINITIALIZED
                  00006000    00000024     F2837xS_GlobalVariableDefs.obj (McbspaRegsFile)

McbspbRegsFile 
*          1    00006040    00000024     UNINITIALIZED
                  00006040    00000024     F2837xS_GlobalVariableDefs.obj (McbspbRegsFile)

SpiaRegsFile 
*          1    00006100    00000010     UNINITIALIZED
                  00006100    00000010     F2837xS_GlobalVariableDefs.obj (SpiaRegsFile)

SpibRegsFile 
*          1    00006110    00000010     UNINITIALIZED
                  00006110    00000010     F2837xS_GlobalVariableDefs.obj (SpibRegsFile)

SpicRegsFile 
*          1    00006120    00000010     UNINITIALIZED
                  00006120    00000010     F2837xS_GlobalVariableDefs.obj (SpicRegsFile)

UppRegsFile 
*          1    00006200    00000048     UNINITIALIZED
                  00006200    00000048     F2837xS_GlobalVariableDefs.obj (UppRegsFile)

WdRegsFile 
*          1    00007000    0000002b     UNINITIALIZED
                  00007000    0000002b     F2837xS_GlobalVariableDefs.obj (WdRegsFile)

NmiIntruptRegsFile 
*          1    00007060    00000007     UNINITIALIZED
                  00007060    00000007     F2837xS_GlobalVariableDefs.obj (NmiIntruptRegsFile)

XintRegsFile 
*          1    00007070    0000000b     UNINITIALIZED
                  00007070    0000000b     F2837xS_GlobalVariableDefs.obj (XintRegsFile)

SciaRegsFile 
*          1    00007200    00000010     UNINITIALIZED
                  00007200    00000010     F2837xS_GlobalVariableDefs.obj (SciaRegsFile)

ScibRegsFile 
*          1    00007210    00000010     UNINITIALIZED
                  00007210    00000010     F2837xS_GlobalVariableDefs.obj (ScibRegsFile)

ScicRegsFile 
[...]
0     0008cfc9  _xdc_runtime_System_Module_GateProxy_leave__E             
0     0008cfd0  _ti_sysbios_BIOS_RtsGateProxy_enter__E                    
0     0008cfd6  _ti_sysbios_BIOS_start__E                                 
0     0008cfdc  _ti_sysbios_family_c28_IntrinsicsSupport_maxbit__E        
0     0008cfe2  _ti_sysbios_heaps_HeapMem_Module_GateProxy_enter__E       
0     0008cfe8  _ti_sysbios_heaps_HeapMem_Module_GateProxy_query__E       
0     0008cfee  _ti_sysbios_knl_Clock_TimerProxy_getMaxTicks__E           
0     0008cff4  _ti_sysbios_knl_Queue_destruct                            
0     0008cffa  _ti_sysbios_knl_Semaphore_destruct                        
0     0008d000  _ti_sysbios_knl_Swi_disable__E                            
0     0008d006  _ti_sysbios_knl_Task_disable__E                           
0     0008d00c  _xdc_runtime_Gate_enterSystem__E                          
0     0008d012  _xdc_runtime_Gate_leaveSystem__E                          
0     0008d018  _xdc_runtime_LoggerBuf_Module_GateProxy_enter__E          
0     0008d01e  _xdc_runtime_LoggerBuf_TimestampProxy_get64__E            
0     0008d024  _xdc_runtime_LoggerBuf_enable__E                          
0     0008d02a  _xdc_runtime_System_Module_GateProxy_enter__E             
0     0008d030  _xdc_runtime_System_SupportProxy_abort__E                 
0     0008d036  _xdc_runtime_System_SupportProxy_exit__E                  
0     0008d03c  _xdc_runtime_System_SupportProxy_putch__E                 
0     0008d042  _ti_sysbios_family_c28_Hwi_switchFromBootStack__E         
0     0008d047  _ti_sysbios_gates_GateHwi_enter__E                        
0     0008d051  _xdc_runtime_Error_init__E                                
0     0008d056  _xdc_runtime_LoggerBuf_disable__E                         
0     0008d05b  _strcpy                                                   
0     0008d060  _ti_sysbios_family_c28_Hwi_startup__E                     
0     0008d064  _ti_sysbios_heaps_HeapMem_isBlocking__E                   
0     0008d068  _ti_sysbios_knl_Swi_startup__E                            
0     0008d06c  _xdc_runtime_Memory_getMaxDefaultTypeAlign__E             
0     0008d070  _ti_catalog_c2800_initF2837x_Boot_limpAbort               
0     0008d073  ___xdc__init                                              
0     0008d076  _ti_sysbios_family_c28_Hwi_Module__startupDone__S         
0     0008d079  _ti_sysbios_family_c28_Timer_Module__startupDone__S       
0     0008d07c  _ti_sysbios_gates_GateHwi_leave__E                        
0     0008d07f  _ti_sysbios_hal_Hwi_HwiProxy_Module__startupDone__S       
0     0008d082  _ti_sysbios_hal_Hwi_HwiProxy_startup__E                   
0     0008d085  _ti_sysbios_hal_Hwi_HwiProxy_switchFromBootStack__E       
0     0008d088  _ti_sysbios_hal_Hwi_startup__E                            
0     0008d08b  _ti_sysbios_knl_Clock_TimerProxy_Module__startupDone__S   
0     0008d08e  _ti_sysbios_knl_Idle_loop__E                              
0     0008d091  _ti_sysbios_knl_Queue_Instance_init__E                    
0     0008d094  _ti_sysbios_knl_Task_SupportProxy_Module__startupDone__S  
0     0008d097  _ti_sysbios_knl_Task_startup__E                           
0     0008d09a  _xdc_runtime_Startup_reset__I                             
0     0008d09d  _xdc_runtime_System_Module_startup__E                     
0     0008d0a0  _xdc_runtime_System_SupportProxy_ready__E                 
0     0008d0a3  _xdc_runtime_System_abortStd__E                           
0     0008d0a6  _xdc_runtime_System_exitStd__E                            
0     0008d0a9  _ti_sysbios_family_c28_TaskSupport_Module__startupDone__S 
0     0008d0ab  _ti_sysbios_family_c28_Timer_getMaxTicks__E               
0     0008d0ad  _ti_sysbios_gates_GateHwi_query__E                        
0     0008d0af  _ti_sysbios_gates_GateMutex_query__E                      
0     0008d0b1  _xdc_runtime_Error_getSite__E                             
0     0008d0b3  _ti_sysbios_BIOS_nullFunc__I                              
0     0008d0b4  _ti_sysbios_family_c28_Hwi_interruptReturn__I             
0     0008d0b5  _ti_sysbios_gates_GateHwi_Instance_init__E                
0     0008d0b6  ___etext__                                                
0     0008d0b6  etext                                                     
1     00000b00  _AdcaResultRegs                                           
1     00000b20  _AdcbResultRegs                                           
1     00000b40  _AdccResultRegs                                           
1     00000b60  _AdcdResultRegs                                           
1     00000c00  _CpuTimer0Regs                                            
1     00000c08  _CpuTimer1Regs                                            
1     00000c10  _CpuTimer2Regs                                            
1     00000ce0  _PieCtrlRegs                                              
1     00001000  _DmaRegs                                                  
1     00001400  _Cla1Regs                                                 
1     00004000  _EPwm1Regs                                                
1     00004100  _EPwm2Regs                                                
1     00004200  _EPwm3Regs                                                
1     00004300  _EPwm4Regs                                                
1     00004400  _EPwm5Regs                                                
1     00004500  _EPwm6Regs                                                
1     00004600  _EPwm7Regs                                                
1     00004700  _EPwm8Regs                                                
1     00004800  _EPwm9Regs                                                
1     00004900  _EPwm10Regs                                               
1     00004a00  _EPwm11Regs                                               
1     00004b00  _EPwm12Regs                                               
1     00005000  _ECap1Regs                                                
1     00005020  _ECap2Regs                                                
1     00005040  _ECap3Regs                                                
1     00005060  _ECap4Regs                                                
1     00005080  _ECap5Regs                                                
1     000050a0  _ECap6Regs                                                
1     00005100  _EQep1Regs                                                
1     00005140  _EQep2Regs                                                
1     00005180  _EQep3Regs                                                
1     00005c00  _DacaRegs                                                 
1     00005c10  _DacbRegs                                                 
1     00005c20  _DaccRegs                                                 
1     00005c80  _Cmpss1Regs                                               
1     00005ca0  _Cmpss2Regs                                               
1     00005cc0  _Cmpss3Regs                                               
1     00005ce0  _Cmpss4Regs                                               
1     00005d00  _Cmpss5Regs                                               
1     00005d20  _Cmpss6Regs                                               
1     00005d40  _Cmpss7Regs                                               
1     00005d60  _Cmpss8Regs                                               
1     00005e00  _Sdfm1Regs                                                
1     00005e80  _Sdfm2Regs                                                
1     00006000  _McbspaRegs                                               
1     00006040  _McbspbRegs                                               
1     00006100  _SpiaRegs                                                 
1     00006110  _SpibRegs                                                 
1     00006120  _SpicRegs                                                 
1     00006200  _UppRegs                                                  
1     00007000  _WdRegs                                                   
1     00007060  _NmiIntruptRegs                                           
1     00007070  _XintRegs                                                 
1     00007200  _SciaRegs                                                 
1     00007210  _ScibRegs                                                 
1     00007220  _ScicRegs                                                 
1     00007230  _ScidRegs                                                 
1     00007300  _I2caRegs                                                 
1     00007340  _I2cbRegs                                                 
1     00007400  _AdcaRegs                                                 
1     00007480  _AdcbRegs                                                 
1     00007500  _AdccRegs                                                 
1     00007580  _AdcdRegs                                                 
1     00007900  _InputXbarRegs                                            
1     00007920  _XbarRegs                                                 
1     00007940  _TrigRegs                                                 
1     00007980  _DmaClaSrcSelRegs                                         
1     00007a00  _EPwmXbarRegs                                             
1     00007a80  _OutputXbarRegs                                           
1     00007c00  _GpioCtrlRegs                                             
1     00007f00  _GpioDataRegs                                             
1     00008000  __stack                                                   
1     00008c00  __CIOBUF_                                                 
1     00008c00  __STACK_END                                               
1     0000c000  _SerialB                                                  
1     0000cfc0  _SerialA                                                  
1     0000df80  _SerialC                                                  
1     0000ef30  _parmbuf                                                  
1     0000ef38  ___TI_enable_exit_profile_output                          
1     0000ef3a  ___TI_cleanup_ptr                                         
1     0000ef3c  ___TI_dtors_ptr                                           
1     0000ef3e  __lock                                                    
1     0000ef40  _ti_sysbios_knl_Task_Instance_State_0_stack__A            
1     0000f040  _ti_sysbios_heaps_HeapMem_Instance_State_0_buf__A         
1     00010043  _errno                                                    
1     00010044  _eqep1                                                    
1     0001004e  _eqep3                                                    
1     00010058  __unlock                                                  
1     00010080  _xdc_runtime_Error_Module__state__V                       
1     00010082  _ti_sysbios_knl_Task_Module_State_0_idleTask__A           
1     00010084  _xdc_runtime_Memory_Module__state__V                      
1     00010086  ___xdc__init__addr                                        
1     00010088  _ti_sysbios_gates_GateHwi_Object__table__V                
1     0001008a  _xdc_runtime_LoggerBuf_Module__state__V                   
1     0001008e  _xdc_runtime_Registry_Module__state__V                    
1     00010092  _ti_sysbios_gates_GateHwi_Module__root__V                 
1     00010096  _xdc_runtime_LoggerBuf_Module__root__V                    
1     0001009a  _ti_sysbios_knl_Semaphore_Module__root__V                 
1     0001009e  _ti_sysbios_knl_Swi_Module__root__V                       
1     000100a2  _xdc_runtime_SysMin_Module__state__V                      
1     000100a6  _ti_sysbios_knl_Event_Module__root__V                     
1     000100aa  _ti_sysbios_family_c28_Timer_Module__root__V              
1     000100ae  _ti_sysbios_knl_Queue_Module__root__V                     
1     000100b2  _ti_sysbios_gates_GateMutex_Module__root__V               
1     000100b6  _ti_sysbios_knl_Clock_Module__root__V                     
1     000100ba  _ti_sysbios_hal_Hwi_Module__root__V                       
1     000100c0  _ti_sysbios_family_c28_Hwi_Module__root__V                
1     000100c4  _xdc_runtime_Text_Module__state__V                        
1     000100c8  _xdc_runtime_Startup_Module__state__V                     
1     000100cc  _xdc_runtime_System_Module__state__V                      
1     000100d0  _ti_sysbios_heaps_HeapMem_Module__root__V                 
1     000100d4  _ti_sysbios_knl_Task_Module__root__V                      
1     000100d8  _ti_sysbios_knl_Mailbox_Module__root__V                   
1     000100dc  _ti_sysbios_family_c28_Timer_Module__state__V             
1     000100e4  _ti_sysbios_heaps_HeapMem_Object__table__V                
1     000100f0  _ti_sysbios_knl_Swi_Module__state__V                      
1     00010100  _ti_sysbios_family_c28_Hwi_Module__state__V               
1     00010110  _ti_sysbios_knl_Clock_Object__table__V                    
1     00010120  _xdc_runtime_System_Module_State_0_atexitHandlers__A      
1     00010140  _xdc_runtime_LoggerBuf_Object__table__V                   
1     00010152  _ti_sysbios_BIOS_Module__state__V                         
1     00010164  _ti_sysbios_knl_Swi_Object__table__V                      
1     00010180  _ti_sysbios_knl_Clock_Module__state__V                    
1     00010196  _ti_sysbios_family_c28_Timer_Object__table__V             
1     000101c0  _ti_sysbios_gates_GateMutex_Object__table__V              
1     000101dc  _ti_sysbios_knl_Task_Module__state__V                     
1     00010200  _ti_sysbios_knl_Task_Object__table__V                     
1     00010240  _ti_sysbios_knl_Swi_Module_State_0_readyQ__A              
1     00010280  _ti_sysbios_knl_Task_Module_State_0_readyQ__A             
1     000102c0  _ti_sysbios_family_c28_Hwi_Object__table__V               
1     00010340  _xdc_runtime_LoggerBuf_Instance_State_0_entryArr__A       
1     00010440  _ti_sysbios_family_c28_Hwi_Module_State_0_dispatchTable__A
1     00010600  _xdc_runtime_SysMin_Module_State_0_outbuf__A              
1     00010a00  _Main_memcount                                            
1     00010a01  _Main_j                                                   
1     00010a02  _SIMU_Var1_fromSIMU_16bit                                 
1     00010a03  _SIMU_Var2_fromSIMU_16bit                                 
1     00010a04  _Main_i                                                   
1     00010a05  _UARTbeginnewdata                                         
1     00010a06  _UARTdatacollect                                          
1     00010a07  _UARTsensordatatimeouterror                               
1     00010a08  _Main_sendingarray                                        
1     00010a09  _SIMU_databyte1                                           
1     00010a0a  _UARTtransmissionerror                                    
1     00010a0b  _SIMU_Var7_fromSIMU_16bit                                 
1     00010a0c  _SIMU_Var6_fromSIMU_16bit                                 
1     00010a0d  _SIMU_beginnewdata                                        
1     00010a0e  _SIMU_Var2_toSIMU_16bit                                   
1     00010a0f  _SIMU_Var1_toSIMU_16bit                                   
1     00010a10  _SIMU_Tranaction_Type                                     
1     00010a11  _SIMU_Var3_fromSIMU_16bit                                 
1     00010a12  _UARTreceivelength                                        
1     00010a13  _SIMU_Var4_fromSIMU_16bit                                 
1     00010a14  _SIMU_checkfirstcommandbyte                               
1     00010a15  _SIMU_Var5_fromSIMU_16bit                                 
1     00010a16  _SIMU_datacollect                                         
1     00010a17  _adcb0result                                              
1     00010a18  _adcb1result                                              
1     00010a1a  _memloc                                                   
1     00010a1c  _SIMU_Var1_toSIMU_32bit                                   
1     00010a1e  _SIMU_Var2_toSIMU_32bit                                   
1     00010a20  _u1                                                       
1     00010a22  _Main_tempf                                               
1     00010a24  _u2                                                       
1     00010a26  _matlabLockshadow                                         
1     00010a28  _ptrmemloc                                                
1     00010a2a  _adcbresults                                              
1     00010a2e  _adcbvolts                                                
1     00010a40  _SIMU_TXrawbytes                                          
1     00010a4c  _Main_address                                             
1     00010a60  _Main_value                                               
1     00010a80  _UARTMessageArray                                         
1     00010b00  _Main_SendArray2                                          
1     00010b80  _Main_SendArray                                           
1     00010c00  _matlabLock                                               
1     00047000  _Emif1Regs                                                
1     00047800  _Emif2Regs                                                
1     0005d000  _DevCfgRegs                                               
1     0005d180  _AnalogSubsysRegs                                         
1     0005d200  _ClkCfgRegs                                               
1     0005d300  _CpuSysRegs                                               
1     0005e608  _RomPrefetchRegs                                          
1     0005f000  _DcsmZ1Regs                                               
1     0005f040  _DcsmZ2Regs                                               
1     0005f070  _DcsmCommonRegs                                           
1     0005f400  _MemCfgRegs                                               
1     0005f480  _Emif1ConfigRegs                                          
1     0005f4a0  _Emif2ConfigRegs                                          
1     0005f4c0  _AccessProtectionRegs                                     
1     0005f500  _MemoryErrorRegs                                          
1     0005f540  _RomWaitStateRegs                                         
1     0005f800  _Flash0CtrlRegs                                           
1     0005fb00  _Flash0EccRegs                                            
1     0005fc00  _Flash1CtrlRegs                                           
1     0005ff00  _Flash1EccRegs                                            
1     00078000  _DcsmZ1Otp                                                
1     00078200  _DcsmZ2Otp                                                
abs   00000001  _xdc_runtime_Startup__EXECFXN__C                          
abs   00000001  _xdc_runtime_Startup__RESETFXN__C                         
abs   000001bc  _RamfuncsLoadSize                                         
abs   000001bc  _RamfuncsRunSize                                          
abs   00000c00  __STACK_SIZE                                              
abs   ffffffff  ___TI_pprof_out_hndl                                      
abs   ffffffff  ___TI_prof_data_size                                      
abs   ffffffff  ___TI_prof_data_start                                     
abs   ffffffff  ___c_args__                                               
abs   ffffffff  ___pinit__                                                
abs   ffffffff  pinit                                                     

[824 symbols]
